TACC:  Starting up job 2475479 
TACC:  Starting parallel tasks... 

     Program DOS v.7.3 starts on 17Oct2025 at 23:15:22 

     This program is part of the open-source Quantum ESPRESSO suite
     for quantum simulation of materials; please cite
         "P. Giannozzi et al., J. Phys.:Condens. Matter 21 395502 (2009);
         "P. Giannozzi et al., J. Phys.:Condens. Matter 29 465901 (2017);
         "P. Giannozzi et al., J. Chem. Phys. 152 154105 (2020);
          URL http://www.quantum-espresso.org", 
     in publications or presentations arising from this work. More details at
     http://www.quantum-espresso.org/quote

     Parallel version (MPI & OpenMP), running on      10 processor cores
     Number of MPI processes:                10
     Threads/MPI process:                     1

     MPI processes distributed on     1 nodes
     R & G space division:  proc/nbgrp/npool/nimage =      10
     185677 MiB available memory on the printing compute node when the environment starts
 

     Reading xml data from directory:

     ./Si_bands.save/

     IMPORTANT: XC functional enforced from input :
     Exchange-correlation= PZ
                           (   1   1   0   0   0   0   0)
     Any further DFT definition will be discarded
     Please, verify this is what you really want

 
     Parallelization info
     --------------------
     sticks:   dense  smooth     PW     G-vecs:    dense   smooth      PW
     Min         106      28     10                 2326      313      73
     Max         107      29     11                 2330      316      76
     Sum        1069     283    109                23289     3143     749
 
     Using Slab Decomposition
 

     Gaussian broadening (default values): ngauss,degauss=   0    0.007350

 
     DOS          :      0.14s CPU      0.17s WALL

 
   This run was terminated on:  23:15:22  17Oct2025            

=------------------------------------------------------------------------------=
   JOB DONE.
=------------------------------------------------------------------------------=
TACC:  Shutdown complete. Exiting. 
