mkdir: cannot create directory ‘/work2/11018/zhc/stampede3/CaTiO3’: File exists
+ PREFIX=CTO_vc_PBE
+ PSEUDO_DIR=/scratch/11018/zhc/assisgnment1/CaTiO3/
+ INFILE=CTO_vc_PBE.in
+ OUTFILE=CTO_vc_PBE.out
+ cat
+ module purge
+ '[' -z '' ']'
+ case "$-" in
+ __lmod_sh_dbg=x
+ '[' -n x ']'
+ set +x
+ unset __lmod_sh_dbg
+ return 0
+ module load intel/24.0 impi/21.11
+ '[' -z '' ']'
+ case "$-" in
+ __lmod_sh_dbg=x
+ '[' -n x ']'
+ set +x
+ unset __lmod_sh_dbg
+ return 0
+ module load qe/7.3
+ '[' -z '' ']'
+ case "$-" in
+ __lmod_sh_dbg=x
+ '[' -n x ']'
+ set +x
+ unset __lmod_sh_dbg
+ return 0
+ module list
+ '[' -z '' ']'
+ case "$-" in
+ __lmod_sh_dbg=x
+ '[' -n x ']'
+ set +x

Currently Loaded Modules:
  1) intel/24.0   2) impi/21.11   3) qe/7.3

 

+ unset __lmod_sh_dbg
+ return 0
+ ibrun pw.x
+ rm '*.igk' '*.wfc*'
rm: cannot remove '*.igk': No such file or directory
rm: cannot remove '*.wfc*': No such file or directory
+ rm -r CTO_vc_PBE.save
+ mv /scratch/11018/zhc/cto_vc_relax /scratch/11018/zhc/results/Q4
+ cd /scratch/11018/zhc/assisgnment1/CaTiO3/Q4
+ mv slurm-2410902.err slurm-2410902.out /scratch/11018/zhc/results/Q4
+ echo 'Copying results to /work2/11018/zhc/stampede3/CaTiO3 to save after job is done'
+ cp -rp /scratch/11018/zhc/results/Q4 /work2/11018/zhc/stampede3/CaTiO3
++ date
++ hostname
+ echo 'End: Wed Sep 24 08:59:58 PM CDT 2025 on c454-023.stampede3.tacc.utexas.edu'
