mkdir: cannot create directory ‘/work2/11018/zhc/stampede3/qe_test’: File exists
+ PREFIX=pto_tetragonal_etam0p006
+ PSEUDO_DIR=/scratch/11018/zhc/assisgnment3/input_files/
+ INFILE=pto_tetragonal_etam0p006.in
+ OUTFILE=pto_tetragonal_etam0p006.out
+ cat
+ module purge
+ '[' -z '' ']'
+ case "$-" in
+ __lmod_sh_dbg=x
+ '[' -n x ']'
+ set +x
+ unset __lmod_sh_dbg
+ return 0
+ module load intel/24.0 impi/21.11
+ '[' -z '' ']'
+ case "$-" in
+ __lmod_sh_dbg=x
+ '[' -n x ']'
+ set +x
+ unset __lmod_sh_dbg
+ return 0
+ module load qe/7.3
+ '[' -z '' ']'
+ case "$-" in
+ __lmod_sh_dbg=x
+ '[' -n x ']'
+ set +x
+ unset __lmod_sh_dbg
+ return 0
+ module list
+ '[' -z '' ']'
+ case "$-" in
+ __lmod_sh_dbg=x
+ '[' -n x ']'
+ set +x

Currently Loaded Modules:
  1) intel/24.0   2) impi/21.11   3) qe/7.3

 

+ unset __lmod_sh_dbg
+ return 0
+ ibrun pw.x
forrtl: Stale file handle
forrtl: severe (30): open failure, unit 99, file ./CRASH
Image              PC                Routine            Line        Source             
pw.x               00000000010EF343  Unknown               Unknown  Unknown
pw.x               0000000000E2040D  Unknown               Unknown  Unknown
pw.x               00000000009FDF02  Unknown               Unknown  Unknown
pw.x               00000000005E1381  Unknown               Unknown  Unknown
pw.x               0000000000571DCC  Unknown               Unknown  Unknown
pw.x               000000000040B53D  Unknown               Unknown  Unknown
pw.x               000000000040B34D  Unknown               Unknown  Unknown
libc.so.6          0000153D5EC295D0  Unknown               Unknown  Unknown
libc.so.6          0000153D5EC29680  __libc_start_main     Unknown  Unknown
pw.x               000000000040B265  Unknown               Unknown  Unknown
rm: write error: Stale file handle
+ rm '*.igk' '*.wfc*' '*.xml'
rm: cannot remove '*.igk': Stale file handle
rm: cannot remove '*.wfc*': Stale file handle
rm: cannot remove '*.xml': Stale file handle
+ rm -r '*.save'
rm: cannot remove '*.save': Stale file handle
+ mv /scratch/11018/zhc/pto_tetragonal_etam0p006 /scratch/11018/zhc/PTO
mv: cannot stat '/scratch/11018/zhc/pto_tetragonal_etam0p006': No such file or directory
+ cd /scratch/11018/zhc/assisgnment3/Q3/Q3C/PTO_strain
+ mv slurm-2560476.err slurm-2560476.out /scratch/11018/zhc/PTO
mv: target '/scratch/11018/zhc/PTO' is not a directory
+ echo 'Copying results to /work2/11018/zhc/stampede3/qe_test to save after job is done'
+ cp -rp /scratch/11018/zhc/PTO /work2/11018/zhc/stampede3/qe_test
cp: cannot stat '/scratch/11018/zhc/PTO': No such file or directory
++ date
++ hostname
+ echo 'End: Mon Nov 17 08:35:09 PM CST 2025 on c454-011.stampede3.tacc.utexas.edu'
