mkdir: cannot create directory ‘/work2/11018/zhc/stampede3/qe_test’: File exists
+ PREFIX=pto_80
+ PSEUDO_DIR=/scratch/11018/zhc/assisgnment3/input_files/
+ INFILE=pto_80.in
+ OUTFILE=pto_80.out
+ cat
+ module purge
+ '[' -z '' ']'
+ case "$-" in
+ __lmod_sh_dbg=x
+ '[' -n x ']'
+ set +x
+ unset __lmod_sh_dbg
+ return 0
+ module load intel/24.0 impi/21.11
+ '[' -z '' ']'
+ case "$-" in
+ __lmod_sh_dbg=x
+ '[' -n x ']'
+ set +x
+ unset __lmod_sh_dbg
+ return 0
+ module load qe/7.3
+ '[' -z '' ']'
+ case "$-" in
+ __lmod_sh_dbg=x
+ '[' -n x ']'
+ set +x
+ unset __lmod_sh_dbg
+ return 0
+ module list
+ '[' -z '' ']'
+ case "$-" in
+ __lmod_sh_dbg=x
+ '[' -n x ']'
+ set +x

Currently Loaded Modules:
  1) intel/24.0   2) impi/21.11   3) qe/7.3

 

+ unset __lmod_sh_dbg
+ return 0
+ ibrun pw.x
