TACC:  Starting up job 2475503 
TACC:  Starting parallel tasks... 

     Program BANDS v.7.3 starts on 17Oct2025 at 23:26:42 

     This program is part of the open-source Quantum ESPRESSO suite
     for quantum simulation of materials; please cite
         "P. Giannozzi et al., J. Phys.:Condens. Matter 21 395502 (2009);
         "P. Giannozzi et al., J. Phys.:Condens. Matter 29 465901 (2017);
         "P. Giannozzi et al., J. Chem. Phys. 152 154105 (2020);
          URL http://www.quantum-espresso.org", 
     in publications or presentations arising from this work. More details at
     http://www.quantum-espresso.org/quote

     Parallel version (MPI & OpenMP), running on       4 processor cores
     Number of MPI processes:                 4
     Threads/MPI process:                     1

     MPI processes distributed on     1 nodes
     R & G space division:  proc/nbgrp/npool/nimage =       4
     186252 MiB available memory on the printing compute node when the environment starts
 

     Reading xml data from directory:

     ./Si_bands.save/

     IMPORTANT: XC functional enforced from input :
     Exchange-correlation= PZ
                           (   1   1   0   0   0   0   0)
     Any further DFT definition will be discarded
     Please, verify this is what you really want

 
     Parallelization info
     --------------------
     sticks:   dense  smooth     PW     G-vecs:    dense   smooth      PW
     Min         267      70     27                 5821      784     186
     Max         268      71     28                 5825      787     189
     Sum        1069     283    109                23289     3143     749
 
     Using Slab Decomposition
 
     Reading collected, re-writing distributed wavefunctions
     high-symmetry point: -0.5000 0.5000 0.5000   x coordinate   0.0000
     high-symmetry point:  0.0000 0.0000 0.0000   x coordinate   0.8660
     high-symmetry point: -1.0000-1.0000 1.0000   x coordinate   2.5981

     Plottable bands (eV) written to file Si.bandsplot.gnu
     Bands written to file Si.bandsplot

 **************************************************************************

                    xk=(  -0.50000,   0.50000,   0.50000  )

     zone border point and non-symmorphic group 
     symmetry decomposition not available

 **************************************************************************

 **************************************************************************

                    xk=(  -0.47500,   0.47500,   0.47500  )

     point group C_3v (3m)  
     there are  3 classes
     the character table:

       E     2C3   3s_v 
A_1    1.00  1.00  1.00
A_2    1.00  1.00 -1.00
E      2.00 -1.00  0.00

     the symmetry operations in each class and the name of the first element:

     E        1
                                                                 
     2C3      2    3
                                                                 
     3s_v     4    5    6
                                                                 

     Band symmetry, C_3v (3m)   point group:

     e(  1 -  1) =     -3.54296  eV     1   --> A_1  L_1       
     e(  2 -  2) =     -0.82748  eV     1   --> A_1  L_1       
     e(  3 -  4) =      4.99205  eV     2   --> E    L_3       
     e(  5 -  5) =      7.69632  eV     1   --> A_1  L_1       
     e(  6 -  7) =      9.50081  eV     2   --> E    L_3       
     e(  8 -  8) =     13.75624  eV     1   --> A_1  L_1       

 **************************************************************************

 **************************************************************************

                    xk=(  -0.45000,   0.45000,   0.45000  )

     Band symmetry, C_3v (3m)   point group:

     e(  1 -  1) =     -3.64553  eV     1   --> A_1  L_1       
     e(  2 -  2) =     -0.67803  eV     1   --> A_1  L_1       
     e(  3 -  4) =      5.00554  eV     2   --> E    L_3       
     e(  5 -  5) =      7.71192  eV     1   --> A_1  L_1       
     e(  6 -  7) =      9.51695  eV     2   --> E    L_3       
     e(  8 -  8) =     13.78146  eV     1   --> A_1  L_1       

 **************************************************************************

 **************************************************************************

                    xk=(  -0.42500,   0.42500,   0.42500  )

     Band symmetry, C_3v (3m)   point group:

     e(  1 -  1) =     -3.79516  eV     1   --> A_1  L_1       
     e(  2 -  2) =     -0.45035  eV     1   --> A_1  L_1       
     e(  3 -  4) =      5.02801  eV     2   --> E    L_3       
     e(  5 -  5) =      7.73787  eV     1   --> A_1  L_1       
     e(  6 -  7) =      9.54260  eV     2   --> E    L_3       
     e(  8 -  8) =     13.82137  eV     1   --> A_1  L_1       

 **************************************************************************

 **************************************************************************

                    xk=(  -0.40000,   0.40000,   0.40000  )

     Band symmetry, C_3v (3m)   point group:

     e(  1 -  1) =     -3.97300  eV     1   --> A_1  L_1       
     e(  2 -  2) =     -0.16377  eV     1   --> A_1  L_1       
     e(  3 -  4) =      5.05941  eV     2   --> E    L_3       
     e(  5 -  5) =      7.77228  eV     1   --> A_1  L_1       
     e(  6 -  7) =      9.57569  eV     2   --> E    L_3       
     e(  8 -  8) =     13.87149  eV     1   --> A_1  L_1       

 **************************************************************************

 **************************************************************************

                    xk=(  -0.37500,   0.37500,   0.37500  )

     Band symmetry, C_3v (3m)   point group:

     e(  1 -  1) =     -4.16436  eV     1   --> A_1  L_1       
     e(  2 -  2) =      0.16725  eV     1   --> A_1  L_1       
     e(  3 -  4) =      5.09975  eV     2   --> E    L_3       
     e(  5 -  5) =      7.81844  eV     1   --> A_1  L_1       
     e(  6 -  7) =      9.61338  eV     2   --> E    L_3       
     e(  8 -  8) =     13.92339  eV     1   --> A_1  L_1       

 **************************************************************************

 **************************************************************************

                    xk=(  -0.35000,   0.35000,   0.35000  )

     Band symmetry, C_3v (3m)   point group:

     e(  1 -  1) =     -4.35937  eV     1   --> A_1  L_1       
     e(  2 -  2) =      0.53239  eV     1   --> A_1  L_1       
     e(  3 -  4) =      5.14900  eV     2   --> E    L_3       
     e(  5 -  5) =      7.87525  eV     1   --> A_1  L_1       
     e(  6 -  7) =      9.65172  eV     2   --> E    L_3       
     e(  8 -  8) =     13.95694  eV     1   --> A_1  L_1       

 **************************************************************************

 **************************************************************************

                    xk=(  -0.32500,   0.32500,   0.32500  )

     Band symmetry, C_3v (3m)   point group:

     e(  1 -  1) =     -4.55173  eV     1   --> A_1  L_1       
     e(  2 -  2) =      0.92449  eV     1   --> A_1  L_1       
     e(  3 -  4) =      5.20682  eV     2   --> E    L_3       
     e(  5 -  5) =      7.94069  eV     1   --> A_1  L_1       
     e(  6 -  7) =      9.68477  eV     2   --> E    L_3       
     e(  8 -  8) =     13.92840  eV     1   --> A_1  L_1       

 **************************************************************************

 **************************************************************************

                    xk=(  -0.30000,   0.30000,   0.30000  )

     Band symmetry, C_3v (3m)   point group:

     e(  1 -  1) =     -4.73710  eV     1   --> A_1  L_1       
     e(  2 -  2) =      1.33876  eV     1   --> A_1  L_1       
     e(  3 -  4) =      5.27305  eV     2   --> E    L_3       
     e(  5 -  5) =      8.01511  eV     1   --> A_1  L_1       
     e(  6 -  7) =      9.70617  eV     2   --> E    L_3       
     e(  8 -  8) =     13.77357  eV     1   --> A_1  L_1       

 **************************************************************************

 **************************************************************************

                    xk=(  -0.27500,   0.27500,   0.27500  )

     Band symmetry, C_3v (3m)   point group:

     e(  1 -  1) =     -4.91257  eV     1   --> A_1  L_1       
     e(  2 -  2) =      1.77189  eV     1   --> A_1  L_1       
     e(  3 -  4) =      5.34734  eV     2   --> E    L_3       
     e(  5 -  5) =      8.09784  eV     1   --> A_1  L_1       
     e(  6 -  7) =      9.70863  eV     2   --> E    L_3       
     e(  8 -  8) =     13.48104  eV     1   --> A_1  L_1       

 **************************************************************************

 **************************************************************************

                    xk=(  -0.25000,   0.25000,   0.25000  )

     Band symmetry, C_3v (3m)   point group:

     e(  1 -  1) =     -5.07635  eV     1   --> A_1  L_1       
     e(  2 -  2) =      2.22001  eV     1   --> A_1  L_1       
     e(  3 -  4) =      5.42906  eV     2   --> E    L_3       
     e(  5 -  5) =      8.18778  eV     1   --> A_1  L_1       
     e(  6 -  7) =      9.68515  eV     2   --> E    L_3       
     e(  8 -  8) =     13.10520  eV     1   --> A_1  L_1       

 **************************************************************************

 **************************************************************************

                    xk=(  -0.22500,   0.22500,   0.22500  )

     Band symmetry, C_3v (3m)   point group:

     e(  1 -  1) =     -5.22692  eV     1   --> A_1  L_1       
     e(  2 -  2) =      2.68088  eV     1   --> A_1  L_1       
     e(  3 -  4) =      5.51742  eV     2   --> E    L_3       
     e(  5 -  5) =      8.28504  eV     1   --> A_1  L_1       
     e(  6 -  7) =      9.63127  eV     2   --> E    L_3       
     e(  8 -  8) =     12.69031  eV     1   --> A_1  L_1       

 **************************************************************************

 **************************************************************************

                    xk=(  -0.20000,   0.20000,   0.20000  )

     Band symmetry, C_3v (3m)   point group:

     e(  1 -  1) =     -5.36320  eV     1   --> A_1  L_1       
     e(  2 -  2) =      3.15131  eV     1   --> A_1  L_1       
     e(  3 -  4) =      5.61133  eV     2   --> E    L_3       
     e(  5 -  5) =      8.38482  eV     1   --> A_1  L_1       
     e(  6 -  7) =      9.54681  eV     2   --> E    L_3       
     e(  8 -  8) =     12.25667  eV     1   --> A_1  L_1       

 **************************************************************************

 **************************************************************************

                    xk=(  -0.17500,   0.17500,   0.17500  )

     Band symmetry, C_3v (3m)   point group:

     e(  1 -  1) =     -5.48491  eV     1   --> A_1  L_1       
     e(  2 -  2) =      3.62779  eV     1   --> A_1  L_1       
     e(  3 -  4) =      5.70901  eV     2   --> E    L_3       
     e(  5 -  5) =      8.48565  eV     1   --> A_1  L_1       
     e(  6 -  7) =      9.43569  eV     2   --> E    L_3       
     e(  8 -  8) =     11.81407  eV     1   --> A_1  L_1       

 **************************************************************************

 **************************************************************************

                    xk=(  -0.15000,   0.15000,   0.15000  )

     Band symmetry, C_3v (3m)   point group:

     e(  1 -  1) =     -5.59127  eV     1   --> A_1  L_1       
     e(  2 -  2) =      4.10585  eV     1   --> A_1  L_1       
     e(  3 -  4) =      5.80792  eV     2   --> E    L_3       
     e(  5 -  5) =      8.58380  eV     1   --> A_1  L_1       
     e(  6 -  7) =      9.30579  eV     2   --> E    L_3       
     e(  8 -  8) =     11.36824  eV     1   --> A_1  L_1       

 **************************************************************************

 **************************************************************************

                    xk=(  -0.12500,   0.12500,   0.12500  )

     Band symmetry, C_3v (3m)   point group:

     e(  1 -  1) =     -5.68154  eV     1   --> A_1  L_1       
     e(  2 -  2) =      4.57956  eV     1   --> A_1  L_1       
     e(  3 -  4) =      5.90569  eV     2   --> E    L_3       
     e(  5 -  5) =      8.67465  eV     1   --> A_1  L_1       
     e(  6 -  7) =      9.16867  eV     2   --> E    L_3       
     e(  8 -  8) =     10.93024  eV     1   --> A_1  L_1       

 **************************************************************************

 **************************************************************************

                    xk=(  -0.10000,   0.10000,   0.10000  )

     Band symmetry, C_3v (3m)   point group:

     e(  1 -  1) =     -5.75610  eV     1   --> A_1  L_1       
     e(  2 -  2) =      5.03883  eV     1   --> A_1  L_1       
     e(  3 -  4) =      5.99766  eV     2   --> E    L_3       
     e(  5 -  5) =      8.74857  eV     1   --> A_1  L_1       
     e(  6 -  7) =      9.03462  eV     2   --> E    L_3       
     e(  8 -  8) =     10.51055  eV     1   --> A_1  L_1       

 **************************************************************************

 **************************************************************************

                    xk=(  -0.07500,   0.07500,   0.07500  )

     Band symmetry, C_3v (3m)   point group:

     e(  1 -  1) =     -5.81441  eV     1   --> A_1  L_1       
     e(  2 -  2) =      5.46735  eV     1   --> A_1  L_1       
     e(  3 -  4) =      6.07904  eV     2   --> E    L_3       
     e(  5 -  5) =      8.79399  eV     1   --> A_1  L_1       
     e(  6 -  7) =      8.91472  eV     2   --> E    L_3       
     e(  8 -  8) =     10.13241  eV     1   --> A_1  L_1       

 **************************************************************************

 **************************************************************************

                    xk=(  -0.05000,   0.05000,   0.05000  )

     Band symmetry, C_3v (3m)   point group:

     e(  1 -  1) =     -5.85601  eV     1   --> A_1  L_1       
     e(  2 -  2) =      5.83734  eV     1   --> A_1  L_1       
     e(  3 -  4) =      6.14385  eV     2   --> E    L_3       
     e(  5 -  5) =      8.79753  eV     1   --> A_1  L_1       
     e(  6 -  7) =      8.81954  eV     2   --> E    L_3       
     e(  8 -  8) =      9.83360  eV     1   --> A_1  L_1       

 **************************************************************************

 **************************************************************************

                    xk=(  -0.02500,   0.02500,   0.02500  )

     Band symmetry, C_3v (3m)   point group:

     e(  1 -  1) =     -5.88101  eV     1   --> A_1  L_1       
     e(  2 -  2) =      6.10162  eV     1   --> A_1  L_1       
     e(  3 -  4) =      6.18580  eV     2   --> E    L_3       
     e(  5 -  6) =      8.75794  eV     2   --> E    L_3       
     e(  7 -  7) =      8.76182  eV     1   --> A_1  L_1       
     e(  8 -  8) =      9.65024  eV     1   --> A_1  L_1       

 **************************************************************************

 **************************************************************************

                    xk=(   0.00000,   0.00000,   0.00000  )

     point group O_h (m-3m) 
     there are 10 classes
     the character table:

       E     8C3   3C2   6C4   6C2'  i     8S6   3s_h  6S4   6s_d 
A_1g   1.00  1.00  1.00  1.00  1.00  1.00  1.00  1.00  1.00  1.00
A_2g   1.00  1.00  1.00 -1.00 -1.00  1.00  1.00  1.00 -1.00 -1.00
E_g    2.00 -1.00  2.00  0.00  0.00  2.00 -1.00  2.00  0.00  0.00
T_1g   3.00  0.00 -1.00  1.00 -1.00  3.00  0.00 -1.00  1.00 -1.00
T_2g   3.00  0.00 -1.00 -1.00  1.00  3.00  0.00 -1.00 -1.00  1.00
A_1u   1.00  1.00  1.00  1.00  1.00 -1.00 -1.00 -1.00 -1.00 -1.00
A_2u   1.00  1.00  1.00 -1.00 -1.00 -1.00 -1.00 -1.00  1.00  1.00
E_u    2.00 -1.00  2.00  0.00  0.00 -2.00  1.00 -2.00  0.00  0.00
T_1u   3.00  0.00 -1.00  1.00 -1.00 -3.00  0.00  1.00 -1.00  1.00
T_2u   3.00  0.00 -1.00 -1.00  1.00 -3.00  0.00  1.00  1.00 -1.00

     the symmetry operations in each class and the name of the first element:

     E        1
                                                                 
     8C3     17   19   20   18   24   21   22   23
                                                                 
     3C2      2    4    3
                                                                 
     6C4      7    8   15   16   12   11
                                                                 
     6C2'     5    6   14   13   10    9
                                                                 
     i       25
                                                                 
     8S6     41   43   44   42   48   45   46   47
                                                                 
     3s_h    26   28   27
                                                                 
     6S4     31   32   39   40   36   35
                                                                 
     6s_d    29   30   38   37   34   33
                                                                 

     Band symmetry, O_h (m-3m)  point group:

     e(  1 -  1) =     -5.88935  eV     1   --> A_1g G_1   G_1+
     e(  2 -  4) =      6.20042  eV     3   --> T_2g G_25' G_5+
     e(  5 -  7) =      8.73666  eV     3   --> T_1u G_15  G_4-
     e(  8 -  8) =      9.59273  eV     1   --> A_2u G_2'  G_2-

 **************************************************************************

 **************************************************************************

                    xk=(  -0.05000,  -0.05000,   0.05000  )

     point group C_3v (3m)  
     there are  3 classes
     the character table:

       E     2C3   3s_v 
A_1    1.00  1.00  1.00
A_2    1.00  1.00 -1.00
E      2.00 -1.00  0.00

     the symmetry operations in each class and the name of the first element:

     E        1
                                                                 
     2C3      2    3
                                                                 
     3s_v     4    5    6
                                                                 

     Band symmetry, C_3v (3m)   point group:

     e(  1 -  1) =     -5.85601  eV     1   --> A_1  L_1       
     e(  2 -  2) =      5.83734  eV     1   --> A_1  L_1       
     e(  3 -  4) =      6.14385  eV     2   --> E    L_3       
     e(  5 -  5) =      8.79753  eV     1   --> A_1  L_1       
     e(  6 -  7) =      8.81954  eV     2   --> E    L_3       
     e(  8 -  8) =      9.83360  eV     1   --> A_1  L_1       

 **************************************************************************

 **************************************************************************

                    xk=(  -0.10000,  -0.10000,   0.10000  )

     Band symmetry, C_3v (3m)   point group:

     e(  1 -  1) =     -5.75610  eV     1   --> A_1  L_1       
     e(  2 -  2) =      5.03883  eV     1   --> A_1  L_1       
     e(  3 -  4) =      5.99766  eV     2   --> E    L_3       
     e(  5 -  5) =      8.74857  eV     1   --> A_1  L_1       
     e(  6 -  7) =      9.03462  eV     2   --> E    L_3       
     e(  8 -  8) =     10.51055  eV     1   --> A_1  L_1       

 **************************************************************************

 **************************************************************************

                    xk=(  -0.15000,  -0.15000,   0.15000  )

     Band symmetry, C_3v (3m)   point group:

     e(  1 -  1) =     -5.59127  eV     1   --> A_1  L_1       
     e(  2 -  2) =      4.10585  eV     1   --> A_1  L_1       
     e(  3 -  4) =      5.80792  eV     2   --> E    L_3       
     e(  5 -  5) =      8.58380  eV     1   --> A_1  L_1       
     e(  6 -  7) =      9.30579  eV     2   --> E    L_3       
     e(  8 -  8) =     11.36824  eV     1   --> A_1  L_1       

 **************************************************************************

 **************************************************************************

                    xk=(  -0.20000,  -0.20000,   0.20000  )

     Band symmetry, C_3v (3m)   point group:

     e(  1 -  1) =     -5.36320  eV     1   --> A_1  L_1       
     e(  2 -  2) =      3.15131  eV     1   --> A_1  L_1       
     e(  3 -  4) =      5.61133  eV     2   --> E    L_3       
     e(  5 -  5) =      8.38482  eV     1   --> A_1  L_1       
     e(  6 -  7) =      9.54681  eV     2   --> E    L_3       
     e(  8 -  8) =     12.25667  eV     1   --> A_1  L_1       

 **************************************************************************

 **************************************************************************

                    xk=(  -0.25000,  -0.25000,   0.25000  )

     Band symmetry, C_3v (3m)   point group:

     e(  1 -  1) =     -5.07635  eV     1   --> A_1  L_1       
     e(  2 -  2) =      2.22001  eV     1   --> A_1  L_1       
     e(  3 -  4) =      5.42906  eV     2   --> E    L_3       
     e(  5 -  5) =      8.18778  eV     1   --> A_1  L_1       
     e(  6 -  7) =      9.68515  eV     2   --> E    L_3       
     e(  8 -  8) =     13.10520  eV     1   --> A_1  L_1       

 **************************************************************************

 **************************************************************************

                    xk=(  -0.30000,  -0.30000,   0.30000  )

     Band symmetry, C_3v (3m)   point group:

     e(  1 -  1) =     -4.73710  eV     1   --> A_1  L_1       
     e(  2 -  2) =      1.33876  eV     1   --> A_1  L_1       
     e(  3 -  4) =      5.27305  eV     2   --> E    L_3       
     e(  5 -  5) =      8.01511  eV     1   --> A_1  L_1       
     e(  6 -  7) =      9.70617  eV     2   --> E    L_3       
     e(  8 -  8) =     13.77357  eV     1   --> A_1  L_1       

 **************************************************************************

 **************************************************************************

                    xk=(  -0.35000,  -0.35000,   0.35000  )

     Band symmetry, C_3v (3m)   point group:

     e(  1 -  1) =     -4.35937  eV     1   --> A_1  L_1       
     e(  2 -  2) =      0.53239  eV     1   --> A_1  L_1       
     e(  3 -  4) =      5.14900  eV     2   --> E    L_3       
     e(  5 -  5) =      7.87525  eV     1   --> A_1  L_1       
     e(  6 -  7) =      9.65172  eV     2   --> E    L_3       
     e(  8 -  8) =     13.95694  eV     1   --> A_1  L_1       

 **************************************************************************

 **************************************************************************

                    xk=(  -0.40000,  -0.40000,   0.40000  )

     Band symmetry, C_3v (3m)   point group:

     e(  1 -  1) =     -3.97300  eV     1   --> A_1  L_1       
     e(  2 -  2) =     -0.16377  eV     1   --> A_1  L_1       
     e(  3 -  4) =      5.05941  eV     2   --> E    L_3       
     e(  5 -  5) =      7.77228  eV     1   --> A_1  L_1       
     e(  6 -  7) =      9.57569  eV     2   --> E    L_3       
     e(  8 -  8) =     13.87149  eV     1   --> A_1  L_1       

 **************************************************************************

 **************************************************************************

                    xk=(  -0.45000,  -0.45000,   0.45000  )

     Band symmetry, C_3v (3m)   point group:

     e(  1 -  1) =     -3.64553  eV     1   --> A_1  L_1       
     e(  2 -  2) =     -0.67803  eV     1   --> A_1  L_1       
     e(  3 -  4) =      5.00554  eV     2   --> E    L_3       
     e(  5 -  5) =      7.71192  eV     1   --> A_1  L_1       
     e(  6 -  7) =      9.51695  eV     2   --> E    L_3       
     e(  8 -  8) =     13.78146  eV     1   --> A_1  L_1       

 **************************************************************************

 **************************************************************************

                    xk=(  -0.50000,  -0.50000,   0.50000  )

     zone border point and non-symmorphic group 
     symmetry decomposition not available

 **************************************************************************

 **************************************************************************

                    xk=(  -0.55000,  -0.55000,   0.55000  )

     point group C_3v (3m)  
     there are  3 classes
     the character table:

       E     2C3   3s_v 
A_1    1.00  1.00  1.00
A_2    1.00  1.00 -1.00
E      2.00 -1.00  0.00

     the symmetry operations in each class and the name of the first element:

     E        1
                                                                 
     2C3      2    3
                                                                 
     3s_v     4    5    6
                                                                 

     Band symmetry, C_3v (3m)   point group:

     e(  1 -  1) =     -3.64553  eV     1   --> A_1  L_1       
     e(  2 -  2) =     -0.67803  eV     1   --> A_1  L_1       
     e(  3 -  4) =      5.00554  eV     2   --> E    L_3       
     e(  5 -  5) =      7.71192  eV     1   --> A_1  L_1       
     e(  6 -  7) =      9.51695  eV     2   --> E    L_3       
     e(  8 -  8) =     13.78146  eV     1   --> A_1  L_1       

 **************************************************************************

 **************************************************************************

                    xk=(  -0.60000,  -0.60000,   0.60000  )

     Band symmetry, C_3v (3m)   point group:

     e(  1 -  1) =     -3.97300  eV     1   --> A_1  L_1       
     e(  2 -  2) =     -0.16377  eV     1   --> A_1  L_1       
     e(  3 -  4) =      5.05941  eV     2   --> E    L_3       
     e(  5 -  5) =      7.77228  eV     1   --> A_1  L_1       
     e(  6 -  7) =      9.57569  eV     2   --> E    L_3       
     e(  8 -  8) =     13.87149  eV     1   --> A_1  L_1       

 **************************************************************************

 **************************************************************************

                    xk=(  -0.65000,  -0.65000,   0.65000  )

     Band symmetry, C_3v (3m)   point group:

     e(  1 -  1) =     -4.35937  eV     1   --> A_1  L_1       
     e(  2 -  2) =      0.53239  eV     1   --> A_1  L_1       
     e(  3 -  4) =      5.14900  eV     2   --> E    L_3       
     e(  5 -  5) =      7.87525  eV     1   --> A_1  L_1       
     e(  6 -  7) =      9.65172  eV     2   --> E    L_3       
     e(  8 -  8) =     13.95694  eV     1   --> A_1  L_1       

 **************************************************************************

 **************************************************************************

                    xk=(  -0.70000,  -0.70000,   0.70000  )

     Band symmetry, C_3v (3m)   point group:

     e(  1 -  1) =     -4.73710  eV     1   --> A_1  L_1       
     e(  2 -  2) =      1.33876  eV     1   --> A_1  L_1       
     e(  3 -  4) =      5.27305  eV     2   --> E    L_3       
     e(  5 -  5) =      8.01511  eV     1   --> A_1  L_1       
     e(  6 -  7) =      9.70617  eV     2   --> E    L_3       
     e(  8 -  8) =     13.77357  eV     1   --> A_1  L_1       

 **************************************************************************

 **************************************************************************

                    xk=(  -0.75000,  -0.75000,   0.75000  )

     Band symmetry, C_3v (3m)   point group:

     e(  1 -  1) =     -5.07635  eV     1   --> A_1  L_1       
     e(  2 -  2) =      2.22001  eV     1   --> A_1  L_1       
     e(  3 -  4) =      5.42906  eV     2   --> E    L_3       
     e(  5 -  5) =      8.18778  eV     1   --> A_1  L_1       
     e(  6 -  7) =      9.68515  eV     2   --> E    L_3       
     e(  8 -  8) =     13.10520  eV     1   --> A_1  L_1       

 **************************************************************************

 **************************************************************************

                    xk=(  -0.80000,  -0.80000,   0.80000  )

     Band symmetry, C_3v (3m)   point group:

     e(  1 -  1) =     -5.36320  eV     1   --> A_1  L_1       
     e(  2 -  2) =      3.15131  eV     1   --> A_1  L_1       
     e(  3 -  4) =      5.61133  eV     2   --> E    L_3       
     e(  5 -  5) =      8.38482  eV     1   --> A_1  L_1       
     e(  6 -  7) =      9.54681  eV     2   --> E    L_3       
     e(  8 -  8) =     12.25667  eV     1   --> A_1  L_1       

 **************************************************************************

 **************************************************************************

                    xk=(  -0.85000,  -0.85000,   0.85000  )

     Band symmetry, C_3v (3m)   point group:

     e(  1 -  1) =     -5.59127  eV     1   --> A_1  L_1       
     e(  2 -  2) =      4.10585  eV     1   --> A_1  L_1       
     e(  3 -  4) =      5.80792  eV     2   --> E    L_3       
     e(  5 -  5) =      8.58380  eV     1   --> A_1  L_1       
     e(  6 -  7) =      9.30579  eV     2   --> E    L_3       
     e(  8 -  8) =     11.36824  eV     1   --> A_1  L_1       

 **************************************************************************

 **************************************************************************

                    xk=(  -0.90000,  -0.90000,   0.90000  )

     Band symmetry, C_3v (3m)   point group:

     e(  1 -  1) =     -5.75610  eV     1   --> A_1  L_1       
     e(  2 -  2) =      5.03883  eV     1   --> A_1  L_1       
     e(  3 -  4) =      5.99766  eV     2   --> E    L_3       
     e(  5 -  5) =      8.74857  eV     1   --> A_1  L_1       
     e(  6 -  7) =      9.03462  eV     2   --> E    L_3       
     e(  8 -  8) =     10.51055  eV     1   --> A_1  L_1       

 **************************************************************************

 **************************************************************************

                    xk=(  -0.95000,  -0.95000,   0.95000  )

     Band symmetry, C_3v (3m)   point group:

     e(  1 -  1) =     -5.85601  eV     1   --> A_1  L_1       
     e(  2 -  2) =      5.83734  eV     1   --> A_1  L_1       
     e(  3 -  4) =      6.14385  eV     2   --> E    L_3       
     e(  5 -  5) =      8.79753  eV     1   --> A_1  L_1       
     e(  6 -  7) =      8.81954  eV     2   --> E    L_3       
     e(  8 -  8) =      9.83360  eV     1   --> A_1  L_1       

 **************************************************************************

 **************************************************************************

                    xk=(  -1.00000,  -1.00000,   1.00000  )

     zone border point and non-symmorphic group 
     symmetry decomposition not available

 **************************************************************************
 
     BANDS        :      0.82s CPU      1.01s WALL

 
   This run was terminated on:  23:26:43  17Oct2025            

=------------------------------------------------------------------------------=
   JOB DONE.
=------------------------------------------------------------------------------=
TACC:  Shutdown complete. Exiting. 
