TACC:  Starting up job 2483024 
TACC:  Starting parallel tasks... 

     Program BANDS v.7.3 starts on 20Oct2025 at 22:22:28 

     This program is part of the open-source Quantum ESPRESSO suite
     for quantum simulation of materials; please cite
         "P. Giannozzi et al., J. Phys.:Condens. Matter 21 395502 (2009);
         "P. Giannozzi et al., J. Phys.:Condens. Matter 29 465901 (2017);
         "P. Giannozzi et al., J. Chem. Phys. 152 154105 (2020);
          URL http://www.quantum-espresso.org", 
     in publications or presentations arising from this work. More details at
     http://www.quantum-espresso.org/quote

     Parallel version (MPI & OpenMP), running on      10 processor cores
     Number of MPI processes:                10
     Threads/MPI process:                     1

     MPI processes distributed on     1 nodes
     R & G space division:  proc/nbgrp/npool/nimage =      10
     186366 MiB available memory on the printing compute node when the environment starts
 

     Reading xml data from directory:

     ./BTO.save/

     IMPORTANT: XC functional enforced from input :
     Exchange-correlation= PZ
                           (   1   1   0   0   0   0   0)
     Any further DFT definition will be discarded
     Please, verify this is what you really want

 
     Parallelization info
     --------------------
     sticks:   dense  smooth     PW     G-vecs:    dense   smooth      PW
     Min         420     111     34                20624     2841     480
     Max         422     112     36                20626     2844     481
     Sum        4205    1117    349               206245    28425    4801
 
     Using Slab Decomposition
 

     Check: negative core charge=   -0.000001

     negative rho (up, down):  9.081E-02 0.000E+00
     Reading collected, re-writing distributed wavefunctions
     high-symmetry point:  0.5000 0.5000 0.5000   x coordinate   0.0000
     high-symmetry point:  0.0000 0.0000 0.0000   x coordinate   0.8660
     high-symmetry point:  1.0000 0.0000 0.0000   x coordinate   1.8660

     Plottable bands (eV) written to file Si.bandsplot.gnu
     Bands written to file Si.bandsplot

 **************************************************************************

                    xk=(   0.50000,   0.50000,   0.50000  )

     point group O_h (m-3m) 
     there are 10 classes
     the character table:

       E     8C3   3C2   6C4   6C2'  i     8S6   3s_h  6S4   6s_d 
A_1g   1.00  1.00  1.00  1.00  1.00  1.00  1.00  1.00  1.00  1.00
A_2g   1.00  1.00  1.00 -1.00 -1.00  1.00  1.00  1.00 -1.00 -1.00
E_g    2.00 -1.00  2.00  0.00  0.00  2.00 -1.00  2.00  0.00  0.00
T_1g   3.00  0.00 -1.00  1.00 -1.00  3.00  0.00 -1.00  1.00 -1.00
T_2g   3.00  0.00 -1.00 -1.00  1.00  3.00  0.00 -1.00 -1.00  1.00
A_1u   1.00  1.00  1.00  1.00  1.00 -1.00 -1.00 -1.00 -1.00 -1.00
A_2u   1.00  1.00  1.00 -1.00 -1.00 -1.00 -1.00 -1.00  1.00  1.00
E_u    2.00 -1.00  2.00  0.00  0.00 -2.00  1.00 -2.00  0.00  0.00
T_1u   3.00  0.00 -1.00  1.00 -1.00 -3.00  0.00  1.00 -1.00  1.00
T_2u   3.00  0.00 -1.00 -1.00  1.00 -3.00  0.00  1.00  1.00 -1.00

     the symmetry operations in each class and the name of the first element:

     E        1
                                                                 
     8C3     17   19   20   18   24   21   22   23
                                                                 
     3C2      2    4    3
                                                                 
     6C4      7    8   15   16   12   11
                                                                 
     6C2'     5    6   14   13   10    9
                                                                 
     i       25
                                                                 
     8S6     41   43   44   42   48   45   46   47
                                                                 
     3s_h    26   28   27
                                                                 
     6S4     31   32   39   40   36   35
                                                                 
     6s_d    29   30   38   37   34   33
                                                                 

     Band symmetry, O_h (m-3m)  point group:

     e(  1 -  1) =    -46.74806  eV     1   --> A_2u G_2'  G_2-
     e(  2 -  4) =    -23.30561  eV     3   --> T_2g G_25' G_5+
     e(  5 -  5) =    -15.12377  eV     1   --> A_1g G_1   G_1+
     e(  6 -  8) =     -6.14841  eV     3   --> T_2g G_25' G_5+
     e(  9 - 11) =     -1.13759  eV     3   --> T_1u G_15  G_4-
     e( 12 - 12) =      4.95445  eV     1   --> A_2u G_2'  G_2-
     e( 13 - 14) =      5.68057  eV     2   --> E_u  G_12' G_3-
     e( 15 - 17) =      6.98427  eV     3   --> T_1u G_15  G_4-
     e( 18 - 20) =      9.37183  eV     3   --> T_2u G_25  G_5-
     e( 21 - 23) =     13.27919  eV     3   --> T_1u G_15  G_4-
     e( 24 - 26) =     15.92433  eV     3   --> T_2g G_25' G_5+
     e( 27 - 28) =     16.64090  eV     2   --> E_u  G_12' G_3-
     e( 29 - 30) =     19.48238  eV     2   --> E_g  G_12  G_3+
     e( 31 - 33) =     20.02425  eV     3   --> T_1u G_15  G_4-
     e( 34 - 34) =     20.31944  eV     1   --> A_2u G_2'  G_2-
     e( 35 - 35) =     21.10031  eV     1   -->   ?

 **************************************************************************

 **************************************************************************

                    xk=(   0.47500,   0.47500,   0.47500  )

     point group C_3v (3m)  
     there are  3 classes
     the character table:

       E     2C3   3s_v 
A_1    1.00  1.00  1.00
A_2    1.00  1.00 -1.00
E      2.00 -1.00  0.00

     the symmetry operations in each class and the name of the first element:

     E        1
                                                                 
     2C3      2    3
                                                                 
     3s_v     4    5    6
                                                                 

     Band symmetry, C_3v (3m)   point group:

     e(  1 -  1) =    -46.74807  eV     1   --> A_1  L_1       
     e(  2 -  4) =    -23.30540  eV     3   --> A_1  L_1       
     e(  2 -  4) =    -23.30540  eV     3   --> E    L_3       
     e(  5 -  5) =    -15.12483  eV     1   --> A_1  L_1       
     e(  6 -  6) =     -6.16087  eV     1   --> A_1  L_1       
     e(  7 -  8) =     -6.15054  eV     2   --> E    L_3       
     e(  9 - 10) =     -1.12959  eV     2   --> E    L_3       
     e( 11 - 11) =     -1.11668  eV     1   --> A_1  L_1       
     e( 12 - 12) =      4.96967  eV     1   --> A_1  L_1       
     e( 13 - 14) =      5.68918  eV     2   --> E    L_3       
     e( 15 - 15) =      6.96059  eV     1   --> A_1  L_1       
     e( 16 - 17) =      6.98327  eV     2   --> E    L_3       
     e( 18 - 19) =      9.35387  eV     2   --> E    L_3       
     e( 20 - 20) =      9.36460  eV     1   --> A_2  L_2       
     e( 21 - 21) =     13.26781  eV     1   --> A_1  L_1       
     e( 22 - 23) =     13.26821  eV     2   --> E    L_3       
     e( 24 - 25) =     15.95035  eV     2   --> E    L_3       
     e( 26 - 26) =     15.96078  eV     1   --> A_1  L_1       
     e( 27 - 28) =     16.62751  eV     2   --> E    L_3       
     e( 29 - 30) =     19.40320  eV     2   --> E    L_3       
     e( 31 - 31) =     20.00710  eV     1   --> A_1  L_1       
     e( 32 - 33) =     20.08289  eV     2   --> E    L_3       
     e( 34 - 34) =     20.31216  eV     1   --> A_1  L_1       
     e( 35 - 35) =     21.09541  eV     1   -->   ?

 **************************************************************************

 **************************************************************************

                    xk=(   0.45000,   0.45000,   0.45000  )

     Band symmetry, C_3v (3m)   point group:

     e(  1 -  1) =    -46.74810  eV     1   --> A_1  L_1       
     e(  2 -  4) =    -23.30477  eV     3   --> A_1  L_1       
     e(  2 -  4) =    -23.30477  eV     3   --> E    L_3       
     e(  5 -  5) =    -15.12798  eV     1   --> A_1  L_1       
     e(  6 -  6) =     -6.19713  eV     1   --> A_1  L_1       
     e(  7 -  8) =     -6.15682  eV     2   --> E    L_3       
     e(  9 - 10) =     -1.10600  eV     2   --> E    L_3       
     e( 11 - 11) =     -1.05569  eV     1   --> A_1  L_1       
     e( 12 - 12) =      5.01461  eV     1   --> A_1  L_1       
     e( 13 - 14) =      5.71484  eV     2   --> E    L_3       
     e( 15 - 15) =      6.89328  eV     1   --> A_1  L_1       
     e( 16 - 17) =      6.98049  eV     2   --> E    L_3       
     e( 18 - 19) =      9.30237  eV     2   --> E    L_3       
     e( 20 - 20) =      9.34315  eV     1   --> A_2  L_2       
     e( 21 - 21) =     13.23416  eV     1   --> A_1  L_1       
     e( 22 - 23) =     13.23548  eV     2   --> E    L_3       
     e( 24 - 25) =     16.01981  eV     2   --> E    L_3       
     e( 26 - 26) =     16.06534  eV     1   --> A_1  L_1       
     e( 27 - 28) =     16.59333  eV     2   --> E    L_3       
     e( 29 - 30) =     19.22320  eV     2   --> E    L_3       
     e( 31 - 31) =     19.96336  eV     1   --> A_1  L_1       
     e( 32 - 33) =     20.20217  eV     2   --> E    L_3       
     e( 34 - 34) =     20.29159  eV     1   --> A_1  L_1       
     e( 35 - 35) =     21.07980  eV     1   -->   ?

 **************************************************************************

 **************************************************************************

                    xk=(   0.42500,   0.42500,   0.42500  )

     Band symmetry, C_3v (3m)   point group:

     e(  1 -  1) =    -46.74816  eV     1   --> A_1  L_1       
     e(  2 -  4) =    -23.30375  eV     3   --> A_1  L_1       
     e(  2 -  4) =    -23.30375  eV     3   --> E    L_3       
     e(  5 -  5) =    -15.13318  eV     1   --> A_1  L_1       
     e(  6 -  6) =     -6.25406  eV     1   --> A_1  L_1       
     e(  7 -  8) =     -6.16684  eV     2   --> E    L_3       
     e(  9 - 10) =     -1.06806  eV     2   --> E    L_3       
     e( 11 - 11) =     -0.95959  eV     1   --> A_1  L_1       
     e( 12 - 12) =      5.08691  eV     1   --> A_1  L_1       
     e( 13 - 14) =      5.75705  eV     2   --> E    L_3       
     e( 15 - 15) =      6.79303  eV     1   --> A_1  L_1       
     e( 16 - 17) =      6.97653  eV     2   --> E    L_3       
     e( 18 - 19) =      9.22391  eV     2   --> E    L_3       
     e( 20 - 20) =      9.30820  eV     1   --> A_2  L_2       
     e( 21 - 21) =     13.17950  eV     1   --> A_1  L_1       
     e( 22 - 23) =     13.18164  eV     2   --> E    L_3       
     e( 24 - 25) =     16.09804  eV     2   --> E    L_3       
     e( 26 - 26) =     16.22468  eV     1   --> A_1  L_1       
     e( 27 - 28) =     16.56535  eV     2   --> E    L_3       
     e( 29 - 30) =     19.00102  eV     2   --> E    L_3       
     e( 31 - 31) =     19.90881  eV     1   --> A_1  L_1       
     e( 32 - 32) =     20.26121  eV     1   --> A_1  L_1       
     e( 33 - 34) =     20.32630  eV     2   --> E    L_3       
     e( 35 - 35) =     21.05387  eV     1   -->   ?

 **************************************************************************

 **************************************************************************

                    xk=(   0.40000,   0.40000,   0.40000  )

     Band symmetry, C_3v (3m)   point group:

     e(  1 -  1) =    -46.74823  eV     1   --> A_1  L_1       
     e(  2 -  2) =    -23.30235  eV     1   --> A_1  L_1       
     e(  3 -  4) =    -23.30219  eV     2   --> E    L_3       
     e(  5 -  5) =    -15.14035  eV     1   --> A_1  L_1       
     e(  6 -  6) =     -6.32712  eV     1   --> A_1  L_1       
     e(  7 -  8) =     -6.18000  eV     2   --> E    L_3       
     e(  9 - 10) =     -1.01777  eV     2   --> E    L_3       
     e( 11 - 11) =     -0.83607  eV     1   --> A_1  L_1       
     e( 12 - 12) =      5.18212  eV     1   --> A_1  L_1       
     e( 13 - 14) =      5.81496  eV     2   --> E    L_3       
     e( 15 - 15) =      6.67644  eV     1   --> A_1  L_1       
     e( 16 - 17) =      6.97250  eV     2   --> E    L_3       
     e( 18 - 19) =      9.12775  eV     2   --> E    L_3       
     e( 20 - 20) =      9.26093  eV     1   --> A_2  L_2       
     e( 21 - 21) =     13.10532  eV     1   --> A_1  L_1       
     e( 22 - 23) =     13.10773  eV     2   --> E    L_3       
     e( 24 - 25) =     16.10907  eV     2   --> E    L_3       
     e( 26 - 26) =     16.41922  eV     1   --> A_1  L_1       
     e( 27 - 28) =     16.60720  eV     2   --> E    L_3       
     e( 29 - 30) =     18.76081  eV     2   --> E    L_3       
     e( 31 - 31) =     19.85780  eV     1   --> A_1  L_1       
     e( 32 - 32) =     20.22589  eV     1   --> A_1  L_1       
     e( 33 - 34) =     20.43699  eV     2   --> E    L_3       
     e( 35 - 35) =     21.01682  eV     1   -->   ?

 **************************************************************************

 **************************************************************************

                    xk=(   0.37500,   0.37500,   0.37500  )

     Band symmetry, C_3v (3m)   point group:

     e(  1 -  1) =    -46.74831  eV     1   --> A_1  L_1       
     e(  2 -  2) =    -23.30061  eV     1   --> A_1  L_1       
     e(  3 -  4) =    -23.30036  eV     2   --> E    L_3       
     e(  5 -  5) =    -15.14941  eV     1   --> A_1  L_1       
     e(  6 -  6) =     -6.41110  eV     1   --> A_1  L_1       
     e(  7 -  8) =     -6.19553  eV     2   --> E    L_3       
     e(  9 - 10) =     -0.95776  eV     2   --> E    L_3       
     e( 11 - 11) =     -0.69491  eV     1   --> A_1  L_1       
     e( 12 - 12) =      5.29262  eV     1   --> A_1  L_1       
     e( 13 - 14) =      5.88736  eV     2   --> E    L_3       
     e( 15 - 15) =      6.56522  eV     1   --> A_1  L_1       
     e( 16 - 17) =      6.97014  eV     2   --> E    L_3       
     e( 18 - 19) =      9.02416  eV     2   --> E    L_3       
     e( 20 - 20) =      9.20284  eV     1   --> A_2  L_2       
     e( 21 - 21) =     13.01293  eV     1   --> A_1  L_1       
     e( 22 - 23) =     13.01522  eV     2   --> E    L_3       
     e( 24 - 25) =     16.01537  eV     2   --> E    L_3       
     e( 26 - 26) =     16.62600  eV     1   --> A_1  L_1       
     e( 27 - 28) =     16.73846  eV     2   --> E    L_3       
     e( 29 - 30) =     18.51853  eV     2   --> E    L_3       
     e( 31 - 31) =     19.82116  eV     1   --> A_1  L_1       
     e( 32 - 32) =     20.19079  eV     1   --> A_1  L_1       
     e( 33 - 34) =     20.52928  eV     2   --> E    L_3       
     e( 35 - 35) =     20.96786  eV     1   -->   ?

 **************************************************************************

 **************************************************************************

                    xk=(   0.35000,   0.35000,   0.35000  )

     Band symmetry, C_3v (3m)   point group:

     e(  1 -  1) =    -46.74842  eV     1   --> A_1  L_1       
     e(  2 -  2) =    -23.29856  eV     1   --> A_1  L_1       
     e(  3 -  4) =    -23.29822  eV     2   --> E    L_3       
     e(  5 -  5) =    -15.16024  eV     1   --> A_1  L_1       
     e(  6 -  6) =     -6.50077  eV     1   --> A_1  L_1       
     e(  7 -  8) =     -6.21260  eV     2   --> E    L_3       
     e(  9 - 10) =     -0.89121  eV     2   --> E    L_3       
     e( 11 - 11) =     -0.54731  eV     1   --> A_1  L_1       
     e( 12 - 12) =      5.40620  eV     1   --> A_1  L_1       
     e( 13 - 14) =      5.97269  eV     2   --> E    L_3       
     e( 15 - 15) =      6.48597  eV     1   --> A_1  L_1       
     e( 16 - 17) =      6.97185  eV     2   --> E    L_3       
     e( 18 - 19) =      8.92290  eV     2   --> E    L_3       
     e( 20 - 20) =      9.13576  eV     1   --> A_2  L_2       
     e( 21 - 21) =     12.90346  eV     1   --> A_1  L_1       
     e( 22 - 23) =     12.90589  eV     2   --> E    L_3       
     e( 24 - 25) =     15.85595  eV     2   --> E    L_3       
     e( 26 - 26) =     16.82171  eV     1   --> A_1  L_1       
     e( 27 - 28) =     16.89204  eV     2   --> E    L_3       
     e( 29 - 30) =     18.29555  eV     2   --> E    L_3       
     e( 31 - 31) =     19.80752  eV     1   --> A_1  L_1       
     e( 32 - 32) =     20.16005  eV     1   --> A_1  L_1       
     e( 33 - 34) =     20.60305  eV     2   --> E    L_3       
     e( 35 - 35) =     20.90664  eV     1   -->   ?

 **************************************************************************

 **************************************************************************

                    xk=(   0.32500,   0.32500,   0.32500  )

     Band symmetry, C_3v (3m)   point group:

     e(  1 -  1) =    -46.74853  eV     1   --> A_1  L_1       
     e(  2 -  2) =    -23.29625  eV     1   --> A_1  L_1       
     e(  3 -  4) =    -23.29581  eV     2   --> E    L_3       
     e(  5 -  5) =    -15.17269  eV     1   --> A_1  L_1       
     e(  6 -  6) =     -6.59135  eV     1   --> A_1  L_1       
     e(  7 -  8) =     -6.23035  eV     2   --> E    L_3       
     e(  9 - 10) =     -0.82160  eV     2   --> E    L_3       
     e( 11 - 11) =     -0.40519  eV     1   --> A_1  L_1       
     e( 12 - 12) =      5.50702  eV     1   --> A_1  L_1       
     e( 13 - 14) =      6.06898  eV     2   --> E    L_3       
     e( 15 - 15) =      6.46816  eV     1   --> A_1  L_1       
     e( 16 - 17) =      6.98082  eV     2   --> E    L_3       
     e( 18 - 19) =      8.83237  eV     2   --> E    L_3       
     e( 20 - 20) =      9.06168  eV     1   --> A_2  L_2       
     e( 21 - 21) =     12.77802  eV     1   --> A_1  L_1       
     e( 22 - 23) =     12.78188  eV     2   --> E    L_3       
     e( 24 - 25) =     15.65891  eV     2   --> E    L_3       
     e( 26 - 26) =     16.98626  eV     1   --> A_1  L_1       
     e( 27 - 28) =     16.99211  eV     2   --> E    L_3       
     e( 29 - 30) =     18.13072  eV     2   --> E    L_3       
     e( 31 - 31) =     19.82303  eV     1   --> A_1  L_1       
     e( 32 - 32) =     20.13524  eV     1   --> A_1  L_1       
     e( 33 - 34) =     20.66045  eV     2   --> E    L_3       
     e( 35 - 35) =     20.83462  eV     1   -->   ?

 **************************************************************************

 **************************************************************************

                    xk=(   0.30000,   0.30000,   0.30000  )

     Band symmetry, C_3v (3m)   point group:

     e(  1 -  1) =    -46.74865  eV     1   --> A_1  L_1       
     e(  2 -  2) =    -23.29373  eV     1   --> A_1  L_1       
     e(  3 -  4) =    -23.29320  eV     2   --> E    L_3       
     e(  5 -  5) =    -15.18660  eV     1   --> A_1  L_1       
     e(  6 -  6) =     -6.67872  eV     1   --> A_1  L_1       
     e(  7 -  8) =     -6.24798  eV     2   --> E    L_3       
     e(  9 - 10) =     -0.75252  eV     2   --> E    L_3       
     e( 11 - 11) =     -0.28019  eV     1   --> A_1  L_1       
     e( 12 - 12) =      5.58563  eV     1   --> A_1  L_1       
     e( 13 - 14) =      6.17392  eV     2   --> E    L_3       
     e( 15 - 15) =      6.53282  eV     1   --> A_1  L_1       
     e( 16 - 17) =      7.00085  eV     2   --> E    L_3       
     e( 18 - 19) =      8.75908  eV     2   --> E    L_3       
     e( 20 - 20) =      8.98273  eV     1   --> A_2  L_2       
     e( 21 - 21) =     12.63788  eV     1   --> A_1  L_1       
     e( 22 - 23) =     12.64550  eV     2   --> E    L_3       
     e( 24 - 25) =     15.43683  eV     2   --> E    L_3       
     e( 26 - 27) =     16.96689  eV     2   --> E    L_3       
     e( 28 - 28) =     17.10671  eV     1   --> A_1  L_1       
     e( 29 - 30) =     18.07291  eV     2   --> E    L_3       
     e( 31 - 31) =     19.86811  eV     1   --> A_1  L_1       
     e( 32 - 32) =     20.11365  eV     1   --> A_1  L_1       
     e( 33 - 34) =     20.70417  eV     2   --> E    L_3       
     e( 35 - 35) =     20.75691  eV     1   -->   ?

 **************************************************************************

 **************************************************************************

                    xk=(   0.27500,   0.27500,   0.27500  )

     Band symmetry, C_3v (3m)   point group:

     e(  1 -  1) =    -46.74879  eV     1   --> A_1  L_1       
     e(  2 -  2) =    -23.29106  eV     1   --> A_1  L_1       
     e(  3 -  4) =    -23.29044  eV     2   --> E    L_3       
     e(  5 -  5) =    -15.20177  eV     1   --> A_1  L_1       
     e(  6 -  6) =     -6.75962  eV     1   --> A_1  L_1       
     e(  7 -  8) =     -6.26480  eV     2   --> E    L_3       
     e(  9 - 10) =     -0.68741  eV     2   --> E    L_3       
     e( 11 - 11) =     -0.18246  eV     1   --> A_1  L_1       
     e( 12 - 12) =      5.65267  eV     1   --> A_1  L_1       
     e( 13 - 14) =      6.28485  eV     2   --> E    L_3       
     e( 15 - 15) =      6.67754  eV     1   --> A_1  L_1       
     e( 16 - 17) =      7.03609  eV     2   --> E    L_3       
     e( 18 - 19) =      8.70756  eV     2   --> E    L_3       
     e( 20 - 20) =      8.90104  eV     1   --> A_2  L_2       
     e( 21 - 21) =     12.48473  eV     1   --> A_1  L_1       
     e( 22 - 23) =     12.49919  eV     2   --> E    L_3       
     e( 24 - 25) =     15.19707  eV     2   --> E    L_3       
     e( 26 - 27) =     16.80611  eV     2   --> E    L_3       
     e( 28 - 28) =     17.17968  eV     1   --> A_1  L_1       
     e( 29 - 30) =     18.11382  eV     2   --> E    L_3       
     e( 31 - 31) =     19.92643  eV     1   --> A_1  L_1       
     e( 32 - 32) =     20.08823  eV     1   --> A_1  L_1       
     e( 33 - 34) =     20.67957  eV     2   --> E    L_3       
     e( 35 - 35) =     20.74027  eV     1   -->   ?

 **************************************************************************

 **************************************************************************

                    xk=(   0.25000,   0.25000,   0.25000  )

     Band symmetry, C_3v (3m)   point group:

     e(  1 -  1) =    -46.74892  eV     1   --> A_1  L_1       
     e(  2 -  2) =    -23.28828  eV     1   --> A_1  L_1       
     e(  3 -  4) =    -23.28761  eV     2   --> E    L_3       
     e(  5 -  5) =    -15.21794  eV     1   --> A_1  L_1       
     e(  6 -  6) =     -6.83164  eV     1   --> A_1  L_1       
     e(  7 -  8) =     -6.28025  eV     2   --> E    L_3       
     e(  9 - 10) =     -0.62921  eV     2   --> E    L_3       
     e( 11 - 11) =     -0.11899  eV     1   --> A_1  L_1       
     e( 12 - 12) =      5.73134  eV     1   --> A_1  L_1       
     e( 13 - 14) =      6.39875  eV     2   --> E    L_3       
     e( 15 - 15) =      6.88254  eV     1   --> A_1  L_1       
     e( 16 - 17) =      7.09054  eV     2   --> E    L_3       
     e( 18 - 19) =      8.68050  eV     2   --> E    L_3       
     e( 20 - 20) =      8.81875  eV     1   --> A_2  L_2       
     e( 21 - 21) =     12.32082  eV     1   --> A_1  L_1       
     e( 22 - 23) =     12.34533  eV     2   --> E    L_3       
     e( 24 - 25) =     14.94534  eV     2   --> E    L_3       
     e( 26 - 27) =     16.56244  eV     2   --> E    L_3       
     e( 28 - 28) =     17.21012  eV     1   --> A_1  L_1       
     e( 29 - 30) =     18.18501  eV     2   --> E    L_3       
     e( 31 - 31) =     19.88629  eV     1   --> A_1  L_1       
     e( 32 - 32) =     20.09826  eV     1   --> A_1  L_1       
     e( 33 - 34) =     20.61914  eV     2   --> E    L_3       
     e( 35 - 35) =     20.63798  eV     1   --> A_1  L_1       

 **************************************************************************

 **************************************************************************

                    xk=(   0.22500,   0.22500,   0.22500  )

     Band symmetry, C_3v (3m)   point group:

     e(  1 -  1) =    -46.74905  eV     1   --> A_1  L_1       
     e(  2 -  2) =    -23.28547  eV     1   --> A_1  L_1       
     e(  3 -  4) =    -23.28478  eV     2   --> E    L_3       
     e(  5 -  5) =    -15.23480  eV     1   --> A_1  L_1       
     e(  6 -  6) =     -6.89323  eV     1   --> A_1  L_1       
     e(  7 -  8) =     -6.29394  eV     2   --> E    L_3       
     e(  9 - 10) =     -0.58016  eV     2   --> E    L_3       
     e( 11 - 11) =     -0.09244  eV     1   --> A_1  L_1       
     e( 12 - 12) =      5.83866  eV     1   --> A_1  L_1       
     e( 13 - 14) =      6.51233  eV     2   --> E    L_3       
     e( 15 - 15) =      7.12806  eV     1   --> A_1  L_1       
     e( 16 - 17) =      7.16752  eV     2   --> E    L_3       
     e( 18 - 19) =      8.67895  eV     2   --> E    L_3       
     e( 20 - 20) =      8.73787  eV     1   --> A_2  L_2       
     e( 21 - 21) =     12.14911  eV     1   --> A_1  L_1       
     e( 22 - 23) =     12.18615  eV     2   --> E    L_3       
     e( 24 - 25) =     14.68686  eV     2   --> E    L_3       
     e( 26 - 27) =     16.27892  eV     2   --> E    L_3       
     e( 28 - 28) =     17.20657  eV     1   --> A_1  L_1       
     e( 29 - 30) =     18.23327  eV     2   --> E    L_3       
     e( 31 - 31) =     19.61125  eV     1   --> A_1  L_1       
     e( 32 - 32) =     20.17901  eV     1   --> A_1  L_1       
     e( 33 - 33) =     20.47283  eV     1   --> A_1  L_1       
     e( 34 - 35) =     20.58470  eV     2   --> E    L_3       

 **************************************************************************

 **************************************************************************

                    xk=(   0.20000,   0.20000,   0.20000  )

     Band symmetry, C_3v (3m)   point group:

     e(  1 -  1) =    -46.74919  eV     1   --> A_1  L_1       
     e(  2 -  2) =    -23.28268  eV     1   --> A_1  L_1       
     e(  3 -  4) =    -23.28201  eV     2   --> E    L_3       
     e(  5 -  5) =    -15.25196  eV     1   --> A_1  L_1       
     e(  6 -  6) =     -6.94370  eV     1   --> A_1  L_1       
     e(  7 -  8) =     -6.30562  eV     2   --> E    L_3       
     e(  9 - 10) =     -0.54152  eV     2   --> E    L_3       
     e( 11 - 11) =     -0.10070  eV     1   --> A_1  L_1       
     e( 12 - 12) =      5.97929  eV     1   --> A_1  L_1       
     e( 13 - 14) =      6.62196  eV     2   --> E    L_3       
     e( 15 - 16) =      7.26910  eV     2   --> E    L_3       
     e( 17 - 17) =      7.40021  eV     1   --> A_1  L_1       
     e( 18 - 18) =      8.66028  eV     1   --> A_2  L_2       
     e( 19 - 20) =      8.70246  eV     2   --> E    L_3       
     e( 21 - 21) =     11.97320  eV     1   --> A_1  L_1       
     e( 22 - 23) =     12.02363  eV     2   --> E    L_3       
     e( 24 - 25) =     14.42678  eV     2   --> E    L_3       
     e( 26 - 27) =     15.97766  eV     2   --> E    L_3       
     e( 28 - 28) =     17.17571  eV     1   --> A_1  L_1       
     e( 29 - 30) =     18.23681  eV     2   --> E    L_3       
     e( 31 - 31) =     19.21394  eV     1   --> A_1  L_1       
     e( 32 - 32) =     20.26249  eV     1   --> A_1  L_1       
     e( 33 - 33) =     20.44897  eV     1   --> A_1  L_1       
     e( 34 - 35) =     20.58218  eV     2   --> E    L_3       

 **************************************************************************

 **************************************************************************

                    xk=(   0.17500,   0.17500,   0.17500  )

     Band symmetry, C_3v (3m)   point group:

     e(  1 -  1) =    -46.74931  eV     1   --> A_1  L_1       
     e(  2 -  2) =    -23.27999  eV     1   --> A_1  L_1       
     e(  3 -  4) =    -23.27937  eV     2   --> E    L_3       
     e(  5 -  5) =    -15.26896  eV     1   --> A_1  L_1       
     e(  6 -  6) =     -6.98312  eV     1   --> A_1  L_1       
     e(  7 -  8) =     -6.31523  eV     2   --> E    L_3       
     e(  9 - 10) =     -0.51353  eV     2   --> E    L_3       
     e( 11 - 11) =     -0.13768  eV     1   --> A_1  L_1       
     e( 12 - 12) =      6.14800  eV     1   --> A_1  L_1       
     e( 13 - 14) =      6.72393  eV     2   --> E    L_3       
     e( 15 - 16) =      7.39561  eV     2   --> E    L_3       
     e( 17 - 17) =      7.68907  eV     1   --> A_1  L_1       
     e( 18 - 18) =      8.58771  eV     1   --> A_2  L_2       
     e( 19 - 20) =      8.74907  eV     2   --> E    L_3       
     e( 21 - 21) =     11.79726  eV     1   --> A_1  L_1       
     e( 22 - 23) =     11.85947  eV     2   --> E    L_3       
     e( 24 - 25) =     14.17054  eV     2   --> E    L_3       
     e( 26 - 27) =     15.67163  eV     2   --> E    L_3       
     e( 28 - 28) =     17.11810  eV     1   --> A_1  L_1       
     e( 29 - 30) =     18.19596  eV     2   --> E    L_3       
     e( 31 - 31) =     18.80503  eV     1   --> A_1  L_1       
     e( 32 - 32) =     20.32504  eV     1   --> A_1  L_1       
     e( 33 - 33) =     20.48822  eV     1   --> A_1  L_1       
     e( 34 - 35) =     20.60800  eV     2   --> E    L_3       

 **************************************************************************

 **************************************************************************

                    xk=(   0.15000,   0.15000,   0.15000  )

     Band symmetry, C_3v (3m)   point group:

     e(  1 -  1) =    -46.74943  eV     1   --> A_1  L_1       
     e(  2 -  2) =    -23.27747  eV     1   --> A_1  L_1       
     e(  3 -  4) =    -23.27693  eV     2   --> E    L_3       
     e(  5 -  5) =    -15.28529  eV     1   --> A_1  L_1       
     e(  6 -  6) =     -7.01222  eV     1   --> A_1  L_1       
     e(  7 -  8) =     -6.32282  eV     2   --> E    L_3       
     e(  9 - 10) =     -0.49539  eV     2   --> E    L_3       
     e( 11 - 11) =     -0.19479  eV     1   --> A_1  L_1       
     e( 12 - 12) =      6.33351  eV     1   --> A_1  L_1       
     e( 13 - 14) =      6.81495  eV     2   --> E    L_3       
     e( 15 - 16) =      7.54484  eV     2   --> E    L_3       
     e( 17 - 17) =      7.98609  eV     1   --> A_1  L_1       
     e( 18 - 18) =      8.52170  eV     1   --> A_2  L_2       
     e( 19 - 20) =      8.81520  eV     2   --> E    L_3       
     e( 21 - 21) =     11.62581  eV     1   --> A_1  L_1       
     e( 22 - 23) =     11.69528  eV     2   --> E    L_3       
     e( 24 - 25) =     13.92410  eV     2   --> E    L_3       
     e( 26 - 27) =     15.37147  eV     2   --> E    L_3       
     e( 28 - 28) =     17.02582  eV     1   --> A_1  L_1       
     e( 29 - 30) =     18.12330  eV     2   --> E    L_3       
     e( 31 - 31) =     18.43880  eV     1   --> A_1  L_1       
     e( 32 - 32) =     20.36795  eV     1   --> A_1  L_1       
     e( 33 - 33) =     20.55178  eV     1   --> A_1  L_1       
     e( 34 - 35) =     20.65149  eV     2   --> E    L_3       

 **************************************************************************

 **************************************************************************

                    xk=(   0.12500,   0.12500,   0.12500  )

     Band symmetry, C_3v (3m)   point group:

     e(  1 -  1) =    -46.74953  eV     1   --> A_1  L_1       
     e(  2 -  2) =    -23.27518  eV     1   --> A_1  L_1       
     e(  3 -  4) =    -23.27475  eV     2   --> E    L_3       
     e(  5 -  5) =    -15.30040  eV     1   --> A_1  L_1       
     e(  6 -  6) =     -7.03231  eV     1   --> A_1  L_1       
     e(  7 -  8) =     -6.32856  eV     2   --> E    L_3       
     e(  9 - 10) =     -0.48553  eV     2   --> E    L_3       
     e( 11 - 11) =     -0.26255  eV     1   --> A_1  L_1       
     e( 12 - 12) =      6.52185  eV     1   --> A_1  L_1       
     e( 13 - 14) =      6.89273  eV     2   --> E    L_3       
     e( 15 - 16) =      7.71113  eV     2   --> E    L_3       
     e( 17 - 17) =      8.28188  eV     1   --> A_1  L_1       
     e( 18 - 18) =      8.46357  eV     1   --> A_2  L_2       
     e( 19 - 20) =      8.89549  eV     2   --> E    L_3       
     e( 21 - 21) =     11.46360  eV     1   --> A_1  L_1       
     e( 22 - 23) =     11.53309  eV     2   --> E    L_3       
     e( 24 - 25) =     13.69411  eV     2   --> E    L_3       
     e( 26 - 27) =     15.08802  eV     2   --> E    L_3       
     e( 28 - 28) =     16.88614  eV     1   --> A_1  L_1       
     e( 29 - 30) =     18.03510  eV     2   --> E    L_3       
     e( 31 - 31) =     18.15087  eV     1   --> A_1  L_1       
     e( 32 - 32) =     20.39930  eV     1   --> A_1  L_1       
     e( 33 - 33) =     20.61806  eV     1   --> A_1  L_1       
     e( 34 - 35) =     20.69988  eV     2   --> E    L_3       

 **************************************************************************

 **************************************************************************

                    xk=(   0.10000,   0.10000,   0.10000  )

     Band symmetry, C_3v (3m)   point group:

     e(  1 -  1) =    -46.74962  eV     1   --> A_1  L_1       
     e(  2 -  2) =    -23.27319  eV     1   --> A_1  L_1       
     e(  3 -  4) =    -23.27289  eV     2   --> E    L_3       
     e(  5 -  5) =    -15.31374  eV     1   --> A_1  L_1       
     e(  6 -  6) =     -7.04509  eV     1   --> A_1  L_1       
     e(  7 -  8) =     -6.33270  eV     2   --> E    L_3       
     e(  9 - 10) =     -0.48184  eV     2   --> E    L_3       
     e( 11 - 11) =     -0.33180  eV     1   --> A_1  L_1       
     e( 12 - 12) =      6.69872  eV     1   --> A_1  L_1       
     e( 13 - 14) =      6.95616  eV     2   --> E    L_3       
     e( 15 - 16) =      7.88472  eV     2   --> E    L_3       
     e( 17 - 17) =      8.41449  eV     1   --> A_2  L_2       
     e( 18 - 18) =      8.56466  eV     1   --> A_1  L_1       
     e( 19 - 20) =      8.98284  eV     2   --> E    L_3       
     e( 21 - 21) =     11.31560  eV     1   --> A_1  L_1       
     e( 22 - 23) =     11.37631  eV     2   --> E    L_3       
     e( 24 - 25) =     13.48809  eV     2   --> E    L_3       
     e( 26 - 27) =     14.83304  eV     2   --> E    L_3       
     e( 28 - 28) =     16.69880  eV     1   --> A_1  L_1       
     e( 29 - 30) =     17.94598  eV     2   --> E    L_3       
     e( 31 - 31) =     17.95770  eV     1   --> A_1  L_1       
     e( 32 - 32) =     20.42201  eV     1   --> A_1  L_1       
     e( 33 - 33) =     20.67865  eV     1   --> A_1  L_1       
     e( 34 - 35) =     20.74241  eV     2   --> E    L_3       

 **************************************************************************

 **************************************************************************

                    xk=(   0.07500,   0.07500,   0.07500  )

     Band symmetry, C_3v (3m)   point group:

     e(  1 -  1) =    -46.74969  eV     1   --> A_1  L_1       
     e(  2 -  2) =    -23.27157  eV     1   --> A_1  L_1       
     e(  3 -  4) =    -23.27139  eV     2   --> E    L_3       
     e(  5 -  5) =    -15.32476  eV     1   --> A_1  L_1       
     e(  6 -  6) =     -7.05242  eV     1   --> A_1  L_1       
     e(  7 -  8) =     -6.33553  eV     2   --> E    L_3       
     e(  9 - 10) =     -0.48204  eV     2   --> E    L_3       
     e( 11 - 11) =     -0.39449  eV     1   --> A_1  L_1       
     e( 12 - 12) =      6.85109  eV     1   --> A_1  L_1       
     e( 13 - 14) =      7.00501  eV     2   --> E    L_3       
     e( 15 - 16) =      8.05142  eV     2   --> E    L_3       
     e( 17 - 17) =      8.37534  eV     1   --> A_2  L_2       
     e( 18 - 18) =      8.81908  eV     1   --> A_1  L_1       
     e( 19 - 20) =      9.06846  eV     2   --> E    L_3       
     e( 21 - 21) =     11.18727  eV     1   --> A_1  L_1       
     e( 22 - 23) =     11.23129  eV     2   --> E    L_3       
     e( 24 - 25) =     13.31438  eV     2   --> E    L_3       
     e( 26 - 27) =     14.61861  eV     2   --> E    L_3       
     e( 28 - 28) =     16.49157  eV     1   --> A_1  L_1       
     e( 29 - 29) =     17.84614  eV     1   --> A_1  L_1       
     e( 30 - 31) =     17.86703  eV     2   --> E    L_3       
     e( 32 - 32) =     20.43694  eV     1   --> A_1  L_1       
     e( 33 - 33) =     20.73030  eV     1   --> A_1  L_1       
     e( 34 - 35) =     20.77319  eV     2   --> E    L_3       

 **************************************************************************

 **************************************************************************

                    xk=(   0.05000,   0.05000,   0.05000  )

     Band symmetry, C_3v (3m)   point group:

     e(  1 -  1) =    -46.74974  eV     1   --> A_1  L_1       
     e(  2 -  4) =    -23.27038  eV     3   --> A_1  L_1       
     e(  2 -  4) =    -23.27038  eV     3   --> E    L_3       
     e(  5 -  5) =    -15.33300  eV     1   --> A_1  L_1       
     e(  6 -  6) =     -7.05609  eV     1   --> A_1  L_1       
     e(  7 -  8) =     -6.33731  eV     2   --> E    L_3       
     e(  9 - 10) =     -0.48397  eV     2   --> E    L_3       
     e( 11 - 11) =     -0.44407  eV     1   --> A_1  L_1       
     e( 12 - 12) =      6.96814  eV     1   --> A_1  L_1       
     e( 13 - 14) =      7.03952  eV     2   --> E    L_3       
     e( 15 - 16) =      8.19303  eV     2   --> E    L_3       
     e( 17 - 17) =      8.34687  eV     1   --> A_2  L_2       
     e( 18 - 18) =      9.02584  eV     1   --> A_1  L_1       
     e( 19 - 20) =      9.14225  eV     2   --> E    L_3       
     e( 21 - 21) =     11.08528  eV     1   --> A_1  L_1       
     e( 22 - 23) =     11.10892  eV     2   --> E    L_3       
     e( 24 - 25) =     13.18172  eV     2   --> E    L_3       
     e( 26 - 27) =     14.45606  eV     2   --> E    L_3       
     e( 28 - 28) =     16.30677  eV     1   --> A_1  L_1       
     e( 29 - 29) =     17.78839  eV     1   --> A_1  L_1       
     e( 30 - 31) =     17.80594  eV     2   --> E    L_3       
     e( 32 - 32) =     20.44541  eV     1   --> A_1  L_1       
     e( 33 - 33) =     20.77043  eV     1   --> A_1  L_1       
     e( 34 - 35) =     20.79215  eV     2   --> E    L_3       

 **************************************************************************

 **************************************************************************

                    xk=(   0.02500,   0.02500,   0.02500  )

     Band symmetry, C_3v (3m)   point group:

     e(  1 -  1) =    -46.74977  eV     1   --> A_1  L_1       
     e(  2 -  4) =    -23.26964  eV     3   --> A_1  L_1       
     e(  2 -  4) =    -23.26964  eV     3   --> E    L_3       
     e(  5 -  5) =    -15.33810  eV     1   --> A_1  L_1       
     e(  6 -  6) =     -7.05762  eV     1   --> A_1  L_1       
     e(  7 -  8) =     -6.33827  eV     2   --> E    L_3       
     e(  9 - 10) =     -0.48588  eV     2   --> E    L_3       
     e( 11 - 11) =     -0.47576  eV     1   --> A_1  L_1       
     e( 12 - 12) =      7.04174  eV     1   --> A_1  L_1       
     e( 13 - 14) =      7.06004  eV     2   --> E    L_3       
     e( 15 - 16) =      8.28942  eV     2   --> E    L_3       
     e( 17 - 17) =      8.32959  eV     1   --> A_2  L_2       
     e( 18 - 18) =      9.16308  eV     1   --> A_1  L_1       
     e( 19 - 20) =      9.19317  eV     2   --> E    L_3       
     e( 21 - 21) =     11.01808  eV     1   --> A_1  L_1       
     e( 22 - 23) =     11.02472  eV     2   --> E    L_3       
     e( 24 - 25) =     13.09816  eV     2   --> E    L_3       
     e( 26 - 27) =     14.35457  eV     2   --> E    L_3       
     e( 28 - 28) =     16.18066  eV     1   --> A_1  L_1       
     e( 29 - 29) =     17.76197  eV     1   --> A_1  L_1       
     e( 30 - 31) =     17.76753  eV     2   --> E    L_3       
     e( 32 - 32) =     20.44933  eV     1   --> A_1  L_1       
     e( 33 - 33) =     20.79620  eV     1   --> A_1  L_1       
     e( 34 - 35) =     20.80207  eV     2   --> E    L_3       

 **************************************************************************

 **************************************************************************

                    xk=(   0.00000,   0.00000,   0.00000  )

     point group O_h (m-3m) 
     there are 10 classes
     the character table:

       E     8C3   3C2   6C4   6C2'  i     8S6   3s_h  6S4   6s_d 
A_1g   1.00  1.00  1.00  1.00  1.00  1.00  1.00  1.00  1.00  1.00
A_2g   1.00  1.00  1.00 -1.00 -1.00  1.00  1.00  1.00 -1.00 -1.00
E_g    2.00 -1.00  2.00  0.00  0.00  2.00 -1.00  2.00  0.00  0.00
T_1g   3.00  0.00 -1.00  1.00 -1.00  3.00  0.00 -1.00  1.00 -1.00
T_2g   3.00  0.00 -1.00 -1.00  1.00  3.00  0.00 -1.00 -1.00  1.00
A_1u   1.00  1.00  1.00  1.00  1.00 -1.00 -1.00 -1.00 -1.00 -1.00
A_2u   1.00  1.00  1.00 -1.00 -1.00 -1.00 -1.00 -1.00  1.00  1.00
E_u    2.00 -1.00  2.00  0.00  0.00 -2.00  1.00 -2.00  0.00  0.00
T_1u   3.00  0.00 -1.00  1.00 -1.00 -3.00  0.00  1.00 -1.00  1.00
T_2u   3.00  0.00 -1.00 -1.00  1.00 -3.00  0.00  1.00  1.00 -1.00

     the symmetry operations in each class and the name of the first element:

     E        1
                                                                 
     8C3     17   19   20   18   24   21   22   23
                                                                 
     3C2      2    4    3
                                                                 
     6C4      7    8   15   16   12   11
                                                                 
     6C2'     5    6   14   13   10    9
                                                                 
     i       25
                                                                 
     8S6     41   43   44   42   48   45   46   47
                                                                 
     3s_h    26   28   27
                                                                 
     6S4     31   32   39   40   36   35
                                                                 
     6s_d    29   30   38   37   34   33
                                                                 

     Band symmetry, O_h (m-3m)  point group:

     e(  1 -  1) =    -46.74978  eV     1   --> A_1g G_1   G_1+
     e(  2 -  4) =    -23.26939  eV     3   --> T_1u G_15  G_4-
     e(  5 -  5) =    -15.33982  eV     1   --> A_1g G_1   G_1+
     e(  6 -  6) =     -7.05802  eV     1   --> A_1g G_1   G_1+
     e(  7 -  8) =     -6.33858  eV     2   --> E_g  G_12  G_3+
     e(  9 - 11) =     -0.48665  eV     3   --> T_1u G_15  G_4-
     e( 12 - 14) =      7.06685  eV     3   --> T_1u G_15  G_4-
     e( 15 - 17) =      8.32379  eV     3   --> T_2u G_25  G_5-
     e( 18 - 20) =      9.21152  eV     3   --> T_1u G_15  G_4-
     e( 21 - 23) =     10.99435  eV     3   --> T_2g G_25' G_5+
     e( 24 - 25) =     13.06959  eV     2   --> E_g  G_12  G_3+
     e( 26 - 27) =     14.32005  eV     2   --> E_g  G_12  G_3+
     e( 28 - 28) =     16.13603  eV     1   --> A_1g G_1   G_1+
     e( 29 - 31) =     17.75444  eV     3   --> T_2g G_25' G_5+
     e( 32 - 32) =     20.45041  eV     1   --> A_2u G_2'  G_2-
     e( 33 - 35) =     20.80513  eV     3   --> T_1u G_15  G_4-

 **************************************************************************

 **************************************************************************

                    xk=(   0.05000,   0.00000,   0.00000  )

     point group C_4v (4mm) 
     there are  5 classes
     the character table:

       E     2C4   C2    2s_v  2s_d 
A_1    1.00  1.00  1.00  1.00  1.00
A_2    1.00  1.00  1.00 -1.00 -1.00
B_1    1.00 -1.00  1.00  1.00 -1.00
B_2    1.00 -1.00  1.00 -1.00  1.00
E      2.00  0.00 -2.00  0.00  0.00

     the symmetry operations in each class and the name of the first element:

     E        1
                                                                 
     2C4      3    4
                                                                 
     C2       2
                                                                 
     2s_v     5    6
                                                                 
     2s_d     7    8
                                                                 

     Band symmetry, C_4v (4mm)  point group:

     e(  1 -  1) =    -46.74977  eV     1   --> A_1  G_1 D_1   
     e(  2 -  2) =    -23.27041  eV     1   --> A_1  G_1 D_1   
     e(  3 -  4) =    -23.26935  eV     2   --> E    G_5 D_5   
     e(  5 -  5) =    -15.33753  eV     1   --> A_1  G_1 D_1   
     e(  6 -  6) =     -7.05768  eV     1   --> A_1  G_1 D_1   
     e(  7 -  7) =     -6.33847  eV     1   --> A_1  G_1 D_1   
     e(  8 -  8) =     -6.33771  eV     1   --> B_1  G_3 D_2   
     e(  9 - 10) =     -0.48309  eV     2   --> E    G_5 D_5   
     e( 11 - 11) =     -0.47717  eV     1   --> A_1  G_1 D_1   
     e( 12 - 12) =      7.02644  eV     1   --> A_1  G_1 D_1   
     e( 13 - 14) =      7.06129  eV     2   --> E    G_5 D_5   
     e( 15 - 16) =      8.29298  eV     2   --> E    G_5 D_5   
     e( 17 - 17) =      8.30160  eV     1   --> B_1  G_3 D_2   
     e( 18 - 18) =      9.14129  eV     1   --> A_1  G_1 D_1   
     e( 19 - 20) =      9.19074  eV     2   --> E    G_5 D_5   
     e( 21 - 21) =     10.99733  eV     1   --> B_2  G_4 D_2'  
     e( 22 - 23) =     11.04893  eV     2   --> E    G_5 D_5   
     e( 24 - 24) =     13.06970  eV     1   --> B_1  G_3 D_2   
     e( 25 - 25) =     13.14392  eV     1   --> A_1  G_1 D_1   
     e( 26 - 26) =     14.36539  eV     1   --> B_1  G_3 D_2   
     e( 27 - 27) =     14.36653  eV     1   --> A_1  G_1 D_1   
     e( 28 - 28) =     16.19620  eV     1   --> A_1  G_1 D_1   
     e( 29 - 29) =     17.74707  eV     1   --> B_2  G_4 D_2'  
     e( 30 - 31) =     17.78026  eV     2   --> E    G_5 D_5   
     e( 32 - 32) =     20.44906  eV     1   --> B_2  G_4 D_2'  
     e( 33 - 33) =     20.78374  eV     1   --> A_1  G_1 D_1   
     e( 34 - 35) =     20.80587  eV     2   --> E    G_5 D_5   

 **************************************************************************

 **************************************************************************

                    xk=(   0.10000,   0.00000,   0.00000  )

     Band symmetry, C_4v (4mm)  point group:

     e(  1 -  1) =    -46.74973  eV     1   --> A_1  G_1 D_1   
     e(  2 -  2) =    -23.27334  eV     1   --> A_1  G_1 D_1   
     e(  3 -  4) =    -23.26923  eV     2   --> E    G_5 D_5   
     e(  5 -  5) =    -15.33086  eV     1   --> A_1  G_1 D_1   
     e(  6 -  6) =     -7.05833  eV     1   --> A_1  G_1 D_1   
     e(  7 -  7) =     -6.33622  eV     1   --> A_1  G_1 D_1   
     e(  8 -  8) =     -6.33520  eV     1   --> B_1  G_3 D_2   
     e(  9 - 10) =     -0.47268  eV     2   --> E    G_5 D_5   
     e( 11 - 11) =     -0.44972  eV     1   --> A_1  G_1 D_1   
     e( 12 - 12) =      6.90970  eV     1   --> A_1  G_1 D_1   
     e( 13 - 14) =      7.04426  eV     2   --> E    G_5 D_5   
     e( 15 - 16) =      8.20842  eV     2   --> E    G_5 D_5   
     e( 17 - 17) =      8.23859  eV     1   --> B_1  G_3 D_2   
     e( 18 - 18) =      8.95329  eV     1   --> A_1  G_1 D_1   
     e( 19 - 20) =      9.13600  eV     2   --> E    G_5 D_5   
     e( 21 - 21) =     11.00602  eV     1   --> B_2  G_4 D_2'  
     e( 22 - 23) =     11.19849  eV     2   --> E    G_5 D_5   
     e( 24 - 24) =     13.07002  eV     1   --> B_1  G_3 D_2   
     e( 25 - 25) =     13.34351  eV     1   --> A_1  G_1 D_1   
     e( 26 - 26) =     14.49674  eV     1   --> B_1  G_3 D_2   
     e( 27 - 27) =     14.50279  eV     1   --> A_1  G_1 D_1   
     e( 28 - 28) =     16.37419  eV     1   --> A_1  G_1 D_1   
     e( 29 - 29) =     17.72563  eV     1   --> B_2  G_4 D_2'  
     e( 30 - 31) =     17.85489  eV     2   --> E    G_5 D_5   
     e( 32 - 32) =     20.44520  eV     1   --> B_2  G_4 D_2'  
     e( 33 - 33) =     20.72116  eV     1   --> A_1  G_1 D_1   
     e( 34 - 35) =     20.80804  eV     2   --> E    G_5 D_5   

 **************************************************************************

 **************************************************************************

                    xk=(   0.15000,   0.00000,   0.00000  )

     Band symmetry, C_4v (4mm)  point group:

     e(  1 -  1) =    -46.74966  eV     1   --> A_1  G_1 D_1   
     e(  2 -  2) =    -23.27791  eV     1   --> A_1  G_1 D_1   
     e(  3 -  4) =    -23.26903  eV     2   --> E    G_5 D_5   
     e(  5 -  5) =    -15.32044  eV     1   --> A_1  G_1 D_1   
     e(  6 -  6) =     -7.06412  eV     1   --> A_1  G_1 D_1   
     e(  7 -  7) =     -6.33129  eV     1   --> B_1  G_3 D_2   
     e(  8 -  8) =     -6.32699  eV     1   --> A_1  G_1 D_1   
     e(  9 - 10) =     -0.45633  eV     2   --> E    G_5 D_5   
     e( 11 - 11) =     -0.40722  eV     1   --> A_1  G_1 D_1   
     e( 12 - 12) =      6.72934  eV     1   --> A_1  G_1 D_1   
     e( 13 - 14) =      7.01467  eV     2   --> E    G_5 D_5   
     e( 15 - 16) =      8.08997  eV     2   --> E    G_5 D_5   
     e( 17 - 17) =      8.14423  eV     1   --> B_1  G_3 D_2   
     e( 18 - 18) =      8.69688  eV     1   --> A_1  G_1 D_1   
     e( 19 - 20) =      9.06195  eV     2   --> E    G_5 D_5   
     e( 21 - 21) =     11.01964  eV     1   --> B_2  G_4 D_2'  
     e( 22 - 23) =     11.41183  eV     2   --> E    G_5 D_5   
     e( 24 - 24) =     13.07052  eV     1   --> B_1  G_3 D_2   
     e( 25 - 25) =     13.61728  eV     1   --> A_1  G_1 D_1   
     e( 26 - 26) =     14.70110  eV     1   --> B_1  G_3 D_2   
     e( 27 - 27) =     14.72005  eV     1   --> A_1  G_1 D_1   
     e( 28 - 28) =     16.66217  eV     1   --> A_1  G_1 D_1   
     e( 29 - 29) =     17.69215  eV     1   --> B_2  G_4 D_2'  
     e( 30 - 31) =     17.97024  eV     2   --> E    G_5 D_5   
     e( 32 - 32) =     20.43926  eV     1   --> B_2  G_4 D_2'  
     e( 33 - 33) =     20.62169  eV     1   --> A_1  G_1 D_1   
     e( 34 - 35) =     20.81147  eV     2   --> E    G_5 D_5   

 **************************************************************************

 **************************************************************************

                    xk=(   0.20000,   0.00000,   0.00000  )

     Band symmetry, C_4v (4mm)  point group:

     e(  1 -  1) =    -46.74958  eV     1   --> A_1  G_1 D_1   
     e(  2 -  2) =    -23.28366  eV     1   --> A_1  G_1 D_1   
     e(  3 -  4) =    -23.26879  eV     2   --> E    G_5 D_5   
     e(  5 -  5) =    -15.30723  eV     1   --> A_1  G_1 D_1   
     e(  6 -  6) =     -7.07915  eV     1   --> A_1  G_1 D_1   
     e(  7 -  7) =     -6.32634  eV     1   --> B_1  G_3 D_2   
     e(  8 -  8) =     -6.30594  eV     1   --> A_1  G_1 D_1   
     e(  9 - 10) =     -0.43548  eV     2   --> E    G_5 D_5   
     e( 11 - 11) =     -0.35404  eV     1   --> A_1  G_1 D_1   
     e( 12 - 12) =      6.50466  eV     1   --> A_1  G_1 D_1   
     e( 13 - 14) =      6.97155  eV     2   --> E    G_5 D_5   
     e( 15 - 16) =      7.96108  eV     2   --> E    G_5 D_5   
     e( 17 - 17) =      8.03117  eV     1   --> B_1  G_3 D_2   
     e( 18 - 18) =      8.41860  eV     1   --> A_1  G_1 D_1   
     e( 19 - 20) =      8.98039  eV     2   --> E    G_5 D_5   
     e( 21 - 21) =     11.03695  eV     1   --> B_2  G_4 D_2'  
     e( 22 - 23) =     11.65742  eV     2   --> E    G_5 D_5   
     e( 24 - 24) =     13.07114  eV     1   --> B_1  G_3 D_2   
     e( 25 - 25) =     13.91596  eV     1   --> A_1  G_1 D_1   
     e( 26 - 26) =     14.95969  eV     1   --> B_1  G_3 D_2   
     e( 27 - 27) =     15.00512  eV     1   --> A_1  G_1 D_1   
     e( 28 - 28) =     17.04676  eV     1   --> A_1  G_1 D_1   
     e( 29 - 29) =     17.64979  eV     1   --> B_2  G_4 D_2'  
     e( 30 - 31) =     18.11409  eV     2   --> E    G_5 D_5   
     e( 32 - 32) =     20.43193  eV     1   --> B_2  G_4 D_2'  
     e( 33 - 33) =     20.49196  eV     1   --> A_1  G_1 D_1   
     e( 34 - 34) =     20.78159  eV     1   --> B_1  G_3 D_2   
     e( 35 - 35) =     20.81587  eV     1   -->   ?

 **************************************************************************

 **************************************************************************

                    xk=(   0.25000,   0.00000,   0.00000  )

     Band symmetry, C_4v (4mm)  point group:

     e(  1 -  1) =    -46.74949  eV     1   --> A_1  G_1 D_1   
     e(  2 -  2) =    -23.29002  eV     1   --> A_1  G_1 D_1   
     e(  3 -  4) =    -23.26852  eV     2   --> E    G_5 D_5   
     e(  5 -  5) =    -15.29249  eV     1   --> A_1  G_1 D_1   
     e(  6 -  6) =     -7.10456  eV     1   --> A_1  G_1 D_1   
     e(  7 -  7) =     -6.32085  eV     1   --> B_1  G_3 D_2   
     e(  8 -  8) =     -6.27165  eV     1   --> A_1  G_1 D_1   
     e(  9 - 10) =     -0.41207  eV     2   --> E    G_5 D_5   
     e( 11 - 11) =     -0.29558  eV     1   --> A_1  G_1 D_1   
     e( 12 - 12) =      6.25906  eV     1   --> A_1  G_1 D_1   
     e( 13 - 14) =      6.91546  eV     2   --> E    G_5 D_5   
     e( 15 - 16) =      7.84142  eV     2   --> E    G_5 D_5   
     e( 17 - 17) =      7.91241  eV     1   --> B_1  G_3 D_2   
     e( 18 - 18) =      8.15106  eV     1   --> A_1  G_1 D_1   
     e( 19 - 20) =      8.89932  eV     2   --> E    G_5 D_5   
     e( 21 - 21) =     11.05636  eV     1   --> B_2  G_4 D_2'  
     e( 22 - 23) =     11.90930  eV     2   --> E    G_5 D_5   
     e( 24 - 24) =     13.07181  eV     1   --> B_1  G_3 D_2   
     e( 25 - 25) =     14.20415  eV     1   --> A_1  G_1 D_1   
     e( 26 - 26) =     15.25013  eV     1   --> B_1  G_3 D_2   
     e( 27 - 27) =     15.34063  eV     1   --> A_1  G_1 D_1   
     e( 28 - 28) =     17.50865  eV     1   --> A_1  G_1 D_1   
     e( 29 - 29) =     17.60263  eV     1   --> B_2  G_4 D_2'  
     e( 30 - 31) =     18.27165  eV     2   --> E    G_5 D_5   
     e( 32 - 32) =     20.34232  eV     1   --> A_1  G_1 D_1   
     e( 33 - 33) =     20.42399  eV     1   --> B_2  G_4 D_2'  
     e( 34 - 34) =     20.69081  eV     1   --> B_1  G_3 D_2   
     e( 35 - 35) =     20.82086  eV     1   -->   ?

 **************************************************************************

 **************************************************************************

                    xk=(   0.30000,   0.00000,   0.00000  )

     Band symmetry, C_4v (4mm)  point group:

     e(  1 -  1) =    -46.74940  eV     1   --> A_1  G_1 D_1   
     e(  2 -  2) =    -23.29636  eV     1   --> A_1  G_1 D_1   
     e(  3 -  4) =    -23.26824  eV     2   --> E    G_5 D_5   
     e(  5 -  5) =    -15.27765  eV     1   --> A_1  G_1 D_1   
     e(  6 -  6) =     -7.13733  eV     1   --> A_1  G_1 D_1   
     e(  7 -  7) =     -6.31534  eV     1   --> B_1  G_3 D_2   
     e(  8 -  8) =     -6.22765  eV     1   --> A_1  G_1 D_1   
     e(  9 - 10) =     -0.38830  eV     2   --> E    G_5 D_5   
     e( 11 - 11) =     -0.23757  eV     1   --> A_1  G_1 D_1   
     e( 12 - 12) =      6.01731  eV     1   --> A_1  G_1 D_1   
     e( 13 - 14) =      6.85050  eV     2   --> E    G_5 D_5   
     e( 15 - 16) =      7.74295  eV     2   --> E    G_5 D_5   
     e( 17 - 17) =      7.79973  eV     1   --> B_1  G_3 D_2   
     e( 18 - 18) =      7.91433  eV     1   --> A_1  G_1 D_1   
     e( 19 - 20) =      8.82484  eV     2   --> E    G_5 D_5   
     e( 21 - 21) =     11.07598  eV     1   --> B_2  G_4 D_2'  
     e( 22 - 23) =     12.14651  eV     2   --> E    G_5 D_5   
     e( 24 - 24) =     13.07249  eV     1   --> B_1  G_3 D_2   
     e( 25 - 25) =     14.45957  eV     1   --> A_1  G_1 D_1   
     e( 26 - 26) =     15.54767  eV     1   --> B_1  G_3 D_2   
     e( 27 - 27) =     15.70407  eV     1   --> A_1  G_1 D_1   
     e( 28 - 28) =     17.55524  eV     1   --> B_2  G_4 D_2'  
     e( 29 - 29) =     18.01956  eV     1   --> A_1  G_1 D_1   
     e( 30 - 31) =     18.42731  eV     2   --> E    G_5 D_5   
     e( 32 - 32) =     20.19302  eV     1   --> A_1  G_1 D_1   
     e( 33 - 33) =     20.41624  eV     1   --> B_2  G_4 D_2'  
     e( 34 - 34) =     20.58823  eV     1   --> B_1  G_3 D_2   
     e( 35 - 35) =     20.82594  eV     1   -->   ?

 **************************************************************************

 **************************************************************************

                    xk=(   0.35000,   0.00000,   0.00000  )

     Band symmetry, C_4v (4mm)  point group:

     e(  1 -  1) =    -46.74932  eV     1   --> A_1  G_1 D_1   
     e(  2 -  2) =    -23.30207  eV     1   --> A_1  G_1 D_1   
     e(  3 -  4) =    -23.26800  eV     2   --> E    G_5 D_5   
     e(  5 -  5) =    -15.26417  eV     1   --> A_1  G_1 D_1   
     e(  6 -  6) =     -7.17172  eV     1   --> A_1  G_1 D_1   
     e(  7 -  7) =     -6.31036  eV     1   --> B_1  G_3 D_2   
     e(  8 -  8) =     -6.18107  eV     1   --> A_1  G_1 D_1   
     e(  9 - 10) =     -0.36654  eV     2   --> E    G_5 D_5   
     e( 11 - 11) =     -0.18562  eV     1   --> A_1  G_1 D_1   
     e( 12 - 12) =      5.80258  eV     1   --> A_1  G_1 D_1   
     e( 13 - 14) =      6.78470  eV     2   --> E    G_5 D_5   
     e( 15 - 16) =      7.66971  eV     2   --> E    G_5 D_5   
     e( 17 - 17) =      7.70261  eV     1   --> B_1  G_3 D_2   
     e( 18 - 18) =      7.72045  eV     1   --> A_1  G_1 D_1   
     e( 19 - 20) =      8.76185  eV     2   --> E    G_5 D_5   
     e( 21 - 21) =     11.09388  eV     1   --> B_2  G_4 D_2'  
     e( 22 - 23) =     12.35152  eV     2   --> E    G_5 D_5   
     e( 24 - 24) =     13.07309  eV     1   --> B_1  G_3 D_2   
     e( 25 - 25) =     14.66871  eV     1   --> A_1  G_1 D_1   
     e( 26 - 26) =     15.82540  eV     1   --> B_1  G_3 D_2   
     e( 27 - 27) =     16.06595  eV     1   --> A_1  G_1 D_1   
     e( 28 - 28) =     17.51231  eV     1   --> B_2  G_4 D_2'  
     e( 29 - 29) =     18.52548  eV     1   --> A_1  G_1 D_1   
     e( 30 - 31) =     18.56613  eV     2   --> E    G_5 D_5   
     e( 32 - 32) =     20.09417  eV     1   --> A_1  G_1 D_1   
     e( 33 - 33) =     20.40941  eV     1   --> B_2  G_4 D_2'  
     e( 34 - 34) =     20.48298  eV     1   --> B_1  G_3 D_2   
     e( 35 - 35) =     20.83029  eV     1   -->   ?

 **************************************************************************

 **************************************************************************

                    xk=(   0.40000,   0.00000,   0.00000  )

     Band symmetry, C_4v (4mm)  point group:

     e(  1 -  1) =    -46.74926  eV     1   --> A_1  G_1 D_1   
     e(  2 -  2) =    -23.30659  eV     1   --> A_1  G_1 D_1   
     e(  3 -  4) =    -23.26781  eV     2   --> E    G_5 D_5   
     e(  5 -  5) =    -15.25341  eV     1   --> A_1  G_1 D_1   
     e(  6 -  6) =     -7.20151  eV     1   --> A_1  G_1 D_1   
     e(  7 -  7) =     -6.30639  eV     1   --> B_1  G_3 D_2   
     e(  8 -  8) =     -6.14019  eV     1   --> A_1  G_1 D_1   
     e(  9 - 10) =     -0.34905  eV     2   --> E    G_5 D_5   
     e( 11 - 11) =     -0.14463  eV     1   --> A_1  G_1 D_1   
     e( 12 - 12) =      5.63447  eV     1   --> A_1  G_1 D_1   
     e( 13 - 14) =      6.72821  eV     2   --> E    G_5 D_5   
     e( 15 - 15) =      7.57700  eV     1   --> A_1  G_1 D_1   
     e( 16 - 17) =      7.62054  eV     2   --> E    G_5 D_5   
     e( 18 - 18) =      7.62832  eV     1   --> B_1  G_3 D_2   
     e( 19 - 20) =      8.71417  eV     2   --> E    G_5 D_5   
     e( 21 - 21) =     11.10823  eV     1   --> B_2  G_4 D_2'  
     e( 22 - 23) =     12.50970  eV     2   --> E    G_5 D_5   
     e( 24 - 24) =     13.07357  eV     1   --> B_1  G_3 D_2   
     e( 25 - 25) =     14.82321  eV     1   --> A_1  G_1 D_1   
     e( 26 - 26) =     16.05469  eV     1   --> B_1  G_3 D_2   
     e( 27 - 27) =     16.38729  eV     1   --> A_1  G_1 D_1   
     e( 28 - 28) =     17.47811  eV     1   --> B_2  G_4 D_2'  
     e( 29 - 30) =     18.67528  eV     2   --> E    G_5 D_5   
     e( 31 - 31) =     18.90170  eV     1   --> A_1  G_1 D_1   
     e( 32 - 32) =     20.17055  eV     1   --> A_1  G_1 D_1   
     e( 33 - 33) =     20.38862  eV     1   --> B_1  G_3 D_2   
     e( 34 - 34) =     20.40408  eV     1   --> B_2  G_4 D_2'  
     e( 35 - 35) =     20.83190  eV     1   -->   ?

 **************************************************************************

 **************************************************************************

                    xk=(   0.45000,   0.00000,   0.00000  )

     Band symmetry, C_4v (4mm)  point group:

     e(  1 -  1) =    -46.74922  eV     1   --> A_1  G_1 D_1   
     e(  2 -  2) =    -23.30949  eV     1   --> A_1  G_1 D_1   
     e(  3 -  4) =    -23.26768  eV     2   --> E    G_5 D_5   
     e(  5 -  5) =    -15.24647  eV     1   --> A_1  G_1 D_1   
     e(  6 -  6) =     -7.22157  eV     1   --> A_1  G_1 D_1   
     e(  7 -  7) =     -6.30385  eV     1   --> B_1  G_3 D_2   
     e(  8 -  8) =     -6.11235  eV     1   --> A_1  G_1 D_1   
     e(  9 - 10) =     -0.33772  eV     2   --> E    G_5 D_5   
     e( 11 - 11) =     -0.11843  eV     1   --> A_1  G_1 D_1   
     e( 12 - 12) =      5.52760  eV     1   --> A_1  G_1 D_1   
     e( 13 - 14) =      6.69024  eV     2   --> E    G_5 D_5   
     e( 15 - 15) =      7.48894  eV     1   --> A_1  G_1 D_1   
     e( 16 - 16) =      7.58181  eV     1   --> B_1  G_3 D_2   
     e( 17 - 18) =      7.59258  eV     2   --> E    G_5 D_5   
     e( 19 - 20) =      8.68452  eV     2   --> E    G_5 D_5   
     e( 21 - 21) =     11.11750  eV     1   --> B_2  G_4 D_2'  
     e( 22 - 23) =     12.60959  eV     2   --> E    G_5 D_5   
     e( 24 - 24) =     13.07388  eV     1   --> B_1  G_3 D_2   
     e( 25 - 25) =     14.91786  eV     1   --> A_1  G_1 D_1   
     e( 26 - 26) =     16.20730  eV     1   --> B_1  G_3 D_2   
     e( 27 - 27) =     16.61758  eV     1   --> A_1  G_1 D_1   
     e( 28 - 28) =     17.45609  eV     1   --> B_2  G_4 D_2'  
     e( 29 - 30) =     18.74490  eV     2   --> E    G_5 D_5   
     e( 31 - 31) =     19.03501  eV     1   --> A_1  G_1 D_1   
     e( 32 - 32) =     20.32182  eV     1   --> B_1  G_3 D_2   
     e( 33 - 33) =     20.40071  eV     1   --> B_2  G_4 D_2'  
     e( 34 - 34) =     20.51826  eV     1   --> A_1  G_1 D_1   
     e( 35 - 35) =     20.82771  eV     1   -->   ?

 **************************************************************************

 **************************************************************************

                    xk=(   0.50000,   0.00000,   0.00000  )

     point group D_4h(4/mmm)
     there are 10 classes
     the character table:

       E     2C4   C2    2C2'  2C2'' i     2S4   s_h   2s_v  2s_d 
A_1g   1.00  1.00  1.00  1.00  1.00  1.00  1.00  1.00  1.00  1.00
A_2g   1.00  1.00  1.00 -1.00 -1.00  1.00  1.00  1.00 -1.00 -1.00
B_1g   1.00 -1.00  1.00  1.00 -1.00  1.00 -1.00  1.00  1.00 -1.00
B_2g   1.00 -1.00  1.00 -1.00  1.00  1.00 -1.00  1.00 -1.00  1.00
E_g    2.00  0.00 -2.00  0.00  0.00  2.00  0.00 -2.00  0.00  0.00
A_1u   1.00  1.00  1.00  1.00  1.00 -1.00 -1.00 -1.00 -1.00 -1.00
A_2u   1.00  1.00  1.00 -1.00 -1.00 -1.00 -1.00 -1.00  1.00  1.00
B_1u   1.00 -1.00  1.00  1.00 -1.00 -1.00  1.00 -1.00 -1.00  1.00
B_2u   1.00 -1.00  1.00 -1.00  1.00 -1.00  1.00 -1.00  1.00 -1.00
E_u    2.00  0.00 -2.00  0.00  0.00 -2.00  0.00  2.00  0.00  0.00

     the symmetry operations in each class and the name of the first element:

     E        1
                                                                 
     2C4      7    8
                                                                 
     C2       4
                                                                 
     2C2'     2    3
                                                                 
     2C2''    5    6
                                                                 
     i        9
                                                                 
     2S4     15   16
                                                                 
     s_h     12
                                                                 
     2s_v    10   11
                                                                 
     2s_d    13   14
                                                                 

     Band symmetry, D_4h(4/mmm) point group:

     e(  1 -  1) =    -46.74920  eV     1   --> A_2u X_4' M_4' 
     e(  2 -  2) =    -23.31049  eV     1   --> A_1g X_1  M_1  
     e(  3 -  4) =    -23.26764  eV     2   --> E_g  X_5  M_5  
     e(  5 -  5) =    -15.24407  eV     1   --> A_1g X_1  M_1  
     e(  6 -  6) =     -7.22863  eV     1   --> A_2u X_4' M_4' 
     e(  7 -  7) =     -6.30297  eV     1   --> B_2u X_3' M_3' 
     e(  8 -  8) =     -6.10248  eV     1   --> A_1g X_1  M_1  
     e(  9 - 10) =     -0.33380  eV     2   --> E_u  X_5' M_5' 
     e( 11 - 11) =     -0.10942  eV     1   --> A_2u X_4' M_4' 
     e( 12 - 12) =      5.49097  eV     1   --> A_2u X_4' M_4' 
     e( 13 - 14) =      6.67688  eV     2   --> E_g  X_5  M_5  
     e( 15 - 15) =      7.45928  eV     1   --> A_1g X_1  M_1  
     e( 16 - 16) =      7.56597  eV     1   --> B_1g X_2  M_2  
     e( 17 - 18) =      7.58353  eV     2   --> E_u  X_5' M_5' 
     e( 19 - 20) =      8.67447  eV     2   --> E_g  X_5  M_5  
     e( 21 - 21) =     11.12071  eV     1   --> B_1u X_2' M_2' 
     e( 22 - 23) =     12.64375  eV     2   --> E_u  X_5' M_5' 
     e( 24 - 24) =     13.07398  eV     1   --> B_2u X_3' M_3' 
     e( 25 - 25) =     14.94973  eV     1   --> A_2u X_4' M_4' 
     e( 26 - 26) =     16.26105  eV     1   --> B_1g X_2  M_2  
     e( 27 - 27) =     16.70297  eV     1   --> A_1g X_1  M_1  
     e( 28 - 28) =     17.44849  eV     1   --> B_2g X_3  M_3  
     e( 29 - 30) =     18.76881  eV     2   --> E_g  X_5  M_5  
     e( 31 - 31) =     19.04766  eV     1   --> A_2u X_4' M_4' 
     e( 32 - 32) =     20.29749  eV     1   --> B_2u X_3' M_3' 
     e( 33 - 33) =     20.39955  eV     1   --> B_1u X_2' M_2' 
     e( 34 - 34) =     20.80683  eV     1   -->   ?
     e( 35 - 35) =     20.82457  eV     1   -->   ?

 **************************************************************************

 **************************************************************************

                    xk=(   0.55000,   0.00000,   0.00000  )

     point group C_4v (4mm) 
     there are  5 classes
     the character table:

       E     2C4   C2    2s_v  2s_d 
A_1    1.00  1.00  1.00  1.00  1.00
A_2    1.00  1.00  1.00 -1.00 -1.00
B_1    1.00 -1.00  1.00  1.00 -1.00
B_2    1.00 -1.00  1.00 -1.00  1.00
E      2.00  0.00 -2.00  0.00  0.00

     the symmetry operations in each class and the name of the first element:

     E        1
                                                                 
     2C4      3    4
                                                                 
     C2       2
                                                                 
     2s_v     5    6
                                                                 
     2s_d     7    8
                                                                 

     Band symmetry, C_4v (4mm)  point group:

     e(  1 -  1) =    -46.74922  eV     1   --> A_1  G_1 D_1   
     e(  2 -  2) =    -23.30949  eV     1   --> A_1  G_1 D_1   
     e(  3 -  4) =    -23.26768  eV     2   --> E    G_5 D_5   
     e(  5 -  5) =    -15.24647  eV     1   --> A_1  G_1 D_1   
     e(  6 -  6) =     -7.22157  eV     1   --> A_1  G_1 D_1   
     e(  7 -  7) =     -6.30385  eV     1   --> B_1  G_3 D_2   
     e(  8 -  8) =     -6.11235  eV     1   --> A_1  G_1 D_1   
     e(  9 - 10) =     -0.33772  eV     2   --> E    G_5 D_5   
     e( 11 - 11) =     -0.11843  eV     1   --> A_1  G_1 D_1   
     e( 12 - 12) =      5.52760  eV     1   --> A_1  G_1 D_1   
     e( 13 - 14) =      6.69024  eV     2   --> E    G_5 D_5   
     e( 15 - 15) =      7.48894  eV     1   --> A_1  G_1 D_1   
     e( 16 - 16) =      7.58181  eV     1   --> B_1  G_3 D_2   
     e( 17 - 18) =      7.59258  eV     2   --> E    G_5 D_5   
     e( 19 - 20) =      8.68452  eV     2   --> E    G_5 D_5   
     e( 21 - 21) =     11.11750  eV     1   --> B_2  G_4 D_2'  
     e( 22 - 23) =     12.60959  eV     2   --> E    G_5 D_5   
     e( 24 - 24) =     13.07388  eV     1   --> B_1  G_3 D_2   
     e( 25 - 25) =     14.91786  eV     1   --> A_1  G_1 D_1   
     e( 26 - 26) =     16.20730  eV     1   --> B_1  G_3 D_2   
     e( 27 - 27) =     16.61758  eV     1   --> A_1  G_1 D_1   
     e( 28 - 28) =     17.45609  eV     1   --> B_2  G_4 D_2'  
     e( 29 - 30) =     18.74490  eV     2   --> E    G_5 D_5   
     e( 31 - 31) =     19.03501  eV     1   --> A_1  G_1 D_1   
     e( 32 - 32) =     20.32182  eV     1   --> B_1  G_3 D_2   
     e( 33 - 33) =     20.40071  eV     1   --> B_2  G_4 D_2'  
     e( 34 - 34) =     20.51826  eV     1   --> A_1  G_1 D_1   
     e( 35 - 35) =     20.82771  eV     1   -->   ?

 **************************************************************************

 **************************************************************************

                    xk=(   0.60000,   0.00000,   0.00000  )

     Band symmetry, C_4v (4mm)  point group:

     e(  1 -  1) =    -46.74926  eV     1   --> A_1  G_1 D_1   
     e(  2 -  2) =    -23.30659  eV     1   --> A_1  G_1 D_1   
     e(  3 -  4) =    -23.26781  eV     2   --> E    G_5 D_5   
     e(  5 -  5) =    -15.25341  eV     1   --> A_1  G_1 D_1   
     e(  6 -  6) =     -7.20151  eV     1   --> A_1  G_1 D_1   
     e(  7 -  7) =     -6.30639  eV     1   --> B_1  G_3 D_2   
     e(  8 -  8) =     -6.14019  eV     1   --> A_1  G_1 D_1   
     e(  9 - 10) =     -0.34905  eV     2   --> E    G_5 D_5   
     e( 11 - 11) =     -0.14463  eV     1   --> A_1  G_1 D_1   
     e( 12 - 12) =      5.63447  eV     1   --> A_1  G_1 D_1   
     e( 13 - 14) =      6.72821  eV     2   --> E    G_5 D_5   
     e( 15 - 15) =      7.57700  eV     1   --> A_1  G_1 D_1   
     e( 16 - 17) =      7.62054  eV     2   --> E    G_5 D_5   
     e( 18 - 18) =      7.62832  eV     1   --> B_1  G_3 D_2   
     e( 19 - 20) =      8.71417  eV     2   --> E    G_5 D_5   
     e( 21 - 21) =     11.10823  eV     1   --> B_2  G_4 D_2'  
     e( 22 - 23) =     12.50970  eV     2   --> E    G_5 D_5   
     e( 24 - 24) =     13.07357  eV     1   --> B_1  G_3 D_2   
     e( 25 - 25) =     14.82321  eV     1   --> A_1  G_1 D_1   
     e( 26 - 26) =     16.05469  eV     1   --> B_1  G_3 D_2   
     e( 27 - 27) =     16.38729  eV     1   --> A_1  G_1 D_1   
     e( 28 - 28) =     17.47811  eV     1   --> B_2  G_4 D_2'  
     e( 29 - 30) =     18.67528  eV     2   --> E    G_5 D_5   
     e( 31 - 31) =     18.90170  eV     1   --> A_1  G_1 D_1   
     e( 32 - 32) =     20.17055  eV     1   --> A_1  G_1 D_1   
     e( 33 - 33) =     20.38862  eV     1   --> B_1  G_3 D_2   
     e( 34 - 34) =     20.40408  eV     1   --> B_2  G_4 D_2'  
     e( 35 - 35) =     20.83190  eV     1   -->   ?

 **************************************************************************

 **************************************************************************

                    xk=(   0.65000,   0.00000,   0.00000  )

     Band symmetry, C_4v (4mm)  point group:

     e(  1 -  1) =    -46.74932  eV     1   --> A_1  G_1 D_1   
     e(  2 -  2) =    -23.30207  eV     1   --> A_1  G_1 D_1   
     e(  3 -  4) =    -23.26800  eV     2   --> E    G_5 D_5   
     e(  5 -  5) =    -15.26417  eV     1   --> A_1  G_1 D_1   
     e(  6 -  6) =     -7.17172  eV     1   --> A_1  G_1 D_1   
     e(  7 -  7) =     -6.31036  eV     1   --> B_1  G_3 D_2   
     e(  8 -  8) =     -6.18107  eV     1   --> A_1  G_1 D_1   
     e(  9 - 10) =     -0.36654  eV     2   --> E    G_5 D_5   
     e( 11 - 11) =     -0.18562  eV     1   --> A_1  G_1 D_1   
     e( 12 - 12) =      5.80258  eV     1   --> A_1  G_1 D_1   
     e( 13 - 14) =      6.78470  eV     2   --> E    G_5 D_5   
     e( 15 - 16) =      7.66971  eV     2   --> E    G_5 D_5   
     e( 17 - 17) =      7.70261  eV     1   --> B_1  G_3 D_2   
     e( 18 - 18) =      7.72045  eV     1   --> A_1  G_1 D_1   
     e( 19 - 20) =      8.76185  eV     2   --> E    G_5 D_5   
     e( 21 - 21) =     11.09388  eV     1   --> B_2  G_4 D_2'  
     e( 22 - 23) =     12.35152  eV     2   --> E    G_5 D_5   
     e( 24 - 24) =     13.07309  eV     1   --> B_1  G_3 D_2   
     e( 25 - 25) =     14.66871  eV     1   --> A_1  G_1 D_1   
     e( 26 - 26) =     15.82540  eV     1   --> B_1  G_3 D_2   
     e( 27 - 27) =     16.06595  eV     1   --> A_1  G_1 D_1   
     e( 28 - 28) =     17.51231  eV     1   --> B_2  G_4 D_2'  
     e( 29 - 29) =     18.52548  eV     1   --> A_1  G_1 D_1   
     e( 30 - 31) =     18.56613  eV     2   --> E    G_5 D_5   
     e( 32 - 32) =     20.09417  eV     1   --> A_1  G_1 D_1   
     e( 33 - 33) =     20.40941  eV     1   --> B_2  G_4 D_2'  
     e( 34 - 34) =     20.48298  eV     1   --> B_1  G_3 D_2   
     e( 35 - 35) =     20.83029  eV     1   -->   ?

 **************************************************************************

 **************************************************************************

                    xk=(   0.70000,   0.00000,   0.00000  )

     Band symmetry, C_4v (4mm)  point group:

     e(  1 -  1) =    -46.74940  eV     1   --> A_1  G_1 D_1   
     e(  2 -  2) =    -23.29636  eV     1   --> A_1  G_1 D_1   
     e(  3 -  4) =    -23.26824  eV     2   --> E    G_5 D_5   
     e(  5 -  5) =    -15.27765  eV     1   --> A_1  G_1 D_1   
     e(  6 -  6) =     -7.13733  eV     1   --> A_1  G_1 D_1   
     e(  7 -  7) =     -6.31534  eV     1   --> B_1  G_3 D_2   
     e(  8 -  8) =     -6.22765  eV     1   --> A_1  G_1 D_1   
     e(  9 - 10) =     -0.38830  eV     2   --> E    G_5 D_5   
     e( 11 - 11) =     -0.23757  eV     1   --> A_1  G_1 D_1   
     e( 12 - 12) =      6.01731  eV     1   --> A_1  G_1 D_1   
     e( 13 - 14) =      6.85050  eV     2   --> E    G_5 D_5   
     e( 15 - 16) =      7.74295  eV     2   --> E    G_5 D_5   
     e( 17 - 17) =      7.79973  eV     1   --> B_1  G_3 D_2   
     e( 18 - 18) =      7.91433  eV     1   --> A_1  G_1 D_1   
     e( 19 - 20) =      8.82484  eV     2   --> E    G_5 D_5   
     e( 21 - 21) =     11.07598  eV     1   --> B_2  G_4 D_2'  
     e( 22 - 23) =     12.14651  eV     2   --> E    G_5 D_5   
     e( 24 - 24) =     13.07249  eV     1   --> B_1  G_3 D_2   
     e( 25 - 25) =     14.45957  eV     1   --> A_1  G_1 D_1   
     e( 26 - 26) =     15.54767  eV     1   --> B_1  G_3 D_2   
     e( 27 - 27) =     15.70407  eV     1   --> A_1  G_1 D_1   
     e( 28 - 28) =     17.55524  eV     1   --> B_2  G_4 D_2'  
     e( 29 - 29) =     18.01956  eV     1   --> A_1  G_1 D_1   
     e( 30 - 31) =     18.42731  eV     2   --> E    G_5 D_5   
     e( 32 - 32) =     20.19302  eV     1   --> A_1  G_1 D_1   
     e( 33 - 33) =     20.41624  eV     1   --> B_2  G_4 D_2'  
     e( 34 - 34) =     20.58823  eV     1   --> B_1  G_3 D_2   
     e( 35 - 35) =     20.82594  eV     1   -->   ?

 **************************************************************************

 **************************************************************************

                    xk=(   0.75000,   0.00000,   0.00000  )

     Band symmetry, C_4v (4mm)  point group:

     e(  1 -  1) =    -46.74949  eV     1   --> A_1  G_1 D_1   
     e(  2 -  2) =    -23.29002  eV     1   --> A_1  G_1 D_1   
     e(  3 -  4) =    -23.26852  eV     2   --> E    G_5 D_5   
     e(  5 -  5) =    -15.29249  eV     1   --> A_1  G_1 D_1   
     e(  6 -  6) =     -7.10456  eV     1   --> A_1  G_1 D_1   
     e(  7 -  7) =     -6.32085  eV     1   --> B_1  G_3 D_2   
     e(  8 -  8) =     -6.27165  eV     1   --> A_1  G_1 D_1   
     e(  9 - 10) =     -0.41207  eV     2   --> E    G_5 D_5   
     e( 11 - 11) =     -0.29558  eV     1   --> A_1  G_1 D_1   
     e( 12 - 12) =      6.25906  eV     1   --> A_1  G_1 D_1   
     e( 13 - 14) =      6.91546  eV     2   --> E    G_5 D_5   
     e( 15 - 16) =      7.84142  eV     2   --> E    G_5 D_5   
     e( 17 - 17) =      7.91241  eV     1   --> B_1  G_3 D_2   
     e( 18 - 18) =      8.15106  eV     1   --> A_1  G_1 D_1   
     e( 19 - 20) =      8.89932  eV     2   --> E    G_5 D_5   
     e( 21 - 21) =     11.05636  eV     1   --> B_2  G_4 D_2'  
     e( 22 - 23) =     11.90930  eV     2   --> E    G_5 D_5   
     e( 24 - 24) =     13.07181  eV     1   --> B_1  G_3 D_2   
     e( 25 - 25) =     14.20415  eV     1   --> A_1  G_1 D_1   
     e( 26 - 26) =     15.25013  eV     1   --> B_1  G_3 D_2   
     e( 27 - 27) =     15.34063  eV     1   --> A_1  G_1 D_1   
     e( 28 - 28) =     17.50865  eV     1   --> A_1  G_1 D_1   
     e( 29 - 29) =     17.60263  eV     1   --> B_2  G_4 D_2'  
     e( 30 - 31) =     18.27165  eV     2   --> E    G_5 D_5   
     e( 32 - 32) =     20.34232  eV     1   --> A_1  G_1 D_1   
     e( 33 - 33) =     20.42399  eV     1   --> B_2  G_4 D_2'  
     e( 34 - 34) =     20.69081  eV     1   --> B_1  G_3 D_2   
     e( 35 - 35) =     20.82086  eV     1   -->   ?

 **************************************************************************

 **************************************************************************

                    xk=(   0.80000,   0.00000,   0.00000  )

     Band symmetry, C_4v (4mm)  point group:

     e(  1 -  1) =    -46.74958  eV     1   --> A_1  G_1 D_1   
     e(  2 -  2) =    -23.28366  eV     1   --> A_1  G_1 D_1   
     e(  3 -  4) =    -23.26879  eV     2   --> E    G_5 D_5   
     e(  5 -  5) =    -15.30723  eV     1   --> A_1  G_1 D_1   
     e(  6 -  6) =     -7.07915  eV     1   --> A_1  G_1 D_1   
     e(  7 -  7) =     -6.32634  eV     1   --> B_1  G_3 D_2   
     e(  8 -  8) =     -6.30594  eV     1   --> A_1  G_1 D_1   
     e(  9 - 10) =     -0.43548  eV     2   --> E    G_5 D_5   
     e( 11 - 11) =     -0.35404  eV     1   --> A_1  G_1 D_1   
     e( 12 - 12) =      6.50466  eV     1   --> A_1  G_1 D_1   
     e( 13 - 14) =      6.97155  eV     2   --> E    G_5 D_5   
     e( 15 - 16) =      7.96108  eV     2   --> E    G_5 D_5   
     e( 17 - 17) =      8.03117  eV     1   --> B_1  G_3 D_2   
     e( 18 - 18) =      8.41860  eV     1   --> A_1  G_1 D_1   
     e( 19 - 20) =      8.98039  eV     2   --> E    G_5 D_5   
     e( 21 - 21) =     11.03695  eV     1   --> B_2  G_4 D_2'  
     e( 22 - 23) =     11.65742  eV     2   --> E    G_5 D_5   
     e( 24 - 24) =     13.07114  eV     1   --> B_1  G_3 D_2   
     e( 25 - 25) =     13.91596  eV     1   --> A_1  G_1 D_1   
     e( 26 - 26) =     14.95969  eV     1   --> B_1  G_3 D_2   
     e( 27 - 27) =     15.00512  eV     1   --> A_1  G_1 D_1   
     e( 28 - 28) =     17.04676  eV     1   --> A_1  G_1 D_1   
     e( 29 - 29) =     17.64979  eV     1   --> B_2  G_4 D_2'  
     e( 30 - 31) =     18.11409  eV     2   --> E    G_5 D_5   
     e( 32 - 32) =     20.43193  eV     1   --> B_2  G_4 D_2'  
     e( 33 - 33) =     20.49196  eV     1   --> A_1  G_1 D_1   
     e( 34 - 34) =     20.78159  eV     1   --> B_1  G_3 D_2   
     e( 35 - 35) =     20.81587  eV     1   -->   ?

 **************************************************************************

 **************************************************************************

                    xk=(   0.85000,   0.00000,   0.00000  )

     Band symmetry, C_4v (4mm)  point group:

     e(  1 -  1) =    -46.74966  eV     1   --> A_1  G_1 D_1   
     e(  2 -  2) =    -23.27791  eV     1   --> A_1  G_1 D_1   
     e(  3 -  4) =    -23.26903  eV     2   --> E    G_5 D_5   
     e(  5 -  5) =    -15.32044  eV     1   --> A_1  G_1 D_1   
     e(  6 -  6) =     -7.06412  eV     1   --> A_1  G_1 D_1   
     e(  7 -  7) =     -6.33129  eV     1   --> B_1  G_3 D_2   
     e(  8 -  8) =     -6.32699  eV     1   --> A_1  G_1 D_1   
     e(  9 - 10) =     -0.45633  eV     2   --> E    G_5 D_5   
     e( 11 - 11) =     -0.40722  eV     1   --> A_1  G_1 D_1   
     e( 12 - 12) =      6.72934  eV     1   --> A_1  G_1 D_1   
     e( 13 - 14) =      7.01467  eV     2   --> E    G_5 D_5   
     e( 15 - 16) =      8.08997  eV     2   --> E    G_5 D_5   
     e( 17 - 17) =      8.14423  eV     1   --> B_1  G_3 D_2   
     e( 18 - 18) =      8.69688  eV     1   --> A_1  G_1 D_1   
     e( 19 - 20) =      9.06195  eV     2   --> E    G_5 D_5   
     e( 21 - 21) =     11.01964  eV     1   --> B_2  G_4 D_2'  
     e( 22 - 23) =     11.41183  eV     2   --> E    G_5 D_5   
     e( 24 - 24) =     13.07052  eV     1   --> B_1  G_3 D_2   
     e( 25 - 25) =     13.61728  eV     1   --> A_1  G_1 D_1   
     e( 26 - 26) =     14.70110  eV     1   --> B_1  G_3 D_2   
     e( 27 - 27) =     14.72005  eV     1   --> A_1  G_1 D_1   
     e( 28 - 28) =     16.66217  eV     1   --> A_1  G_1 D_1   
     e( 29 - 29) =     17.69215  eV     1   --> B_2  G_4 D_2'  
     e( 30 - 31) =     17.97024  eV     2   --> E    G_5 D_5   
     e( 32 - 32) =     20.43926  eV     1   --> B_2  G_4 D_2'  
     e( 33 - 33) =     20.62169  eV     1   --> A_1  G_1 D_1   
     e( 34 - 35) =     20.81147  eV     2   --> E    G_5 D_5   

 **************************************************************************

 **************************************************************************

                    xk=(   0.90000,   0.00000,   0.00000  )

     Band symmetry, C_4v (4mm)  point group:

     e(  1 -  1) =    -46.74973  eV     1   --> A_1  G_1 D_1   
     e(  2 -  2) =    -23.27334  eV     1   --> A_1  G_1 D_1   
     e(  3 -  4) =    -23.26923  eV     2   --> E    G_5 D_5   
     e(  5 -  5) =    -15.33086  eV     1   --> A_1  G_1 D_1   
     e(  6 -  6) =     -7.05833  eV     1   --> A_1  G_1 D_1   
     e(  7 -  7) =     -6.33622  eV     1   --> A_1  G_1 D_1   
     e(  8 -  8) =     -6.33520  eV     1   --> B_1  G_3 D_2   
     e(  9 - 10) =     -0.47268  eV     2   --> E    G_5 D_5   
     e( 11 - 11) =     -0.44972  eV     1   --> A_1  G_1 D_1   
     e( 12 - 12) =      6.90970  eV     1   --> A_1  G_1 D_1   
     e( 13 - 14) =      7.04426  eV     2   --> E    G_5 D_5   
     e( 15 - 16) =      8.20842  eV     2   --> E    G_5 D_5   
     e( 17 - 17) =      8.23859  eV     1   --> B_1  G_3 D_2   
     e( 18 - 18) =      8.95329  eV     1   --> A_1  G_1 D_1   
     e( 19 - 20) =      9.13600  eV     2   --> E    G_5 D_5   
     e( 21 - 21) =     11.00602  eV     1   --> B_2  G_4 D_2'  
     e( 22 - 23) =     11.19849  eV     2   --> E    G_5 D_5   
     e( 24 - 24) =     13.07002  eV     1   --> B_1  G_3 D_2   
     e( 25 - 25) =     13.34351  eV     1   --> A_1  G_1 D_1   
     e( 26 - 26) =     14.49674  eV     1   --> B_1  G_3 D_2   
     e( 27 - 27) =     14.50279  eV     1   --> A_1  G_1 D_1   
     e( 28 - 28) =     16.37419  eV     1   --> A_1  G_1 D_1   
     e( 29 - 29) =     17.72563  eV     1   --> B_2  G_4 D_2'  
     e( 30 - 31) =     17.85489  eV     2   --> E    G_5 D_5   
     e( 32 - 32) =     20.44520  eV     1   --> B_2  G_4 D_2'  
     e( 33 - 33) =     20.72116  eV     1   --> A_1  G_1 D_1   
     e( 34 - 35) =     20.80804  eV     2   --> E    G_5 D_5   

 **************************************************************************

 **************************************************************************

                    xk=(   0.95000,   0.00000,   0.00000  )

     Band symmetry, C_4v (4mm)  point group:

     e(  1 -  1) =    -46.74977  eV     1   --> A_1  G_1 D_1   
     e(  2 -  2) =    -23.27041  eV     1   --> A_1  G_1 D_1   
     e(  3 -  4) =    -23.26935  eV     2   --> E    G_5 D_5   
     e(  5 -  5) =    -15.33753  eV     1   --> A_1  G_1 D_1   
     e(  6 -  6) =     -7.05768  eV     1   --> A_1  G_1 D_1   
     e(  7 -  7) =     -6.33847  eV     1   --> A_1  G_1 D_1   
     e(  8 -  8) =     -6.33771  eV     1   --> B_1  G_3 D_2   
     e(  9 - 10) =     -0.48309  eV     2   --> E    G_5 D_5   
     e( 11 - 11) =     -0.47717  eV     1   --> A_1  G_1 D_1   
     e( 12 - 12) =      7.02644  eV     1   --> A_1  G_1 D_1   
     e( 13 - 14) =      7.06129  eV     2   --> E    G_5 D_5   
     e( 15 - 16) =      8.29298  eV     2   --> E    G_5 D_5   
     e( 17 - 17) =      8.30160  eV     1   --> B_1  G_3 D_2   
     e( 18 - 18) =      9.14129  eV     1   --> A_1  G_1 D_1   
     e( 19 - 20) =      9.19074  eV     2   --> E    G_5 D_5   
     e( 21 - 21) =     10.99733  eV     1   --> B_2  G_4 D_2'  
     e( 22 - 23) =     11.04893  eV     2   --> E    G_5 D_5   
     e( 24 - 24) =     13.06970  eV     1   --> B_1  G_3 D_2   
     e( 25 - 25) =     13.14392  eV     1   --> A_1  G_1 D_1   
     e( 26 - 26) =     14.36539  eV     1   --> B_1  G_3 D_2   
     e( 27 - 27) =     14.36653  eV     1   --> A_1  G_1 D_1   
     e( 28 - 28) =     16.19620  eV     1   --> A_1  G_1 D_1   
     e( 29 - 29) =     17.74707  eV     1   --> B_2  G_4 D_2'  
     e( 30 - 31) =     17.78026  eV     2   --> E    G_5 D_5   
     e( 32 - 32) =     20.44906  eV     1   --> B_2  G_4 D_2'  
     e( 33 - 33) =     20.78374  eV     1   --> A_1  G_1 D_1   
     e( 34 - 35) =     20.80587  eV     2   --> E    G_5 D_5   

 **************************************************************************

 **************************************************************************

                    xk=(   1.00000,   0.00000,   0.00000  )

     point group O_h (m-3m) 
     there are 10 classes
     the character table:

       E     8C3   3C2   6C4   6C2'  i     8S6   3s_h  6S4   6s_d 
A_1g   1.00  1.00  1.00  1.00  1.00  1.00  1.00  1.00  1.00  1.00
A_2g   1.00  1.00  1.00 -1.00 -1.00  1.00  1.00  1.00 -1.00 -1.00
E_g    2.00 -1.00  2.00  0.00  0.00  2.00 -1.00  2.00  0.00  0.00
T_1g   3.00  0.00 -1.00  1.00 -1.00  3.00  0.00 -1.00  1.00 -1.00
T_2g   3.00  0.00 -1.00 -1.00  1.00  3.00  0.00 -1.00 -1.00  1.00
A_1u   1.00  1.00  1.00  1.00  1.00 -1.00 -1.00 -1.00 -1.00 -1.00
A_2u   1.00  1.00  1.00 -1.00 -1.00 -1.00 -1.00 -1.00  1.00  1.00
E_u    2.00 -1.00  2.00  0.00  0.00 -2.00  1.00 -2.00  0.00  0.00
T_1u   3.00  0.00 -1.00  1.00 -1.00 -3.00  0.00  1.00 -1.00  1.00
T_2u   3.00  0.00 -1.00 -1.00  1.00 -3.00  0.00  1.00  1.00 -1.00

     the symmetry operations in each class and the name of the first element:

     E        1
                                                                 
     8C3     17   19   20   18   24   21   22   23
                                                                 
     3C2      2    4    3
                                                                 
     6C4      7    8   15   16   12   11
                                                                 
     6C2'     5    6   14   13   10    9
                                                                 
     i       25
                                                                 
     8S6     41   43   44   42   48   45   46   47
                                                                 
     3s_h    26   28   27
                                                                 
     6S4     31   32   39   40   36   35
                                                                 
     6s_d    29   30   38   37   34   33
                                                                 

     Band symmetry, O_h (m-3m)  point group:

     e(  1 -  1) =    -46.74978  eV     1   --> A_1g G_1   G_1+
     e(  2 -  4) =    -23.26939  eV     3   --> T_1u G_15  G_4-
     e(  5 -  5) =    -15.33982  eV     1   --> A_1g G_1   G_1+
     e(  6 -  6) =     -7.05802  eV     1   --> A_1g G_1   G_1+
     e(  7 -  8) =     -6.33858  eV     2   --> E_g  G_12  G_3+
     e(  9 - 11) =     -0.48665  eV     3   --> T_1u G_15  G_4-
     e( 12 - 14) =      7.06685  eV     3   --> T_1u G_15  G_4-
     e( 15 - 17) =      8.32379  eV     3   --> T_2u G_25  G_5-
     e( 18 - 20) =      9.21152  eV     3   --> T_1u G_15  G_4-
     e( 21 - 23) =     10.99435  eV     3   --> T_2g G_25' G_5+
     e( 24 - 25) =     13.06959  eV     2   --> E_g  G_12  G_3+
     e( 26 - 27) =     14.32005  eV     2   --> E_g  G_12  G_3+
     e( 28 - 28) =     16.13603  eV     1   --> A_1g G_1   G_1+
     e( 29 - 31) =     17.75444  eV     3   --> T_2g G_25' G_5+
     e( 32 - 32) =     20.45041  eV     1   --> A_2u G_2'  G_2-
     e( 33 - 35) =     20.80513  eV     3   --> T_1u G_15  G_4-

 **************************************************************************
 
     BANDS        :     28.47s CPU     29.21s WALL

 
   This run was terminated on:  22:22:57  20Oct2025            

=------------------------------------------------------------------------------=
   JOB DONE.
=------------------------------------------------------------------------------=
TACC:  Shutdown complete. Exiting. 
