mkdir: cannot create directory ‘/work2/11018/zhc/stampede3/SrTiO3’: File exists
+ PREFIX=BTO_k8
+ PSEUDO_DIR=/scratch/11018/zhc/Assisgnment2/Q1/1D/Kpoints/
+ INFILE=BTO_k8.in
+ OUTFILE=BTO_k8.out
+ cat
+ module purge
+ '[' -z '' ']'
+ case "$-" in
+ __lmod_sh_dbg=x
+ '[' -n x ']'
+ set +x
+ unset __lmod_sh_dbg
+ return 0
+ module load intel/24.0 impi/21.11
+ '[' -z '' ']'
+ case "$-" in
+ __lmod_sh_dbg=x
+ '[' -n x ']'
+ set +x
+ unset __lmod_sh_dbg
+ return 0
+ module load qe/7.3
+ '[' -z '' ']'
+ case "$-" in
+ __lmod_sh_dbg=x
+ '[' -n x ']'
+ set +x
+ unset __lmod_sh_dbg
+ return 0
+ module list
+ '[' -z '' ']'
+ case "$-" in
+ __lmod_sh_dbg=x
+ '[' -n x ']'
+ set +x

Currently Loaded Modules:
  1) intel/24.0   2) impi/21.11   3) qe/7.3

 

+ unset __lmod_sh_dbg
+ return 0
+ ibrun pw.x
+ rm '*.igk' '*.wfc*'
rm: cannot remove '*.igk': No such file or directory
rm: cannot remove '*.wfc*': No such file or directory
+ rm -r BTO_k8.save
+ mv /scratch/11018/zhc/bto_k8 /scratch/11018/zhc/A2Q1D_kp
+ cd /scratch/11018/zhc/Assisgnment2/Q1/1D/Kpoints
+ mv slurm-2476555.err slurm-2476555.out /scratch/11018/zhc/A2Q1D_kp
+ echo 'Copying results to /work2/11018/zhc/stampede3/SrTiO3 to save after job is done'
+ cp -rp /scratch/11018/zhc/A2Q1D_kp /work2/11018/zhc/stampede3/SrTiO3
++ date
++ hostname
+ echo 'End: Sat Oct 18 03:27:56 PM CDT 2025 on c454-091.stampede3.tacc.utexas.edu'
