TACC:  Starting up job 2475503 
TACC:  Starting parallel tasks... 

     Program PROJWFC v.7.3 starts on 17Oct2025 at 23:26:45 

     This program is part of the open-source Quantum ESPRESSO suite
     for quantum simulation of materials; please cite
         "P. Giannozzi et al., J. Phys.:Condens. Matter 21 395502 (2009);
         "P. Giannozzi et al., J. Phys.:Condens. Matter 29 465901 (2017);
         "P. Giannozzi et al., J. Chem. Phys. 152 154105 (2020);
          URL http://www.quantum-espresso.org", 
     in publications or presentations arising from this work. More details at
     http://www.quantum-espresso.org/quote

     Parallel version (MPI & OpenMP), running on       4 processor cores
     Number of MPI processes:                 4
     Threads/MPI process:                     1

     MPI processes distributed on     1 nodes
     R & G space division:  proc/nbgrp/npool/nimage =       4
     186243 MiB available memory on the printing compute node when the environment starts
 

     Reading xml data from directory:

     ./Si_bands.save/

     IMPORTANT: XC functional enforced from input :
     Exchange-correlation= PZ
                           (   1   1   0   0   0   0   0)
     Any further DFT definition will be discarded
     Please, verify this is what you really want

 
     Parallelization info
     --------------------
     sticks:   dense  smooth     PW     G-vecs:    dense   smooth      PW
     Min         267      70     27                 5821      784     186
     Max         268      71     28                 5825      787     189
     Sum        1069     283    109                23289     3143     749
 
     Using Slab Decomposition
 

     Gaussian broadening (default values): ngauss,degauss=   0    0.007350


     Calling projwave .... 
     Subspace diagonalization in iterative solution of the eigenvalue problem:
     one sub-group per band group will be used
     ELPA distributed-memory algorithm (size of sub-group:  2*  2 procs)

     linear algebra parallelized on   4 procs
 
  Problem Sizes 
  natomwfc =            8
  nx       =            4
  nbnd     =            8
  nkstot   =           41
  npwx     =          110
  nkb      =           36
 

     Atomic states used for projection
     (read from pseudopotential files):

     state #   1: atom   1 (Si ), wfc  1 (l=0 m= 1)
     state #   2: atom   1 (Si ), wfc  2 (l=1 m= 1)
     state #   3: atom   1 (Si ), wfc  2 (l=1 m= 2)
     state #   4: atom   1 (Si ), wfc  2 (l=1 m= 3)
     state #   5: atom   2 (Si ), wfc  1 (l=0 m= 1)
     state #   6: atom   2 (Si ), wfc  2 (l=1 m= 1)
     state #   7: atom   2 (Si ), wfc  2 (l=1 m= 2)
     state #   8: atom   2 (Si ), wfc  2 (l=1 m= 3)

 k =  -0.5000000000  0.5000000000  0.5000000000
==== e(   1) =    -3.50542 eV ==== 
     psi = 0.384*[#   1]+0.384*[#   5]+0.038*[#   2]+0.038*[#   3]+0.038*[#   4]
          +0.038*[#   6]+0.038*[#   7]+0.038*[#   8]
    |psi|^2 = 0.997
==== e(   2) =    -0.87999 eV ==== 
     psi = 0.127*[#   2]+0.127*[#   3]+0.127*[#   4]+0.127*[#   6]+0.127*[#   7]
          +0.127*[#   8]+0.114*[#   1]+0.114*[#   5]
    |psi|^2 = 0.988
==== e(   3) =     4.98776 eV ==== 
     psi = 0.165*[#   2]+0.165*[#   3]+0.165*[#   4]+0.165*[#   6]+0.165*[#   7]
          +0.165*[#   8]
    |psi|^2 = 0.988
==== e(   4) =     4.98776 eV ==== 
     psi = 0.165*[#   2]+0.165*[#   3]+0.165*[#   4]+0.165*[#   6]+0.165*[#   7]
          +0.165*[#   8]
    |psi|^2 = 0.988
==== e(   5) =     7.69116 eV ==== 
     psi = 0.344*[#   1]+0.344*[#   5]+0.038*[#   2]+0.038*[#   3]+0.038*[#   4]
          +0.038*[#   6]+0.038*[#   7]+0.038*[#   8]
    |psi|^2 = 0.919
==== e(   6) =     9.49553 eV ==== 
     psi = 0.128*[#   2]+0.128*[#   3]+0.128*[#   4]+0.128*[#   6]+0.128*[#   7]
          +0.128*[#   8]
    |psi|^2 = 0.769
==== e(   7) =     9.49553 eV ==== 
     psi = 0.128*[#   2]+0.128*[#   3]+0.128*[#   4]+0.128*[#   6]+0.128*[#   7]
          +0.128*[#   8]
    |psi|^2 = 0.769
==== e(   8) =    13.74771 eV ==== 
     psi = 0.021*[#   2]+0.021*[#   3]+0.021*[#   4]+0.021*[#   6]+0.021*[#   7]
          +0.021*[#   8]+0.019*[#   1]+0.019*[#   5]
    |psi|^2 = 0.166

 k =  -0.4750000000  0.4750000000  0.4750000000
==== e(   1) =    -3.54296 eV ==== 
     psi = 0.381*[#   1]+0.381*[#   5]+0.039*[#   2]+0.039*[#   3]+0.039*[#   4]
          +0.039*[#   6]+0.039*[#   7]+0.039*[#   8]
    |psi|^2 = 0.997
==== e(   2) =    -0.82748 eV ==== 
     psi = 0.126*[#   2]+0.126*[#   3]+0.126*[#   4]+0.126*[#   6]+0.126*[#   7]
          +0.126*[#   8]+0.117*[#   1]+0.117*[#   5]
    |psi|^2 = 0.988
==== e(   3) =     4.99205 eV ==== 
     psi = 0.165*[#   2]+0.165*[#   3]+0.165*[#   4]+0.165*[#   6]+0.165*[#   7]
          +0.165*[#   8]
    |psi|^2 = 0.988
==== e(   4) =     4.99205 eV ==== 
     psi = 0.165*[#   2]+0.165*[#   3]+0.165*[#   4]+0.165*[#   6]+0.165*[#   7]
          +0.165*[#   8]
    |psi|^2 = 0.988
==== e(   5) =     7.69632 eV ==== 
     psi = 0.343*[#   1]+0.343*[#   5]+0.039*[#   2]+0.039*[#   3]+0.039*[#   4]
          +0.039*[#   6]+0.039*[#   7]+0.039*[#   8]
    |psi|^2 = 0.919
==== e(   6) =     9.50081 eV ==== 
     psi = 0.128*[#   2]+0.128*[#   3]+0.128*[#   4]+0.128*[#   6]+0.128*[#   7]
          +0.128*[#   8]
    |psi|^2 = 0.770
==== e(   7) =     9.50081 eV ==== 
     psi = 0.128*[#   2]+0.128*[#   3]+0.128*[#   4]+0.128*[#   6]+0.128*[#   7]
          +0.128*[#   8]
    |psi|^2 = 0.770
==== e(   8) =    13.75624 eV ==== 
     psi = 0.022*[#   2]+0.022*[#   3]+0.022*[#   4]+0.022*[#   6]+0.022*[#   7]
          +0.022*[#   8]+0.019*[#   1]+0.019*[#   5]
    |psi|^2 = 0.169

 k =  -0.4500000000  0.4500000000  0.4500000000
==== e(   1) =    -3.64553 eV ==== 
     psi = 0.374*[#   1]+0.374*[#   5]+0.041*[#   2]+0.041*[#   3]+0.041*[#   4]
          +0.041*[#   6]+0.041*[#   7]+0.041*[#   8]
    |psi|^2 = 0.997
==== e(   2) =    -0.67803 eV ==== 
     psi = 0.125*[#   1]+0.125*[#   5]+0.123*[#   2]+0.123*[#   3]+0.123*[#   4]
          +0.123*[#   6]+0.123*[#   7]+0.123*[#   8]
    |psi|^2 = 0.988
==== e(   3) =     5.00554 eV ==== 
     psi = 0.165*[#   2]+0.165*[#   3]+0.165*[#   4]+0.165*[#   6]+0.165*[#   7]
          +0.165*[#   8]
    |psi|^2 = 0.988
==== e(   4) =     5.00554 eV ==== 
     psi = 0.165*[#   2]+0.165*[#   3]+0.165*[#   4]+0.165*[#   6]+0.165*[#   7]
          +0.165*[#   8]
    |psi|^2 = 0.988
==== e(   5) =     7.71192 eV ==== 
     psi = 0.341*[#   1]+0.341*[#   5]+0.040*[#   2]+0.040*[#   3]+0.040*[#   4]
          +0.040*[#   6]+0.040*[#   7]+0.040*[#   8]
    |psi|^2 = 0.920
==== e(   6) =     9.51695 eV ==== 
     psi = 0.129*[#   2]+0.129*[#   3]+0.129*[#   4]+0.129*[#   6]+0.129*[#   7]
          +0.129*[#   8]
    |psi|^2 = 0.772
==== e(   7) =     9.51695 eV ==== 
     psi = 0.129*[#   2]+0.129*[#   3]+0.129*[#   4]+0.129*[#   6]+0.129*[#   7]
          +0.129*[#   8]
    |psi|^2 = 0.772
==== e(   8) =    13.78146 eV ==== 
     psi = 0.023*[#   2]+0.023*[#   3]+0.023*[#   4]+0.023*[#   6]+0.023*[#   7]
          +0.023*[#   8]+0.020*[#   1]+0.020*[#   5]
    |psi|^2 = 0.176

 k =  -0.4250000000  0.4250000000  0.4250000000
==== e(   1) =    -3.79516 eV ==== 
     psi = 0.367*[#   1]+0.367*[#   5]+0.044*[#   2]+0.044*[#   3]+0.044*[#   4]
          +0.044*[#   6]+0.044*[#   7]+0.044*[#   8]
    |psi|^2 = 0.996
==== e(   2) =    -0.45035 eV ==== 
     psi = 0.133*[#   1]+0.133*[#   5]+0.120*[#   2]+0.120*[#   3]+0.120*[#   4]
          +0.120*[#   6]+0.120*[#   7]+0.120*[#   8]
    |psi|^2 = 0.988
==== e(   3) =     5.02801 eV ==== 
     psi = 0.165*[#   2]+0.165*[#   3]+0.165*[#   4]+0.165*[#   6]+0.165*[#   7]
          +0.165*[#   8]
    |psi|^2 = 0.987
==== e(   4) =     5.02801 eV ==== 
     psi = 0.165*[#   2]+0.165*[#   3]+0.165*[#   4]+0.165*[#   6]+0.165*[#   7]
          +0.165*[#   8]
    |psi|^2 = 0.987
==== e(   5) =     7.73787 eV ==== 
     psi = 0.337*[#   1]+0.337*[#   5]+0.041*[#   2]+0.041*[#   3]+0.041*[#   4]
          +0.041*[#   6]+0.041*[#   7]+0.041*[#   8]
    |psi|^2 = 0.922
==== e(   6) =     9.54260 eV ==== 
     psi = 0.129*[#   2]+0.129*[#   3]+0.129*[#   4]+0.129*[#   6]+0.129*[#   7]
          +0.129*[#   8]
    |psi|^2 = 0.776
==== e(   7) =     9.54260 eV ==== 
     psi = 0.129*[#   2]+0.129*[#   3]+0.129*[#   4]+0.129*[#   6]+0.129*[#   7]
          +0.129*[#   8]
    |psi|^2 = 0.776
==== e(   8) =    13.82137 eV ==== 
     psi = 0.025*[#   2]+0.025*[#   3]+0.025*[#   4]+0.025*[#   6]+0.025*[#   7]
          +0.025*[#   8]+0.022*[#   1]+0.022*[#   5]
    |psi|^2 = 0.192

 k =  -0.4000000000  0.4000000000  0.4000000000
==== e(   1) =    -3.97300 eV ==== 
     psi = 0.361*[#   1]+0.361*[#   5]+0.046*[#   2]+0.046*[#   3]+0.046*[#   4]
          +0.046*[#   6]+0.046*[#   7]+0.046*[#   8]
    |psi|^2 = 0.996
==== e(   2) =    -0.16377 eV ==== 
     psi = 0.140*[#   1]+0.140*[#   5]+0.118*[#   2]+0.118*[#   3]+0.118*[#   4]
          +0.118*[#   6]+0.118*[#   7]+0.118*[#   8]
    |psi|^2 = 0.989
==== e(   3) =     5.05941 eV ==== 
     psi = 0.164*[#   2]+0.164*[#   3]+0.164*[#   4]+0.164*[#   6]+0.164*[#   7]
          +0.164*[#   8]
    |psi|^2 = 0.987
==== e(   4) =     5.05941 eV ==== 
     psi = 0.164*[#   2]+0.164*[#   3]+0.164*[#   4]+0.164*[#   6]+0.164*[#   7]
          +0.164*[#   8]
    |psi|^2 = 0.987
==== e(   5) =     7.77228 eV ==== 
     psi = 0.331*[#   1]+0.331*[#   5]+0.044*[#   2]+0.044*[#   3]+0.044*[#   4]
          +0.044*[#   6]+0.044*[#   7]+0.044*[#   8]
    |psi|^2 = 0.924
==== e(   6) =     9.57569 eV ==== 
     psi = 0.130*[#   2]+0.130*[#   3]+0.130*[#   4]+0.130*[#   6]+0.130*[#   7]
          +0.130*[#   8]
    |psi|^2 = 0.782
==== e(   7) =     9.57569 eV ==== 
     psi = 0.130*[#   2]+0.130*[#   3]+0.130*[#   4]+0.130*[#   6]+0.130*[#   7]
          +0.130*[#   8]
    |psi|^2 = 0.782
==== e(   8) =    13.87149 eV ==== 
     psi = 0.028*[#   2]+0.028*[#   3]+0.028*[#   4]+0.028*[#   6]+0.028*[#   7]
          +0.028*[#   8]+0.025*[#   1]+0.025*[#   5]
    |psi|^2 = 0.219

 k =  -0.3750000000  0.3750000000  0.3750000000
==== e(   1) =    -4.16436 eV ==== 
     psi = 0.358*[#   1]+0.358*[#   5]+0.047*[#   2]+0.047*[#   3]+0.047*[#   4]
          +0.047*[#   6]+0.047*[#   7]+0.047*[#   8]
    |psi|^2 = 0.996
==== e(   2) =     0.16725 eV ==== 
     psi = 0.145*[#   1]+0.145*[#   5]+0.116*[#   2]+0.116*[#   3]+0.116*[#   4]
          +0.116*[#   6]+0.116*[#   7]+0.116*[#   8]
    |psi|^2 = 0.989
==== e(   3) =     5.09975 eV ==== 
     psi = 0.164*[#   2]+0.164*[#   3]+0.164*[#   4]+0.164*[#   6]+0.164*[#   7]
          +0.164*[#   8]
    |psi|^2 = 0.986
==== e(   4) =     5.09975 eV ==== 
     psi = 0.164*[#   2]+0.164*[#   3]+0.164*[#   4]+0.164*[#   6]+0.164*[#   7]
          +0.164*[#   8]
    |psi|^2 = 0.986
==== e(   5) =     7.81844 eV ==== 
     psi = 0.324*[#   1]+0.324*[#   5]+0.047*[#   2]+0.047*[#   3]+0.047*[#   4]
          +0.047*[#   6]+0.047*[#   7]+0.047*[#   8]
    |psi|^2 = 0.927
==== e(   6) =     9.61338 eV ==== 
     psi = 0.132*[#   2]+0.132*[#   3]+0.132*[#   4]+0.132*[#   6]+0.132*[#   7]
          +0.132*[#   8]
    |psi|^2 = 0.790
==== e(   7) =     9.61338 eV ==== 
     psi = 0.132*[#   2]+0.132*[#   3]+0.132*[#   4]+0.132*[#   6]+0.132*[#   7]
          +0.132*[#   8]
    |psi|^2 = 0.790
==== e(   8) =    13.92339 eV ==== 
     psi = 0.034*[#   2]+0.034*[#   3]+0.034*[#   4]+0.034*[#   6]+0.034*[#   7]
          +0.034*[#   8]+0.032*[#   1]+0.032*[#   5]
    |psi|^2 = 0.267

 k =  -0.3500000000  0.3500000000  0.3500000000
==== e(   1) =    -4.35937 eV ==== 
     psi = 0.358*[#   1]+0.358*[#   5]+0.047*[#   2]+0.047*[#   3]+0.047*[#   4]
          +0.047*[#   6]+0.047*[#   7]+0.047*[#   8]
    |psi|^2 = 0.996
==== e(   2) =     0.53239 eV ==== 
     psi = 0.148*[#   1]+0.148*[#   5]+0.115*[#   2]+0.115*[#   3]+0.115*[#   4]
          +0.115*[#   6]+0.115*[#   7]+0.115*[#   8]
    |psi|^2 = 0.989
==== e(   3) =     5.14900 eV ==== 
     psi = 0.164*[#   2]+0.164*[#   3]+0.164*[#   4]+0.164*[#   6]+0.164*[#   7]
          +0.164*[#   8]
    |psi|^2 = 0.985
==== e(   4) =     5.14900 eV ==== 
     psi = 0.164*[#   2]+0.164*[#   3]+0.164*[#   4]+0.164*[#   6]+0.164*[#   7]
          +0.164*[#   8]
    |psi|^2 = 0.985
==== e(   5) =     7.87525 eV ==== 
     psi = 0.315*[#   1]+0.315*[#   5]+0.050*[#   2]+0.050*[#   3]+0.050*[#   4]
          +0.050*[#   6]+0.050*[#   7]+0.050*[#   8]
    |psi|^2 = 0.930
==== e(   6) =     9.65172 eV ==== 
     psi = 0.134*[#   2]+0.134*[#   3]+0.134*[#   4]+0.134*[#   6]+0.134*[#   7]
          +0.134*[#   8]
    |psi|^2 = 0.803
==== e(   7) =     9.65172 eV ==== 
     psi = 0.134*[#   2]+0.134*[#   3]+0.134*[#   4]+0.134*[#   6]+0.134*[#   7]
          +0.134*[#   8]
    |psi|^2 = 0.803
==== e(   8) =    13.95694 eV ==== 
     psi = 0.047*[#   1]+0.047*[#   5]+0.044*[#   2]+0.044*[#   3]+0.044*[#   4]
          +0.044*[#   6]+0.044*[#   7]+0.044*[#   8]
    |psi|^2 = 0.357

 k =  -0.3250000000  0.3250000000  0.3250000000
==== e(   1) =    -4.55173 eV ==== 
     psi = 0.360*[#   1]+0.360*[#   5]+0.046*[#   2]+0.046*[#   3]+0.046*[#   4]
          +0.046*[#   6]+0.046*[#   7]+0.046*[#   8]
    |psi|^2 = 0.996
==== e(   2) =     0.92449 eV ==== 
     psi = 0.149*[#   1]+0.149*[#   5]+0.115*[#   2]+0.115*[#   3]+0.115*[#   4]
          +0.115*[#   6]+0.115*[#   7]+0.115*[#   8]
    |psi|^2 = 0.989
==== e(   3) =     5.20682 eV ==== 
     psi = 0.164*[#   2]+0.164*[#   3]+0.164*[#   4]+0.164*[#   6]+0.164*[#   7]
          +0.164*[#   8]
    |psi|^2 = 0.984
==== e(   4) =     5.20682 eV ==== 
     psi = 0.164*[#   2]+0.164*[#   3]+0.164*[#   4]+0.164*[#   6]+0.164*[#   7]
          +0.164*[#   8]
    |psi|^2 = 0.984
==== e(   5) =     7.94069 eV ==== 
     psi = 0.305*[#   1]+0.305*[#   5]+0.054*[#   2]+0.054*[#   3]+0.054*[#   4]
          +0.054*[#   6]+0.054*[#   7]+0.054*[#   8]
    |psi|^2 = 0.933
==== e(   6) =     9.68477 eV ==== 
     psi = 0.137*[#   2]+0.137*[#   3]+0.137*[#   4]+0.137*[#   6]+0.137*[#   7]
          +0.137*[#   8]
    |psi|^2 = 0.819
==== e(   7) =     9.68477 eV ==== 
     psi = 0.137*[#   2]+0.137*[#   3]+0.137*[#   4]+0.137*[#   6]+0.137*[#   7]
          +0.137*[#   8]
    |psi|^2 = 0.819
==== e(   8) =    13.92840 eV ==== 
     psi = 0.077*[#   1]+0.077*[#   5]+0.060*[#   2]+0.060*[#   3]+0.060*[#   4]
          +0.060*[#   6]+0.060*[#   7]+0.060*[#   8]
    |psi|^2 = 0.515

 k =  -0.3000000000  0.3000000000  0.3000000000
==== e(   1) =    -4.73710 eV ==== 
     psi = 0.365*[#   1]+0.365*[#   5]+0.044*[#   2]+0.044*[#   3]+0.044*[#   4]
          +0.044*[#   6]+0.044*[#   7]+0.044*[#   8]
    |psi|^2 = 0.996
==== e(   2) =     1.33876 eV ==== 
     psi = 0.147*[#   1]+0.147*[#   5]+0.116*[#   2]+0.116*[#   3]+0.116*[#   4]
          +0.116*[#   6]+0.116*[#   7]+0.116*[#   8]
    |psi|^2 = 0.988
==== e(   3) =     5.27305 eV ==== 
     psi = 0.164*[#   2]+0.164*[#   3]+0.164*[#   4]+0.164*[#   6]+0.164*[#   7]
          +0.164*[#   8]
    |psi|^2 = 0.983
==== e(   4) =     5.27305 eV ==== 
     psi = 0.164*[#   2]+0.164*[#   3]+0.164*[#   4]+0.164*[#   6]+0.164*[#   7]
          +0.164*[#   8]
    |psi|^2 = 0.983
==== e(   5) =     8.01511 eV ==== 
     psi = 0.293*[#   1]+0.293*[#   5]+0.058*[#   2]+0.058*[#   3]+0.058*[#   4]
          +0.058*[#   6]+0.058*[#   7]+0.058*[#   8]
    |psi|^2 = 0.937
==== e(   6) =     9.70617 eV ==== 
     psi = 0.140*[#   2]+0.140*[#   3]+0.140*[#   4]+0.140*[#   6]+0.140*[#   7]
          +0.140*[#   8]
    |psi|^2 = 0.839
==== e(   7) =     9.70617 eV ==== 
     psi = 0.140*[#   2]+0.140*[#   3]+0.140*[#   4]+0.140*[#   6]+0.140*[#   7]
          +0.140*[#   8]
    |psi|^2 = 0.839
==== e(   8) =    13.77357 eV ==== 
     psi = 0.119*[#   1]+0.119*[#   5]+0.078*[#   2]+0.078*[#   3]+0.078*[#   4]
          +0.078*[#   6]+0.078*[#   7]+0.078*[#   8]
    |psi|^2 = 0.704

 k =  -0.2750000000  0.2750000000  0.2750000000
==== e(   1) =    -4.91257 eV ==== 
     psi = 0.372*[#   1]+0.372*[#   5]+0.042*[#   2]+0.042*[#   3]+0.042*[#   4]
          +0.042*[#   6]+0.042*[#   7]+0.042*[#   8]
    |psi|^2 = 0.996
==== e(   2) =     1.77189 eV ==== 
     psi = 0.144*[#   1]+0.144*[#   5]+0.117*[#   2]+0.117*[#   3]+0.117*[#   4]
          +0.117*[#   6]+0.117*[#   7]+0.117*[#   8]
    |psi|^2 = 0.988
==== e(   3) =     5.34734 eV ==== 
     psi = 0.164*[#   2]+0.164*[#   3]+0.164*[#   4]+0.164*[#   6]+0.164*[#   7]
          +0.164*[#   8]
    |psi|^2 = 0.982
==== e(   4) =     5.34734 eV ==== 
     psi = 0.164*[#   2]+0.164*[#   3]+0.164*[#   4]+0.164*[#   6]+0.164*[#   7]
          +0.164*[#   8]
    |psi|^2 = 0.982
==== e(   5) =     8.09784 eV ==== 
     psi = 0.280*[#   1]+0.280*[#   5]+0.063*[#   2]+0.063*[#   3]+0.063*[#   4]
          +0.063*[#   6]+0.063*[#   7]+0.063*[#   8]
    |psi|^2 = 0.940
==== e(   6) =     9.70863 eV ==== 
     psi = 0.144*[#   2]+0.144*[#   3]+0.144*[#   4]+0.144*[#   6]+0.144*[#   7]
          +0.144*[#   8]
    |psi|^2 = 0.862
==== e(   7) =     9.70863 eV ==== 
     psi = 0.144*[#   2]+0.144*[#   3]+0.144*[#   4]+0.144*[#   6]+0.144*[#   7]
          +0.144*[#   8]
    |psi|^2 = 0.862
==== e(   8) =    13.48104 eV ==== 
     psi = 0.155*[#   1]+0.155*[#   5]+0.086*[#   2]+0.086*[#   3]+0.086*[#   4]
          +0.086*[#   6]+0.086*[#   7]+0.086*[#   8]
    |psi|^2 = 0.824

 k =  -0.2500000000  0.2500000000  0.2500000000
==== e(   1) =    -5.07635 eV ==== 
     psi = 0.381*[#   1]+0.381*[#   5]+0.039*[#   2]+0.039*[#   3]+0.039*[#   4]
          +0.039*[#   6]+0.039*[#   7]+0.039*[#   8]
    |psi|^2 = 0.996
==== e(   2) =     2.22001 eV ==== 
     psi = 0.139*[#   1]+0.139*[#   5]+0.118*[#   2]+0.118*[#   3]+0.118*[#   4]
          +0.118*[#   6]+0.118*[#   7]+0.118*[#   8]
    |psi|^2 = 0.987
==== e(   3) =     5.42906 eV ==== 
     psi = 0.163*[#   2]+0.163*[#   3]+0.163*[#   4]+0.163*[#   6]+0.163*[#   7]
          +0.163*[#   8]
    |psi|^2 = 0.981
==== e(   4) =     5.42906 eV ==== 
     psi = 0.163*[#   2]+0.163*[#   3]+0.163*[#   4]+0.163*[#   6]+0.163*[#   7]
          +0.163*[#   8]
    |psi|^2 = 0.981
==== e(   5) =     8.18778 eV ==== 
     psi = 0.265*[#   1]+0.265*[#   5]+0.069*[#   2]+0.069*[#   3]+0.069*[#   4]
          +0.069*[#   6]+0.069*[#   7]+0.069*[#   8]
    |psi|^2 = 0.943
==== e(   6) =     9.68515 eV ==== 
     psi = 0.148*[#   2]+0.148*[#   3]+0.148*[#   4]+0.148*[#   6]+0.148*[#   7]
          +0.148*[#   8]
    |psi|^2 = 0.886
==== e(   7) =     9.68515 eV ==== 
     psi = 0.148*[#   2]+0.148*[#   3]+0.148*[#   4]+0.148*[#   6]+0.148*[#   7]
          +0.148*[#   8]
    |psi|^2 = 0.886
==== e(   8) =    13.10520 eV ==== 
     psi = 0.179*[#   1]+0.179*[#   5]+0.087*[#   2]+0.087*[#   3]+0.087*[#   4]
          +0.087*[#   6]+0.087*[#   7]+0.087*[#   8]
    |psi|^2 = 0.879

 k =  -0.2250000000  0.2250000000  0.2250000000
==== e(   1) =    -5.22692 eV ==== 
     psi = 0.392*[#   1]+0.392*[#   5]+0.035*[#   2]+0.035*[#   3]+0.035*[#   4]
          +0.035*[#   6]+0.035*[#   7]+0.035*[#   8]
    |psi|^2 = 0.996
==== e(   2) =     2.68088 eV ==== 
     psi = 0.133*[#   1]+0.133*[#   5]+0.120*[#   2]+0.120*[#   3]+0.120*[#   4]
          +0.120*[#   6]+0.120*[#   7]+0.120*[#   8]
    |psi|^2 = 0.986
==== e(   3) =     5.51742 eV ==== 
     psi = 0.163*[#   2]+0.163*[#   3]+0.163*[#   4]+0.163*[#   6]+0.163*[#   7]
          +0.163*[#   8]
    |psi|^2 = 0.979
==== e(   4) =     5.51742 eV ==== 
     psi = 0.163*[#   2]+0.163*[#   3]+0.163*[#   4]+0.163*[#   6]+0.163*[#   7]
          +0.163*[#   8]
    |psi|^2 = 0.979
==== e(   5) =     8.28504 eV ==== 
     psi = 0.249*[#   1]+0.249*[#   5]+0.075*[#   2]+0.075*[#   3]+0.075*[#   4]
          +0.075*[#   6]+0.075*[#   7]+0.075*[#   8]
    |psi|^2 = 0.947
==== e(   6) =     9.63127 eV ==== 
     psi = 0.151*[#   2]+0.151*[#   3]+0.151*[#   4]+0.151*[#   6]+0.151*[#   7]
          +0.151*[#   8]
    |psi|^2 = 0.908
==== e(   7) =     9.63127 eV ==== 
     psi = 0.151*[#   2]+0.151*[#   3]+0.151*[#   4]+0.151*[#   6]+0.151*[#   7]
          +0.151*[#   8]
    |psi|^2 = 0.908
==== e(   8) =    12.69031 eV ==== 
     psi = 0.200*[#   1]+0.200*[#   5]+0.085*[#   2]+0.085*[#   3]+0.085*[#   4]
          +0.085*[#   6]+0.085*[#   7]+0.085*[#   8]
    |psi|^2 = 0.909

 k =  -0.2000000000  0.2000000000  0.2000000000
==== e(   1) =    -5.36320 eV ==== 
     psi = 0.404*[#   1]+0.404*[#   5]+0.031*[#   2]+0.031*[#   3]+0.031*[#   4]
          +0.031*[#   6]+0.031*[#   7]+0.031*[#   8]
    |psi|^2 = 0.996
==== e(   2) =     3.15131 eV ==== 
     psi = 0.124*[#   1]+0.124*[#   5]+0.123*[#   2]+0.123*[#   3]+0.123*[#   4]
          +0.123*[#   6]+0.123*[#   7]+0.123*[#   8]
    |psi|^2 = 0.984
==== e(   3) =     5.61133 eV ==== 
     psi = 0.163*[#   2]+0.163*[#   3]+0.163*[#   4]+0.163*[#   6]+0.163*[#   7]
          +0.163*[#   8]
    |psi|^2 = 0.977
==== e(   4) =     5.61133 eV ==== 
     psi = 0.163*[#   2]+0.163*[#   3]+0.163*[#   4]+0.163*[#   6]+0.163*[#   7]
          +0.163*[#   8]
    |psi|^2 = 0.977
==== e(   5) =     8.38482 eV ==== 
     psi = 0.230*[#   1]+0.230*[#   5]+0.082*[#   2]+0.082*[#   3]+0.082*[#   4]
          +0.082*[#   6]+0.082*[#   7]+0.082*[#   8]
    |psi|^2 = 0.950
==== e(   6) =     9.54681 eV ==== 
     psi = 0.154*[#   2]+0.154*[#   3]+0.154*[#   4]+0.154*[#   6]+0.154*[#   7]
          +0.154*[#   8]
    |psi|^2 = 0.926
==== e(   7) =     9.54681 eV ==== 
     psi = 0.154*[#   2]+0.154*[#   3]+0.154*[#   4]+0.154*[#   6]+0.154*[#   7]
          +0.154*[#   8]
    |psi|^2 = 0.926
==== e(   8) =    12.25667 eV ==== 
     psi = 0.219*[#   1]+0.219*[#   5]+0.082*[#   2]+0.082*[#   3]+0.082*[#   4]
          +0.082*[#   6]+0.082*[#   7]+0.082*[#   8]
    |psi|^2 = 0.928

 k =  -0.1750000000  0.1750000000  0.1750000000
==== e(   1) =    -5.48491 eV ==== 
     psi = 0.419*[#   1]+0.419*[#   5]+0.026*[#   2]+0.026*[#   3]+0.026*[#   4]
          +0.026*[#   6]+0.026*[#   7]+0.026*[#   8]
    |psi|^2 = 0.996
==== e(   2) =     3.62779 eV ==== 
     psi = 0.126*[#   2]+0.126*[#   3]+0.126*[#   4]+0.126*[#   6]+0.126*[#   7]
          +0.126*[#   8]+0.114*[#   1]+0.114*[#   5]
    |psi|^2 = 0.983
==== e(   3) =     5.70901 eV ==== 
     psi = 0.162*[#   2]+0.162*[#   3]+0.162*[#   4]+0.162*[#   6]+0.162*[#   7]
          +0.162*[#   8]
    |psi|^2 = 0.975
==== e(   4) =     5.70901 eV ==== 
     psi = 0.162*[#   2]+0.162*[#   3]+0.162*[#   4]+0.162*[#   6]+0.162*[#   7]
          +0.162*[#   8]
    |psi|^2 = 0.975
==== e(   5) =     8.48565 eV ==== 
     psi = 0.209*[#   1]+0.209*[#   5]+0.089*[#   2]+0.089*[#   3]+0.089*[#   4]
          +0.089*[#   6]+0.089*[#   7]+0.089*[#   8]
    |psi|^2 = 0.952
==== e(   6) =     9.43569 eV ==== 
     psi = 0.156*[#   2]+0.156*[#   3]+0.156*[#   4]+0.156*[#   6]+0.156*[#   7]
          +0.156*[#   8]
    |psi|^2 = 0.939
==== e(   7) =     9.43569 eV ==== 
     psi = 0.156*[#   2]+0.156*[#   3]+0.156*[#   4]+0.156*[#   6]+0.156*[#   7]
          +0.156*[#   8]
    |psi|^2 = 0.939
==== e(   8) =    11.81407 eV ==== 
     psi = 0.240*[#   1]+0.240*[#   5]+0.077*[#   2]+0.077*[#   3]+0.077*[#   4]
          +0.077*[#   6]+0.077*[#   7]+0.077*[#   8]
    |psi|^2 = 0.943

 k =  -0.1500000000  0.1500000000  0.1500000000
==== e(   1) =    -5.59127 eV ==== 
     psi = 0.434*[#   1]+0.434*[#   5]+0.021*[#   2]+0.021*[#   3]+0.021*[#   4]
          +0.021*[#   6]+0.021*[#   7]+0.021*[#   8]
    |psi|^2 = 0.996
==== e(   2) =     4.10585 eV ==== 
     psi = 0.130*[#   2]+0.130*[#   3]+0.130*[#   4]+0.130*[#   6]+0.130*[#   7]
          +0.130*[#   8]+0.102*[#   1]+0.102*[#   5]
    |psi|^2 = 0.980
==== e(   3) =     5.80792 eV ==== 
     psi = 0.162*[#   2]+0.162*[#   3]+0.162*[#   4]+0.162*[#   6]+0.162*[#   7]
          +0.162*[#   8]
    |psi|^2 = 0.973
==== e(   4) =     5.80792 eV ==== 
     psi = 0.162*[#   2]+0.162*[#   3]+0.162*[#   4]+0.162*[#   6]+0.162*[#   7]
          +0.162*[#   8]
    |psi|^2 = 0.973
==== e(   5) =     8.58380 eV ==== 
     psi = 0.185*[#   1]+0.185*[#   5]+0.097*[#   2]+0.097*[#   3]+0.097*[#   4]
          +0.097*[#   6]+0.097*[#   7]+0.097*[#   8]
    |psi|^2 = 0.955
==== e(   6) =     9.30579 eV ==== 
     psi = 0.158*[#   2]+0.158*[#   3]+0.158*[#   4]+0.158*[#   6]+0.158*[#   7]
          +0.158*[#   8]
    |psi|^2 = 0.948
==== e(   7) =     9.30579 eV ==== 
     psi = 0.158*[#   2]+0.158*[#   3]+0.158*[#   4]+0.158*[#   6]+0.158*[#   7]
          +0.158*[#   8]
    |psi|^2 = 0.948
==== e(   8) =    11.36824 eV ==== 
     psi = 0.264*[#   1]+0.264*[#   5]+0.071*[#   2]+0.071*[#   3]+0.071*[#   4]
          +0.071*[#   6]+0.071*[#   7]+0.071*[#   8]
    |psi|^2 = 0.955

 k =  -0.1250000000  0.1250000000  0.1250000000
==== e(   1) =    -5.68154 eV ==== 
     psi = 0.450*[#   1]+0.450*[#   5]+0.016*[#   2]+0.016*[#   3]+0.016*[#   4]
          +0.016*[#   6]+0.016*[#   7]+0.016*[#   8]
    |psi|^2 = 0.996
==== e(   2) =     4.57956 eV ==== 
     psi = 0.134*[#   2]+0.134*[#   3]+0.134*[#   4]+0.134*[#   6]+0.134*[#   7]
          +0.134*[#   8]+0.087*[#   1]+0.087*[#   5]
    |psi|^2 = 0.978
==== e(   3) =     5.90569 eV ==== 
     psi = 0.162*[#   2]+0.162*[#   3]+0.162*[#   4]+0.162*[#   6]+0.162*[#   7]
          +0.162*[#   8]
    |psi|^2 = 0.970
==== e(   4) =     5.90569 eV ==== 
     psi = 0.162*[#   2]+0.162*[#   3]+0.162*[#   4]+0.162*[#   6]+0.162*[#   7]
          +0.162*[#   8]
    |psi|^2 = 0.970
==== e(   5) =     8.67465 eV ==== 
     psi = 0.157*[#   1]+0.157*[#   5]+0.107*[#   2]+0.107*[#   3]+0.107*[#   4]
          +0.107*[#   6]+0.107*[#   7]+0.107*[#   8]
    |psi|^2 = 0.957
==== e(   6) =     9.16867 eV ==== 
     psi = 0.159*[#   2]+0.159*[#   3]+0.159*[#   4]+0.159*[#   6]+0.159*[#   7]
          +0.159*[#   8]
    |psi|^2 = 0.954
==== e(   7) =     9.16867 eV ==== 
     psi = 0.159*[#   2]+0.159*[#   3]+0.159*[#   4]+0.159*[#   6]+0.159*[#   7]
          +0.159*[#   8]
    |psi|^2 = 0.954
==== e(   8) =    10.93024 eV ==== 
     psi = 0.294*[#   1]+0.294*[#   5]+0.063*[#   2]+0.063*[#   3]+0.063*[#   4]
          +0.063*[#   6]+0.063*[#   7]+0.063*[#   8]
    |psi|^2 = 0.964

 k =  -0.1000000000  0.1000000000  0.1000000000
==== e(   1) =    -5.75610 eV ==== 
     psi = 0.465*[#   1]+0.465*[#   5]+0.011*[#   2]+0.011*[#   3]+0.011*[#   4]
          +0.011*[#   6]+0.011*[#   7]+0.011*[#   8]
    |psi|^2 = 0.996
==== e(   2) =     5.03883 eV ==== 
     psi = 0.139*[#   2]+0.139*[#   3]+0.139*[#   4]+0.139*[#   6]+0.139*[#   7]
          +0.139*[#   8]+0.070*[#   1]+0.070*[#   5]
    |psi|^2 = 0.975
==== e(   3) =     5.99766 eV ==== 
     psi = 0.161*[#   2]+0.161*[#   3]+0.161*[#   4]+0.161*[#   6]+0.161*[#   7]
          +0.161*[#   8]
    |psi|^2 = 0.968
==== e(   4) =     5.99766 eV ==== 
     psi = 0.161*[#   2]+0.161*[#   3]+0.161*[#   4]+0.161*[#   6]+0.161*[#   7]
          +0.161*[#   8]
    |psi|^2 = 0.968
==== e(   5) =     8.74857 eV ==== 
     psi = 0.122*[#   1]+0.122*[#   5]+0.119*[#   2]+0.119*[#   3]+0.119*[#   4]
          +0.119*[#   6]+0.119*[#   7]+0.119*[#   8]
    |psi|^2 = 0.959
==== e(   6) =     9.03462 eV ==== 
     psi = 0.160*[#   2]+0.160*[#   3]+0.160*[#   4]+0.160*[#   6]+0.160*[#   7]
          +0.160*[#   8]
    |psi|^2 = 0.958
==== e(   7) =     9.03462 eV ==== 
     psi = 0.160*[#   2]+0.160*[#   3]+0.160*[#   4]+0.160*[#   6]+0.160*[#   7]
          +0.160*[#   8]
    |psi|^2 = 0.958
==== e(   8) =    10.51055 eV ==== 
     psi = 0.332*[#   1]+0.332*[#   5]+0.051*[#   2]+0.051*[#   3]+0.051*[#   4]
          +0.051*[#   6]+0.051*[#   7]+0.051*[#   8]
    |psi|^2 = 0.972

 k =  -0.0750000000  0.0750000000  0.0750000000
==== e(   1) =    -5.81441 eV ==== 
     psi = 0.478*[#   1]+0.478*[#   5]+0.007*[#   2]+0.007*[#   3]+0.007*[#   4]
          +0.007*[#   6]+0.007*[#   7]+0.007*[#   8]
    |psi|^2 = 0.997
==== e(   2) =     5.46735 eV ==== 
     psi = 0.145*[#   2]+0.145*[#   3]+0.145*[#   4]+0.145*[#   6]+0.145*[#   7]
          +0.145*[#   8]+0.050*[#   1]+0.050*[#   5]
    |psi|^2 = 0.971
==== e(   3) =     6.07904 eV ==== 
     psi = 0.161*[#   2]+0.161*[#   3]+0.161*[#   4]+0.161*[#   6]+0.161*[#   7]
          +0.161*[#   8]
    |psi|^2 = 0.965
==== e(   4) =     6.07904 eV ==== 
     psi = 0.161*[#   2]+0.161*[#   3]+0.161*[#   4]+0.161*[#   6]+0.161*[#   7]
          +0.161*[#   8]
    |psi|^2 = 0.965
==== e(   5) =     8.79399 eV ==== 
     psi = 0.134*[#   2]+0.134*[#   3]+0.134*[#   4]+0.134*[#   6]+0.134*[#   7]
          +0.134*[#   8]+0.079*[#   1]+0.079*[#   5]
    |psi|^2 = 0.960
==== e(   6) =     8.91472 eV ==== 
     psi = 0.160*[#   2]+0.160*[#   3]+0.160*[#   4]+0.160*[#   6]+0.160*[#   7]
          +0.160*[#   8]
    |psi|^2 = 0.961
==== e(   7) =     8.91472 eV ==== 
     psi = 0.160*[#   2]+0.160*[#   3]+0.160*[#   4]+0.160*[#   6]+0.160*[#   7]
          +0.160*[#   8]
    |psi|^2 = 0.961
==== e(   8) =    10.13241 eV ==== 
     psi = 0.383*[#   1]+0.383*[#   5]+0.035*[#   2]+0.035*[#   3]+0.035*[#   4]
          +0.035*[#   6]+0.035*[#   7]+0.035*[#   8]
    |psi|^2 = 0.978

 k =  -0.0500000000  0.0500000000  0.0500000000
==== e(   1) =    -5.85601 eV ==== 
     psi = 0.489*[#   1]+0.489*[#   5]+0.003*[#   2]+0.003*[#   3]+0.003*[#   4]
          +0.003*[#   6]+0.003*[#   7]+0.003*[#   8]
    |psi|^2 = 0.997
==== e(   2) =     5.83734 eV ==== 
     psi = 0.152*[#   2]+0.152*[#   3]+0.152*[#   4]+0.152*[#   6]+0.152*[#   7]
          +0.152*[#   8]+0.029*[#   1]+0.029*[#   5]
    |psi|^2 = 0.967
==== e(   3) =     6.14385 eV ==== 
     psi = 0.161*[#   2]+0.161*[#   3]+0.161*[#   4]+0.161*[#   6]+0.161*[#   7]
          +0.161*[#   8]
    |psi|^2 = 0.963
==== e(   4) =     6.14385 eV ==== 
     psi = 0.161*[#   2]+0.161*[#   3]+0.161*[#   4]+0.161*[#   6]+0.161*[#   7]
          +0.161*[#   8]
    |psi|^2 = 0.963
==== e(   5) =     8.79753 eV ==== 
     psi = 0.150*[#   2]+0.150*[#   3]+0.150*[#   4]+0.150*[#   6]+0.150*[#   7]
          +0.150*[#   8]+0.032*[#   1]+0.032*[#   5]
    |psi|^2 = 0.962
==== e(   6) =     8.81954 eV ==== 
     psi = 0.161*[#   2]+0.161*[#   3]+0.161*[#   4]+0.161*[#   6]+0.161*[#   7]
          +0.161*[#   8]
    |psi|^2 = 0.964
==== e(   7) =     8.81954 eV ==== 
     psi = 0.161*[#   2]+0.161*[#   3]+0.161*[#   4]+0.161*[#   6]+0.161*[#   7]
          +0.161*[#   8]
    |psi|^2 = 0.964
==== e(   8) =     9.83360 eV ==== 
     psi = 0.441*[#   1]+0.441*[#   5]+0.017*[#   2]+0.017*[#   3]+0.017*[#   4]
          +0.017*[#   6]+0.017*[#   7]+0.017*[#   8]
    |psi|^2 = 0.983

 k =  -0.0250000000  0.0250000000  0.0250000000
==== e(   1) =    -5.88101 eV ==== 
     psi = 0.496*[#   1]+0.496*[#   5]
    |psi|^2 = 0.997
==== e(   2) =     6.10162 eV ==== 
     psi = 0.158*[#   2]+0.158*[#   3]+0.158*[#   4]+0.158*[#   6]+0.158*[#   7]
          +0.158*[#   8]+0.009*[#   1]+0.009*[#   5]
    |psi|^2 = 0.963
==== e(   3) =     6.18580 eV ==== 
     psi = 0.160*[#   2]+0.160*[#   3]+0.160*[#   4]+0.160*[#   6]+0.160*[#   7]
          +0.160*[#   8]
    |psi|^2 = 0.962
==== e(   4) =     6.18580 eV ==== 
     psi = 0.160*[#   2]+0.160*[#   3]+0.160*[#   4]+0.160*[#   6]+0.160*[#   7]
          +0.160*[#   8]
    |psi|^2 = 0.962
==== e(   5) =     8.75794 eV ==== 
     psi = 0.161*[#   2]+0.161*[#   3]+0.161*[#   4]+0.161*[#   6]+0.161*[#   7]
          +0.161*[#   8]
    |psi|^2 = 0.966
==== e(   6) =     8.75794 eV ==== 
     psi = 0.161*[#   2]+0.161*[#   3]+0.161*[#   4]+0.161*[#   6]+0.161*[#   7]
          +0.161*[#   8]
    |psi|^2 = 0.966
==== e(   7) =     8.76182 eV ==== 
     psi = 0.159*[#   2]+0.159*[#   3]+0.159*[#   4]+0.159*[#   6]+0.159*[#   7]
          +0.159*[#   8]+0.005*[#   1]+0.005*[#   5]
    |psi|^2 = 0.965
==== e(   8) =     9.65024 eV ==== 
     psi = 0.482*[#   1]+0.482*[#   5]+0.004*[#   2]+0.004*[#   3]+0.004*[#   4]
          +0.004*[#   6]+0.004*[#   7]+0.004*[#   8]
    |psi|^2 = 0.986

 k =   0.0000000000  0.0000000000  0.0000000000
==== e(   1) =    -5.88935 eV ==== 
     psi = 0.498*[#   1]+0.498*[#   5]
    |psi|^2 = 0.997
==== e(   2) =     6.20042 eV ==== 
     psi = 0.160*[#   2]+0.160*[#   3]+0.160*[#   4]+0.160*[#   6]+0.160*[#   7]
          +0.160*[#   8]
    |psi|^2 = 0.961
==== e(   3) =     6.20042 eV ==== 
     psi = 0.160*[#   2]+0.160*[#   3]+0.160*[#   4]+0.160*[#   6]+0.160*[#   7]
          +0.160*[#   8]
    |psi|^2 = 0.961
==== e(   4) =     6.20042 eV ==== 
     psi = 0.160*[#   2]+0.160*[#   3]+0.160*[#   4]+0.160*[#   6]+0.160*[#   7]
          +0.160*[#   8]
    |psi|^2 = 0.961
==== e(   5) =     8.73666 eV ==== 
     psi = 0.161*[#   2]+0.161*[#   3]+0.161*[#   4]+0.161*[#   6]+0.161*[#   7]
          +0.161*[#   8]
    |psi|^2 = 0.966
==== e(   6) =     8.73666 eV ==== 
     psi = 0.161*[#   2]+0.161*[#   3]+0.161*[#   4]+0.161*[#   6]+0.161*[#   7]
          +0.161*[#   8]
    |psi|^2 = 0.966
==== e(   7) =     8.73666 eV ==== 
     psi = 0.161*[#   2]+0.161*[#   3]+0.161*[#   4]+0.161*[#   6]+0.161*[#   7]
          +0.161*[#   8]
    |psi|^2 = 0.966
==== e(   8) =     9.59273 eV ==== 
     psi = 0.493*[#   1]+0.493*[#   5]
    |psi|^2 = 0.986

 k =  -0.0500000000 -0.0500000000  0.0500000000
==== e(   1) =    -5.85601 eV ==== 
     psi = 0.489*[#   1]+0.489*[#   5]+0.003*[#   2]+0.003*[#   3]+0.003*[#   4]
          +0.003*[#   6]+0.003*[#   7]+0.003*[#   8]
    |psi|^2 = 0.997
==== e(   2) =     5.83734 eV ==== 
     psi = 0.152*[#   2]+0.152*[#   3]+0.152*[#   4]+0.152*[#   6]+0.152*[#   7]
          +0.152*[#   8]+0.029*[#   1]+0.029*[#   5]
    |psi|^2 = 0.967
==== e(   3) =     6.14385 eV ==== 
     psi = 0.161*[#   2]+0.161*[#   3]+0.161*[#   4]+0.161*[#   6]+0.161*[#   7]
          +0.161*[#   8]
    |psi|^2 = 0.963
==== e(   4) =     6.14385 eV ==== 
     psi = 0.161*[#   2]+0.161*[#   3]+0.161*[#   4]+0.161*[#   6]+0.161*[#   7]
          +0.161*[#   8]
    |psi|^2 = 0.963
==== e(   5) =     8.79753 eV ==== 
     psi = 0.150*[#   2]+0.150*[#   3]+0.150*[#   4]+0.150*[#   6]+0.150*[#   7]
          +0.150*[#   8]+0.032*[#   1]+0.032*[#   5]
    |psi|^2 = 0.962
==== e(   6) =     8.81954 eV ==== 
     psi = 0.161*[#   2]+0.161*[#   3]+0.161*[#   4]+0.161*[#   6]+0.161*[#   7]
          +0.161*[#   8]
    |psi|^2 = 0.964
==== e(   7) =     8.81954 eV ==== 
     psi = 0.161*[#   2]+0.161*[#   3]+0.161*[#   4]+0.161*[#   6]+0.161*[#   7]
          +0.161*[#   8]
    |psi|^2 = 0.964
==== e(   8) =     9.83360 eV ==== 
     psi = 0.441*[#   1]+0.441*[#   5]+0.017*[#   2]+0.017*[#   3]+0.017*[#   4]
          +0.017*[#   6]+0.017*[#   7]+0.017*[#   8]
    |psi|^2 = 0.983

 k =  -0.1000000000 -0.1000000000  0.1000000000
==== e(   1) =    -5.75610 eV ==== 
     psi = 0.465*[#   1]+0.465*[#   5]+0.011*[#   2]+0.011*[#   3]+0.011*[#   4]
          +0.011*[#   6]+0.011*[#   7]+0.011*[#   8]
    |psi|^2 = 0.996
==== e(   2) =     5.03883 eV ==== 
     psi = 0.139*[#   2]+0.139*[#   3]+0.139*[#   4]+0.139*[#   6]+0.139*[#   7]
          +0.139*[#   8]+0.070*[#   1]+0.070*[#   5]
    |psi|^2 = 0.975
==== e(   3) =     5.99766 eV ==== 
     psi = 0.161*[#   2]+0.161*[#   3]+0.161*[#   4]+0.161*[#   6]+0.161*[#   7]
          +0.161*[#   8]
    |psi|^2 = 0.968
==== e(   4) =     5.99766 eV ==== 
     psi = 0.161*[#   2]+0.161*[#   3]+0.161*[#   4]+0.161*[#   6]+0.161*[#   7]
          +0.161*[#   8]
    |psi|^2 = 0.968
==== e(   5) =     8.74857 eV ==== 
     psi = 0.122*[#   1]+0.122*[#   5]+0.119*[#   2]+0.119*[#   3]+0.119*[#   4]
          +0.119*[#   6]+0.119*[#   7]+0.119*[#   8]
    |psi|^2 = 0.959
==== e(   6) =     9.03462 eV ==== 
     psi = 0.160*[#   2]+0.160*[#   3]+0.160*[#   4]+0.160*[#   6]+0.160*[#   7]
          +0.160*[#   8]
    |psi|^2 = 0.958
==== e(   7) =     9.03462 eV ==== 
     psi = 0.160*[#   2]+0.160*[#   3]+0.160*[#   4]+0.160*[#   6]+0.160*[#   7]
          +0.160*[#   8]
    |psi|^2 = 0.958
==== e(   8) =    10.51055 eV ==== 
     psi = 0.332*[#   1]+0.332*[#   5]+0.051*[#   2]+0.051*[#   3]+0.051*[#   4]
          +0.051*[#   6]+0.051*[#   7]+0.051*[#   8]
    |psi|^2 = 0.972

 k =  -0.1500000000 -0.1500000000  0.1500000000
==== e(   1) =    -5.59127 eV ==== 
     psi = 0.434*[#   1]+0.434*[#   5]+0.021*[#   2]+0.021*[#   3]+0.021*[#   4]
          +0.021*[#   6]+0.021*[#   7]+0.021*[#   8]
    |psi|^2 = 0.996
==== e(   2) =     4.10585 eV ==== 
     psi = 0.130*[#   2]+0.130*[#   3]+0.130*[#   4]+0.130*[#   6]+0.130*[#   7]
          +0.130*[#   8]+0.102*[#   1]+0.102*[#   5]
    |psi|^2 = 0.980
==== e(   3) =     5.80792 eV ==== 
     psi = 0.162*[#   2]+0.162*[#   3]+0.162*[#   4]+0.162*[#   6]+0.162*[#   7]
          +0.162*[#   8]
    |psi|^2 = 0.973
==== e(   4) =     5.80792 eV ==== 
     psi = 0.162*[#   2]+0.162*[#   3]+0.162*[#   4]+0.162*[#   6]+0.162*[#   7]
          +0.162*[#   8]
    |psi|^2 = 0.973
==== e(   5) =     8.58380 eV ==== 
     psi = 0.185*[#   1]+0.185*[#   5]+0.097*[#   2]+0.097*[#   3]+0.097*[#   4]
          +0.097*[#   6]+0.097*[#   7]+0.097*[#   8]
    |psi|^2 = 0.955
==== e(   6) =     9.30579 eV ==== 
     psi = 0.158*[#   2]+0.158*[#   3]+0.158*[#   4]+0.158*[#   6]+0.158*[#   7]
          +0.158*[#   8]
    |psi|^2 = 0.948
==== e(   7) =     9.30579 eV ==== 
     psi = 0.158*[#   2]+0.158*[#   3]+0.158*[#   4]+0.158*[#   6]+0.158*[#   7]
          +0.158*[#   8]
    |psi|^2 = 0.948
==== e(   8) =    11.36824 eV ==== 
     psi = 0.264*[#   1]+0.264*[#   5]+0.071*[#   2]+0.071*[#   3]+0.071*[#   4]
          +0.071*[#   6]+0.071*[#   7]+0.071*[#   8]
    |psi|^2 = 0.955

 k =  -0.2000000000 -0.2000000000  0.2000000000
==== e(   1) =    -5.36320 eV ==== 
     psi = 0.404*[#   1]+0.404*[#   5]+0.031*[#   2]+0.031*[#   3]+0.031*[#   4]
          +0.031*[#   6]+0.031*[#   7]+0.031*[#   8]
    |psi|^2 = 0.996
==== e(   2) =     3.15131 eV ==== 
     psi = 0.124*[#   1]+0.124*[#   5]+0.123*[#   2]+0.123*[#   3]+0.123*[#   4]
          +0.123*[#   6]+0.123*[#   7]+0.123*[#   8]
    |psi|^2 = 0.984
==== e(   3) =     5.61133 eV ==== 
     psi = 0.163*[#   2]+0.163*[#   3]+0.163*[#   4]+0.163*[#   6]+0.163*[#   7]
          +0.163*[#   8]
    |psi|^2 = 0.977
==== e(   4) =     5.61133 eV ==== 
     psi = 0.163*[#   2]+0.163*[#   3]+0.163*[#   4]+0.163*[#   6]+0.163*[#   7]
          +0.163*[#   8]
    |psi|^2 = 0.977
==== e(   5) =     8.38482 eV ==== 
     psi = 0.230*[#   1]+0.230*[#   5]+0.082*[#   2]+0.082*[#   3]+0.082*[#   4]
          +0.082*[#   6]+0.082*[#   7]+0.082*[#   8]
    |psi|^2 = 0.950
==== e(   6) =     9.54681 eV ==== 
     psi = 0.154*[#   2]+0.154*[#   3]+0.154*[#   4]+0.154*[#   6]+0.154*[#   7]
          +0.154*[#   8]
    |psi|^2 = 0.926
==== e(   7) =     9.54681 eV ==== 
     psi = 0.154*[#   2]+0.154*[#   3]+0.154*[#   4]+0.154*[#   6]+0.154*[#   7]
          +0.154*[#   8]
    |psi|^2 = 0.926
==== e(   8) =    12.25667 eV ==== 
     psi = 0.219*[#   1]+0.219*[#   5]+0.082*[#   2]+0.082*[#   3]+0.082*[#   4]
          +0.082*[#   6]+0.082*[#   7]+0.082*[#   8]
    |psi|^2 = 0.928

 k =  -0.2500000000 -0.2500000000  0.2500000000
==== e(   1) =    -5.07635 eV ==== 
     psi = 0.381*[#   1]+0.381*[#   5]+0.039*[#   2]+0.039*[#   3]+0.039*[#   4]
          +0.039*[#   6]+0.039*[#   7]+0.039*[#   8]
    |psi|^2 = 0.996
==== e(   2) =     2.22001 eV ==== 
     psi = 0.139*[#   1]+0.139*[#   5]+0.118*[#   2]+0.118*[#   3]+0.118*[#   4]
          +0.118*[#   6]+0.118*[#   7]+0.118*[#   8]
    |psi|^2 = 0.987
==== e(   3) =     5.42906 eV ==== 
     psi = 0.163*[#   2]+0.163*[#   3]+0.163*[#   4]+0.163*[#   6]+0.163*[#   7]
          +0.163*[#   8]
    |psi|^2 = 0.981
==== e(   4) =     5.42906 eV ==== 
     psi = 0.163*[#   2]+0.163*[#   3]+0.163*[#   4]+0.163*[#   6]+0.163*[#   7]
          +0.163*[#   8]
    |psi|^2 = 0.981
==== e(   5) =     8.18778 eV ==== 
     psi = 0.265*[#   1]+0.265*[#   5]+0.069*[#   2]+0.069*[#   3]+0.069*[#   4]
          +0.069*[#   6]+0.069*[#   7]+0.069*[#   8]
    |psi|^2 = 0.943
==== e(   6) =     9.68515 eV ==== 
     psi = 0.148*[#   2]+0.148*[#   3]+0.148*[#   4]+0.148*[#   6]+0.148*[#   7]
          +0.148*[#   8]
    |psi|^2 = 0.886
==== e(   7) =     9.68515 eV ==== 
     psi = 0.148*[#   2]+0.148*[#   3]+0.148*[#   4]+0.148*[#   6]+0.148*[#   7]
          +0.148*[#   8]
    |psi|^2 = 0.886
==== e(   8) =    13.10520 eV ==== 
     psi = 0.179*[#   1]+0.179*[#   5]+0.087*[#   2]+0.087*[#   3]+0.087*[#   4]
          +0.087*[#   6]+0.087*[#   7]+0.087*[#   8]
    |psi|^2 = 0.879

 k =  -0.3000000000 -0.3000000000  0.3000000000
==== e(   1) =    -4.73710 eV ==== 
     psi = 0.365*[#   1]+0.365*[#   5]+0.044*[#   2]+0.044*[#   3]+0.044*[#   4]
          +0.044*[#   6]+0.044*[#   7]+0.044*[#   8]
    |psi|^2 = 0.996
==== e(   2) =     1.33876 eV ==== 
     psi = 0.147*[#   1]+0.147*[#   5]+0.116*[#   2]+0.116*[#   3]+0.116*[#   4]
          +0.116*[#   6]+0.116*[#   7]+0.116*[#   8]
    |psi|^2 = 0.988
==== e(   3) =     5.27305 eV ==== 
     psi = 0.164*[#   2]+0.164*[#   3]+0.164*[#   4]+0.164*[#   6]+0.164*[#   7]
          +0.164*[#   8]
    |psi|^2 = 0.983
==== e(   4) =     5.27305 eV ==== 
     psi = 0.164*[#   2]+0.164*[#   3]+0.164*[#   4]+0.164*[#   6]+0.164*[#   7]
          +0.164*[#   8]
    |psi|^2 = 0.983
==== e(   5) =     8.01511 eV ==== 
     psi = 0.293*[#   1]+0.293*[#   5]+0.058*[#   2]+0.058*[#   3]+0.058*[#   4]
          +0.058*[#   6]+0.058*[#   7]+0.058*[#   8]
    |psi|^2 = 0.937
==== e(   6) =     9.70617 eV ==== 
     psi = 0.140*[#   2]+0.140*[#   3]+0.140*[#   4]+0.140*[#   6]+0.140*[#   7]
          +0.140*[#   8]
    |psi|^2 = 0.839
==== e(   7) =     9.70617 eV ==== 
     psi = 0.140*[#   2]+0.140*[#   3]+0.140*[#   4]+0.140*[#   6]+0.140*[#   7]
          +0.140*[#   8]
    |psi|^2 = 0.839
==== e(   8) =    13.77357 eV ==== 
     psi = 0.119*[#   1]+0.119*[#   5]+0.078*[#   2]+0.078*[#   3]+0.078*[#   4]
          +0.078*[#   6]+0.078*[#   7]+0.078*[#   8]
    |psi|^2 = 0.704

 k =  -0.3500000000 -0.3500000000  0.3500000000
==== e(   1) =    -4.35937 eV ==== 
     psi = 0.358*[#   1]+0.358*[#   5]+0.047*[#   2]+0.047*[#   3]+0.047*[#   4]
          +0.047*[#   6]+0.047*[#   7]+0.047*[#   8]
    |psi|^2 = 0.996
==== e(   2) =     0.53239 eV ==== 
     psi = 0.148*[#   1]+0.148*[#   5]+0.115*[#   2]+0.115*[#   3]+0.115*[#   4]
          +0.115*[#   6]+0.115*[#   7]+0.115*[#   8]
    |psi|^2 = 0.989
==== e(   3) =     5.14900 eV ==== 
     psi = 0.164*[#   2]+0.164*[#   3]+0.164*[#   4]+0.164*[#   6]+0.164*[#   7]
          +0.164*[#   8]
    |psi|^2 = 0.985
==== e(   4) =     5.14900 eV ==== 
     psi = 0.164*[#   2]+0.164*[#   3]+0.164*[#   4]+0.164*[#   6]+0.164*[#   7]
          +0.164*[#   8]
    |psi|^2 = 0.985
==== e(   5) =     7.87525 eV ==== 
     psi = 0.315*[#   1]+0.315*[#   5]+0.050*[#   2]+0.050*[#   3]+0.050*[#   4]
          +0.050*[#   6]+0.050*[#   7]+0.050*[#   8]
    |psi|^2 = 0.930
==== e(   6) =     9.65172 eV ==== 
     psi = 0.134*[#   2]+0.134*[#   3]+0.134*[#   4]+0.134*[#   6]+0.134*[#   7]
          +0.134*[#   8]
    |psi|^2 = 0.803
==== e(   7) =     9.65172 eV ==== 
     psi = 0.134*[#   2]+0.134*[#   3]+0.134*[#   4]+0.134*[#   6]+0.134*[#   7]
          +0.134*[#   8]
    |psi|^2 = 0.803
==== e(   8) =    13.95694 eV ==== 
     psi = 0.047*[#   1]+0.047*[#   5]+0.044*[#   2]+0.044*[#   3]+0.044*[#   4]
          +0.044*[#   6]+0.044*[#   7]+0.044*[#   8]
    |psi|^2 = 0.357

 k =  -0.4000000000 -0.4000000000  0.4000000000
==== e(   1) =    -3.97300 eV ==== 
     psi = 0.361*[#   1]+0.361*[#   5]+0.046*[#   2]+0.046*[#   3]+0.046*[#   4]
          +0.046*[#   6]+0.046*[#   7]+0.046*[#   8]
    |psi|^2 = 0.996
==== e(   2) =    -0.16377 eV ==== 
     psi = 0.140*[#   1]+0.140*[#   5]+0.118*[#   2]+0.118*[#   3]+0.118*[#   4]
          +0.118*[#   6]+0.118*[#   7]+0.118*[#   8]
    |psi|^2 = 0.989
==== e(   3) =     5.05941 eV ==== 
     psi = 0.164*[#   2]+0.164*[#   3]+0.164*[#   4]+0.164*[#   6]+0.164*[#   7]
          +0.164*[#   8]
    |psi|^2 = 0.987
==== e(   4) =     5.05941 eV ==== 
     psi = 0.164*[#   2]+0.164*[#   3]+0.164*[#   4]+0.164*[#   6]+0.164*[#   7]
          +0.164*[#   8]
    |psi|^2 = 0.987
==== e(   5) =     7.77228 eV ==== 
     psi = 0.331*[#   1]+0.331*[#   5]+0.044*[#   2]+0.044*[#   3]+0.044*[#   4]
          +0.044*[#   6]+0.044*[#   7]+0.044*[#   8]
    |psi|^2 = 0.924
==== e(   6) =     9.57569 eV ==== 
     psi = 0.130*[#   2]+0.130*[#   3]+0.130*[#   4]+0.130*[#   6]+0.130*[#   7]
          +0.130*[#   8]
    |psi|^2 = 0.782
==== e(   7) =     9.57569 eV ==== 
     psi = 0.130*[#   2]+0.130*[#   3]+0.130*[#   4]+0.130*[#   6]+0.130*[#   7]
          +0.130*[#   8]
    |psi|^2 = 0.782
==== e(   8) =    13.87149 eV ==== 
     psi = 0.028*[#   2]+0.028*[#   3]+0.028*[#   4]+0.028*[#   6]+0.028*[#   7]
          +0.028*[#   8]+0.025*[#   1]+0.025*[#   5]
    |psi|^2 = 0.219

 k =  -0.4500000000 -0.4500000000  0.4500000000
==== e(   1) =    -3.64553 eV ==== 
     psi = 0.374*[#   1]+0.374*[#   5]+0.041*[#   2]+0.041*[#   3]+0.041*[#   4]
          +0.041*[#   6]+0.041*[#   7]+0.041*[#   8]
    |psi|^2 = 0.997
==== e(   2) =    -0.67803 eV ==== 
     psi = 0.125*[#   1]+0.125*[#   5]+0.123*[#   2]+0.123*[#   3]+0.123*[#   4]
          +0.123*[#   6]+0.123*[#   7]+0.123*[#   8]
    |psi|^2 = 0.988
==== e(   3) =     5.00554 eV ==== 
     psi = 0.165*[#   2]+0.165*[#   3]+0.165*[#   4]+0.165*[#   6]+0.165*[#   7]
          +0.165*[#   8]
    |psi|^2 = 0.988
==== e(   4) =     5.00554 eV ==== 
     psi = 0.165*[#   2]+0.165*[#   3]+0.165*[#   4]+0.165*[#   6]+0.165*[#   7]
          +0.165*[#   8]
    |psi|^2 = 0.988
==== e(   5) =     7.71192 eV ==== 
     psi = 0.341*[#   1]+0.341*[#   5]+0.040*[#   2]+0.040*[#   3]+0.040*[#   4]
          +0.040*[#   6]+0.040*[#   7]+0.040*[#   8]
    |psi|^2 = 0.920
==== e(   6) =     9.51695 eV ==== 
     psi = 0.129*[#   2]+0.129*[#   3]+0.129*[#   4]+0.129*[#   6]+0.129*[#   7]
          +0.129*[#   8]
    |psi|^2 = 0.772
==== e(   7) =     9.51695 eV ==== 
     psi = 0.129*[#   2]+0.129*[#   3]+0.129*[#   4]+0.129*[#   6]+0.129*[#   7]
          +0.129*[#   8]
    |psi|^2 = 0.772
==== e(   8) =    13.78146 eV ==== 
     psi = 0.023*[#   2]+0.023*[#   3]+0.023*[#   4]+0.023*[#   6]+0.023*[#   7]
          +0.023*[#   8]+0.020*[#   1]+0.020*[#   5]
    |psi|^2 = 0.176

 k =  -0.5000000000 -0.5000000000  0.5000000000
==== e(   1) =    -3.50542 eV ==== 
     psi = 0.384*[#   1]+0.384*[#   5]+0.038*[#   2]+0.038*[#   3]+0.038*[#   4]
          +0.038*[#   6]+0.038*[#   7]+0.038*[#   8]
    |psi|^2 = 0.997
==== e(   2) =    -0.87999 eV ==== 
     psi = 0.127*[#   2]+0.127*[#   3]+0.127*[#   4]+0.127*[#   6]+0.127*[#   7]
          +0.127*[#   8]+0.114*[#   1]+0.114*[#   5]
    |psi|^2 = 0.988
==== e(   3) =     4.98776 eV ==== 
     psi = 0.165*[#   2]+0.165*[#   3]+0.165*[#   4]+0.165*[#   6]+0.165*[#   7]
          +0.165*[#   8]
    |psi|^2 = 0.988
==== e(   4) =     4.98776 eV ==== 
     psi = 0.165*[#   2]+0.165*[#   3]+0.165*[#   4]+0.165*[#   6]+0.165*[#   7]
          +0.165*[#   8]
    |psi|^2 = 0.988
==== e(   5) =     7.69116 eV ==== 
     psi = 0.344*[#   1]+0.344*[#   5]+0.038*[#   2]+0.038*[#   3]+0.038*[#   4]
          +0.038*[#   6]+0.038*[#   7]+0.038*[#   8]
    |psi|^2 = 0.919
==== e(   6) =     9.49553 eV ==== 
     psi = 0.128*[#   2]+0.128*[#   3]+0.128*[#   4]+0.128*[#   6]+0.128*[#   7]
          +0.128*[#   8]
    |psi|^2 = 0.769
==== e(   7) =     9.49553 eV ==== 
     psi = 0.128*[#   2]+0.128*[#   3]+0.128*[#   4]+0.128*[#   6]+0.128*[#   7]
          +0.128*[#   8]
    |psi|^2 = 0.769
==== e(   8) =    13.74771 eV ==== 
     psi = 0.021*[#   2]+0.021*[#   3]+0.021*[#   4]+0.021*[#   6]+0.021*[#   7]
          +0.021*[#   8]+0.019*[#   1]+0.019*[#   5]
    |psi|^2 = 0.166

 k =  -0.5500000000 -0.5500000000  0.5500000000
==== e(   1) =    -3.64553 eV ==== 
     psi = 0.374*[#   1]+0.374*[#   5]+0.041*[#   2]+0.041*[#   3]+0.041*[#   4]
          +0.041*[#   6]+0.041*[#   7]+0.041*[#   8]
    |psi|^2 = 0.997
==== e(   2) =    -0.67803 eV ==== 
     psi = 0.125*[#   1]+0.125*[#   5]+0.123*[#   2]+0.123*[#   3]+0.123*[#   4]
          +0.123*[#   6]+0.123*[#   7]+0.123*[#   8]
    |psi|^2 = 0.988
==== e(   3) =     5.00554 eV ==== 
     psi = 0.165*[#   2]+0.165*[#   3]+0.165*[#   4]+0.165*[#   6]+0.165*[#   7]
          +0.165*[#   8]
    |psi|^2 = 0.988
==== e(   4) =     5.00554 eV ==== 
     psi = 0.165*[#   2]+0.165*[#   3]+0.165*[#   4]+0.165*[#   6]+0.165*[#   7]
          +0.165*[#   8]
    |psi|^2 = 0.988
==== e(   5) =     7.71192 eV ==== 
     psi = 0.341*[#   1]+0.341*[#   5]+0.040*[#   2]+0.040*[#   3]+0.040*[#   4]
          +0.040*[#   6]+0.040*[#   7]+0.040*[#   8]
    |psi|^2 = 0.920
==== e(   6) =     9.51695 eV ==== 
     psi = 0.129*[#   2]+0.129*[#   3]+0.129*[#   4]+0.129*[#   6]+0.129*[#   7]
          +0.129*[#   8]
    |psi|^2 = 0.772
==== e(   7) =     9.51695 eV ==== 
     psi = 0.129*[#   2]+0.129*[#   3]+0.129*[#   4]+0.129*[#   6]+0.129*[#   7]
          +0.129*[#   8]
    |psi|^2 = 0.772
==== e(   8) =    13.78146 eV ==== 
     psi = 0.023*[#   2]+0.023*[#   3]+0.023*[#   4]+0.023*[#   6]+0.023*[#   7]
          +0.023*[#   8]+0.020*[#   1]+0.020*[#   5]
    |psi|^2 = 0.176

 k =  -0.6000000000 -0.6000000000  0.6000000000
==== e(   1) =    -3.97300 eV ==== 
     psi = 0.361*[#   1]+0.361*[#   5]+0.046*[#   2]+0.046*[#   3]+0.046*[#   4]
          +0.046*[#   6]+0.046*[#   7]+0.046*[#   8]
    |psi|^2 = 0.996
==== e(   2) =    -0.16377 eV ==== 
     psi = 0.140*[#   1]+0.140*[#   5]+0.118*[#   2]+0.118*[#   3]+0.118*[#   4]
          +0.118*[#   6]+0.118*[#   7]+0.118*[#   8]
    |psi|^2 = 0.989
==== e(   3) =     5.05941 eV ==== 
     psi = 0.164*[#   2]+0.164*[#   3]+0.164*[#   4]+0.164*[#   6]+0.164*[#   7]
          +0.164*[#   8]
    |psi|^2 = 0.987
==== e(   4) =     5.05941 eV ==== 
     psi = 0.164*[#   2]+0.164*[#   3]+0.164*[#   4]+0.164*[#   6]+0.164*[#   7]
          +0.164*[#   8]
    |psi|^2 = 0.987
==== e(   5) =     7.77228 eV ==== 
     psi = 0.331*[#   1]+0.331*[#   5]+0.044*[#   2]+0.044*[#   3]+0.044*[#   4]
          +0.044*[#   6]+0.044*[#   7]+0.044*[#   8]
    |psi|^2 = 0.924
==== e(   6) =     9.57569 eV ==== 
     psi = 0.130*[#   2]+0.130*[#   3]+0.130*[#   4]+0.130*[#   6]+0.130*[#   7]
          +0.130*[#   8]
    |psi|^2 = 0.782
==== e(   7) =     9.57569 eV ==== 
     psi = 0.130*[#   2]+0.130*[#   3]+0.130*[#   4]+0.130*[#   6]+0.130*[#   7]
          +0.130*[#   8]
    |psi|^2 = 0.782
==== e(   8) =    13.87149 eV ==== 
     psi = 0.028*[#   2]+0.028*[#   3]+0.028*[#   4]+0.028*[#   6]+0.028*[#   7]
          +0.028*[#   8]+0.025*[#   1]+0.025*[#   5]
    |psi|^2 = 0.219

 k =  -0.6500000000 -0.6500000000  0.6500000000
==== e(   1) =    -4.35937 eV ==== 
     psi = 0.358*[#   1]+0.358*[#   5]+0.047*[#   2]+0.047*[#   3]+0.047*[#   4]
          +0.047*[#   6]+0.047*[#   7]+0.047*[#   8]
    |psi|^2 = 0.996
==== e(   2) =     0.53239 eV ==== 
     psi = 0.148*[#   1]+0.148*[#   5]+0.115*[#   2]+0.115*[#   3]+0.115*[#   4]
          +0.115*[#   6]+0.115*[#   7]+0.115*[#   8]
    |psi|^2 = 0.989
==== e(   3) =     5.14900 eV ==== 
     psi = 0.164*[#   2]+0.164*[#   3]+0.164*[#   4]+0.164*[#   6]+0.164*[#   7]
          +0.164*[#   8]
    |psi|^2 = 0.985
==== e(   4) =     5.14900 eV ==== 
     psi = 0.164*[#   2]+0.164*[#   3]+0.164*[#   4]+0.164*[#   6]+0.164*[#   7]
          +0.164*[#   8]
    |psi|^2 = 0.985
==== e(   5) =     7.87525 eV ==== 
     psi = 0.315*[#   1]+0.315*[#   5]+0.050*[#   2]+0.050*[#   3]+0.050*[#   4]
          +0.050*[#   6]+0.050*[#   7]+0.050*[#   8]
    |psi|^2 = 0.930
==== e(   6) =     9.65172 eV ==== 
     psi = 0.134*[#   2]+0.134*[#   3]+0.134*[#   4]+0.134*[#   6]+0.134*[#   7]
          +0.134*[#   8]
    |psi|^2 = 0.803
==== e(   7) =     9.65172 eV ==== 
     psi = 0.134*[#   2]+0.134*[#   3]+0.134*[#   4]+0.134*[#   6]+0.134*[#   7]
          +0.134*[#   8]
    |psi|^2 = 0.803
==== e(   8) =    13.95694 eV ==== 
     psi = 0.047*[#   1]+0.047*[#   5]+0.044*[#   2]+0.044*[#   3]+0.044*[#   4]
          +0.044*[#   6]+0.044*[#   7]+0.044*[#   8]
    |psi|^2 = 0.357

 k =  -0.7000000000 -0.7000000000  0.7000000000
==== e(   1) =    -4.73710 eV ==== 
     psi = 0.365*[#   1]+0.365*[#   5]+0.044*[#   2]+0.044*[#   3]+0.044*[#   4]
          +0.044*[#   6]+0.044*[#   7]+0.044*[#   8]
    |psi|^2 = 0.996
==== e(   2) =     1.33876 eV ==== 
     psi = 0.147*[#   1]+0.147*[#   5]+0.116*[#   2]+0.116*[#   3]+0.116*[#   4]
          +0.116*[#   6]+0.116*[#   7]+0.116*[#   8]
    |psi|^2 = 0.988
==== e(   3) =     5.27305 eV ==== 
     psi = 0.164*[#   2]+0.164*[#   3]+0.164*[#   4]+0.164*[#   6]+0.164*[#   7]
          +0.164*[#   8]
    |psi|^2 = 0.983
==== e(   4) =     5.27305 eV ==== 
     psi = 0.164*[#   2]+0.164*[#   3]+0.164*[#   4]+0.164*[#   6]+0.164*[#   7]
          +0.164*[#   8]
    |psi|^2 = 0.983
==== e(   5) =     8.01511 eV ==== 
     psi = 0.293*[#   1]+0.293*[#   5]+0.058*[#   2]+0.058*[#   3]+0.058*[#   4]
          +0.058*[#   6]+0.058*[#   7]+0.058*[#   8]
    |psi|^2 = 0.937
==== e(   6) =     9.70617 eV ==== 
     psi = 0.140*[#   2]+0.140*[#   3]+0.140*[#   4]+0.140*[#   6]+0.140*[#   7]
          +0.140*[#   8]
    |psi|^2 = 0.839
==== e(   7) =     9.70617 eV ==== 
     psi = 0.140*[#   2]+0.140*[#   3]+0.140*[#   4]+0.140*[#   6]+0.140*[#   7]
          +0.140*[#   8]
    |psi|^2 = 0.839
==== e(   8) =    13.77357 eV ==== 
     psi = 0.119*[#   1]+0.119*[#   5]+0.078*[#   2]+0.078*[#   3]+0.078*[#   4]
          +0.078*[#   6]+0.078*[#   7]+0.078*[#   8]
    |psi|^2 = 0.704

 k =  -0.7500000000 -0.7500000000  0.7500000000
==== e(   1) =    -5.07635 eV ==== 
     psi = 0.381*[#   1]+0.381*[#   5]+0.039*[#   2]+0.039*[#   3]+0.039*[#   4]
          +0.039*[#   6]+0.039*[#   7]+0.039*[#   8]
    |psi|^2 = 0.996
==== e(   2) =     2.22001 eV ==== 
     psi = 0.139*[#   1]+0.139*[#   5]+0.118*[#   2]+0.118*[#   3]+0.118*[#   4]
          +0.118*[#   6]+0.118*[#   7]+0.118*[#   8]
    |psi|^2 = 0.987
==== e(   3) =     5.42906 eV ==== 
     psi = 0.163*[#   2]+0.163*[#   3]+0.163*[#   4]+0.163*[#   6]+0.163*[#   7]
          +0.163*[#   8]
    |psi|^2 = 0.981
==== e(   4) =     5.42906 eV ==== 
     psi = 0.163*[#   2]+0.163*[#   3]+0.163*[#   4]+0.163*[#   6]+0.163*[#   7]
          +0.163*[#   8]
    |psi|^2 = 0.981
==== e(   5) =     8.18778 eV ==== 
     psi = 0.265*[#   1]+0.265*[#   5]+0.069*[#   2]+0.069*[#   3]+0.069*[#   4]
          +0.069*[#   6]+0.069*[#   7]+0.069*[#   8]
    |psi|^2 = 0.943
==== e(   6) =     9.68515 eV ==== 
     psi = 0.148*[#   2]+0.148*[#   3]+0.148*[#   4]+0.148*[#   6]+0.148*[#   7]
          +0.148*[#   8]
    |psi|^2 = 0.886
==== e(   7) =     9.68515 eV ==== 
     psi = 0.148*[#   2]+0.148*[#   3]+0.148*[#   4]+0.148*[#   6]+0.148*[#   7]
          +0.148*[#   8]
    |psi|^2 = 0.886
==== e(   8) =    13.10520 eV ==== 
     psi = 0.179*[#   1]+0.179*[#   5]+0.087*[#   2]+0.087*[#   3]+0.087*[#   4]
          +0.087*[#   6]+0.087*[#   7]+0.087*[#   8]
    |psi|^2 = 0.879

 k =  -0.8000000000 -0.8000000000  0.8000000000
==== e(   1) =    -5.36320 eV ==== 
     psi = 0.404*[#   1]+0.404*[#   5]+0.031*[#   2]+0.031*[#   3]+0.031*[#   4]
          +0.031*[#   6]+0.031*[#   7]+0.031*[#   8]
    |psi|^2 = 0.996
==== e(   2) =     3.15131 eV ==== 
     psi = 0.124*[#   1]+0.124*[#   5]+0.123*[#   2]+0.123*[#   3]+0.123*[#   4]
          +0.123*[#   6]+0.123*[#   7]+0.123*[#   8]
    |psi|^2 = 0.984
==== e(   3) =     5.61133 eV ==== 
     psi = 0.163*[#   2]+0.163*[#   3]+0.163*[#   4]+0.163*[#   6]+0.163*[#   7]
          +0.163*[#   8]
    |psi|^2 = 0.977
==== e(   4) =     5.61133 eV ==== 
     psi = 0.163*[#   2]+0.163*[#   3]+0.163*[#   4]+0.163*[#   6]+0.163*[#   7]
          +0.163*[#   8]
    |psi|^2 = 0.977
==== e(   5) =     8.38482 eV ==== 
     psi = 0.230*[#   1]+0.230*[#   5]+0.082*[#   2]+0.082*[#   3]+0.082*[#   4]
          +0.082*[#   6]+0.082*[#   7]+0.082*[#   8]
    |psi|^2 = 0.950
==== e(   6) =     9.54681 eV ==== 
     psi = 0.154*[#   2]+0.154*[#   3]+0.154*[#   4]+0.154*[#   6]+0.154*[#   7]
          +0.154*[#   8]
    |psi|^2 = 0.926
==== e(   7) =     9.54681 eV ==== 
     psi = 0.154*[#   2]+0.154*[#   3]+0.154*[#   4]+0.154*[#   6]+0.154*[#   7]
          +0.154*[#   8]
    |psi|^2 = 0.926
==== e(   8) =    12.25667 eV ==== 
     psi = 0.219*[#   1]+0.219*[#   5]+0.082*[#   2]+0.082*[#   3]+0.082*[#   4]
          +0.082*[#   6]+0.082*[#   7]+0.082*[#   8]
    |psi|^2 = 0.928

 k =  -0.8500000000 -0.8500000000  0.8500000000
==== e(   1) =    -5.59127 eV ==== 
     psi = 0.434*[#   1]+0.434*[#   5]+0.021*[#   2]+0.021*[#   3]+0.021*[#   4]
          +0.021*[#   6]+0.021*[#   7]+0.021*[#   8]
    |psi|^2 = 0.996
==== e(   2) =     4.10585 eV ==== 
     psi = 0.130*[#   2]+0.130*[#   3]+0.130*[#   4]+0.130*[#   6]+0.130*[#   7]
          +0.130*[#   8]+0.102*[#   1]+0.102*[#   5]
    |psi|^2 = 0.980
==== e(   3) =     5.80792 eV ==== 
     psi = 0.162*[#   2]+0.162*[#   3]+0.162*[#   4]+0.162*[#   6]+0.162*[#   7]
          +0.162*[#   8]
    |psi|^2 = 0.973
==== e(   4) =     5.80792 eV ==== 
     psi = 0.162*[#   2]+0.162*[#   3]+0.162*[#   4]+0.162*[#   6]+0.162*[#   7]
          +0.162*[#   8]
    |psi|^2 = 0.973
==== e(   5) =     8.58380 eV ==== 
     psi = 0.185*[#   1]+0.185*[#   5]+0.097*[#   2]+0.097*[#   3]+0.097*[#   4]
          +0.097*[#   6]+0.097*[#   7]+0.097*[#   8]
    |psi|^2 = 0.955
==== e(   6) =     9.30579 eV ==== 
     psi = 0.158*[#   2]+0.158*[#   3]+0.158*[#   4]+0.158*[#   6]+0.158*[#   7]
          +0.158*[#   8]
    |psi|^2 = 0.948
==== e(   7) =     9.30579 eV ==== 
     psi = 0.158*[#   2]+0.158*[#   3]+0.158*[#   4]+0.158*[#   6]+0.158*[#   7]
          +0.158*[#   8]
    |psi|^2 = 0.948
==== e(   8) =    11.36824 eV ==== 
     psi = 0.264*[#   1]+0.264*[#   5]+0.071*[#   2]+0.071*[#   3]+0.071*[#   4]
          +0.071*[#   6]+0.071*[#   7]+0.071*[#   8]
    |psi|^2 = 0.955

 k =  -0.9000000000 -0.9000000000  0.9000000000
==== e(   1) =    -5.75610 eV ==== 
     psi = 0.465*[#   1]+0.465*[#   5]+0.011*[#   2]+0.011*[#   3]+0.011*[#   4]
          +0.011*[#   6]+0.011*[#   7]+0.011*[#   8]
    |psi|^2 = 0.996
==== e(   2) =     5.03883 eV ==== 
     psi = 0.139*[#   2]+0.139*[#   3]+0.139*[#   4]+0.139*[#   6]+0.139*[#   7]
          +0.139*[#   8]+0.070*[#   1]+0.070*[#   5]
    |psi|^2 = 0.975
==== e(   3) =     5.99766 eV ==== 
     psi = 0.161*[#   2]+0.161*[#   3]+0.161*[#   4]+0.161*[#   6]+0.161*[#   7]
          +0.161*[#   8]
    |psi|^2 = 0.968
==== e(   4) =     5.99766 eV ==== 
     psi = 0.161*[#   2]+0.161*[#   3]+0.161*[#   4]+0.161*[#   6]+0.161*[#   7]
          +0.161*[#   8]
    |psi|^2 = 0.968
==== e(   5) =     8.74857 eV ==== 
     psi = 0.122*[#   1]+0.122*[#   5]+0.119*[#   2]+0.119*[#   3]+0.119*[#   4]
          +0.119*[#   6]+0.119*[#   7]+0.119*[#   8]
    |psi|^2 = 0.959
==== e(   6) =     9.03462 eV ==== 
     psi = 0.160*[#   2]+0.160*[#   3]+0.160*[#   4]+0.160*[#   6]+0.160*[#   7]
          +0.160*[#   8]
    |psi|^2 = 0.958
==== e(   7) =     9.03462 eV ==== 
     psi = 0.160*[#   2]+0.160*[#   3]+0.160*[#   4]+0.160*[#   6]+0.160*[#   7]
          +0.160*[#   8]
    |psi|^2 = 0.958
==== e(   8) =    10.51055 eV ==== 
     psi = 0.332*[#   1]+0.332*[#   5]+0.051*[#   2]+0.051*[#   3]+0.051*[#   4]
          +0.051*[#   6]+0.051*[#   7]+0.051*[#   8]
    |psi|^2 = 0.972

 k =  -0.9500000000 -0.9500000000  0.9500000000
==== e(   1) =    -5.85601 eV ==== 
     psi = 0.489*[#   1]+0.489*[#   5]+0.003*[#   2]+0.003*[#   3]+0.003*[#   4]
          +0.003*[#   6]+0.003*[#   7]+0.003*[#   8]
    |psi|^2 = 0.997
==== e(   2) =     5.83734 eV ==== 
     psi = 0.152*[#   2]+0.152*[#   3]+0.152*[#   4]+0.152*[#   6]+0.152*[#   7]
          +0.152*[#   8]+0.029*[#   1]+0.029*[#   5]
    |psi|^2 = 0.967
==== e(   3) =     6.14385 eV ==== 
     psi = 0.161*[#   2]+0.161*[#   3]+0.161*[#   4]+0.161*[#   6]+0.161*[#   7]
          +0.161*[#   8]
    |psi|^2 = 0.963
==== e(   4) =     6.14385 eV ==== 
     psi = 0.161*[#   2]+0.161*[#   3]+0.161*[#   4]+0.161*[#   6]+0.161*[#   7]
          +0.161*[#   8]
    |psi|^2 = 0.963
==== e(   5) =     8.79753 eV ==== 
     psi = 0.150*[#   2]+0.150*[#   3]+0.150*[#   4]+0.150*[#   6]+0.150*[#   7]
          +0.150*[#   8]+0.032*[#   1]+0.032*[#   5]
    |psi|^2 = 0.962
==== e(   6) =     8.81954 eV ==== 
     psi = 0.161*[#   2]+0.161*[#   3]+0.161*[#   4]+0.161*[#   6]+0.161*[#   7]
          +0.161*[#   8]
    |psi|^2 = 0.964
==== e(   7) =     8.81954 eV ==== 
     psi = 0.161*[#   2]+0.161*[#   3]+0.161*[#   4]+0.161*[#   6]+0.161*[#   7]
          +0.161*[#   8]
    |psi|^2 = 0.964
==== e(   8) =     9.83360 eV ==== 
     psi = 0.441*[#   1]+0.441*[#   5]+0.017*[#   2]+0.017*[#   3]+0.017*[#   4]
          +0.017*[#   6]+0.017*[#   7]+0.017*[#   8]
    |psi|^2 = 0.983

 k =  -1.0000000000 -1.0000000000  1.0000000000
==== e(   1) =    -5.88935 eV ==== 
     psi = 0.498*[#   1]+0.498*[#   5]
    |psi|^2 = 0.997
==== e(   2) =     6.20042 eV ==== 
     psi = 0.160*[#   2]+0.160*[#   3]+0.160*[#   4]+0.160*[#   6]+0.160*[#   7]
          +0.160*[#   8]
    |psi|^2 = 0.961
==== e(   3) =     6.20042 eV ==== 
     psi = 0.160*[#   2]+0.160*[#   3]+0.160*[#   4]+0.160*[#   6]+0.160*[#   7]
          +0.160*[#   8]
    |psi|^2 = 0.961
==== e(   4) =     6.20042 eV ==== 
     psi = 0.160*[#   2]+0.160*[#   3]+0.160*[#   4]+0.160*[#   6]+0.160*[#   7]
          +0.160*[#   8]
    |psi|^2 = 0.961
==== e(   5) =     8.73666 eV ==== 
     psi = 0.161*[#   2]+0.161*[#   3]+0.161*[#   4]+0.161*[#   6]+0.161*[#   7]
          +0.161*[#   8]
    |psi|^2 = 0.966
==== e(   6) =     8.73666 eV ==== 
     psi = 0.161*[#   2]+0.161*[#   3]+0.161*[#   4]+0.161*[#   6]+0.161*[#   7]
          +0.161*[#   8]
    |psi|^2 = 0.966
==== e(   7) =     8.73666 eV ==== 
     psi = 0.161*[#   2]+0.161*[#   3]+0.161*[#   4]+0.161*[#   6]+0.161*[#   7]
          +0.161*[#   8]
    |psi|^2 = 0.966
==== e(   8) =     9.59273 eV ==== 
     psi = 0.493*[#   1]+0.493*[#   5]
    |psi|^2 = 0.986

Lowdin Charges: 

     Atom #   1: total charge =   3.9338, s =  1.0295, 
     Atom #   1: total charge =   3.9338, p =  2.9044, pz=  0.9681, px=  0.9681, py=  0.9681, 
     Atom #   2: total charge =   3.9338, s =  1.0295, 
     Atom #   2: total charge =   3.9338, p =  2.9044, pz=  0.9681, px=  0.9681, py=  0.9681, 
     Spilling Parameter:   0.0165
 
     PROJWFC      :      0.22s CPU      0.31s WALL

 
   This run was terminated on:  23:26:45  17Oct2025            

=------------------------------------------------------------------------------=
   JOB DONE.
=------------------------------------------------------------------------------=
TACC:  Shutdown complete. Exiting. 
