TACC:  Starting up job 2475503 
TACC:  Starting parallel tasks... 

     Program DOS v.7.3 starts on 17Oct2025 at 23:26:44 

     This program is part of the open-source Quantum ESPRESSO suite
     for quantum simulation of materials; please cite
         "P. Giannozzi et al., J. Phys.:Condens. Matter 21 395502 (2009);
         "P. Giannozzi et al., J. Phys.:Condens. Matter 29 465901 (2017);
         "P. Giannozzi et al., J. Chem. Phys. 152 154105 (2020);
          URL http://www.quantum-espresso.org", 
     in publications or presentations arising from this work. More details at
     http://www.quantum-espresso.org/quote

     Parallel version (MPI & OpenMP), running on       4 processor cores
     Number of MPI processes:                 4
     Threads/MPI process:                     1

     MPI processes distributed on     1 nodes
     R & G space division:  proc/nbgrp/npool/nimage =       4
     186258 MiB available memory on the printing compute node when the environment starts
 

     Reading xml data from directory:

     ./Si_bands.save/

     IMPORTANT: XC functional enforced from input :
     Exchange-correlation= PZ
                           (   1   1   0   0   0   0   0)
     Any further DFT definition will be discarded
     Please, verify this is what you really want

 
     Parallelization info
     --------------------
     sticks:   dense  smooth     PW     G-vecs:    dense   smooth      PW
     Min         267      70     27                 5821      784     186
     Max         268      71     28                 5825      787     189
     Sum        1069     283    109                23289     3143     749
 
     Using Slab Decomposition
 

     Gaussian broadening (default values): ngauss,degauss=   0    0.007350

 
     DOS          :      0.17s CPU      0.21s WALL

 
   This run was terminated on:  23:26:44  17Oct2025            

=------------------------------------------------------------------------------=
   JOB DONE.
=------------------------------------------------------------------------------=
TACC:  Shutdown complete. Exiting. 
