TACC:  Starting up job 2475479 
TACC:  Starting parallel tasks... 

     Program BANDS v.7.3 starts on 17Oct2025 at 23:15:20 

     This program is part of the open-source Quantum ESPRESSO suite
     for quantum simulation of materials; please cite
         "P. Giannozzi et al., J. Phys.:Condens. Matter 21 395502 (2009);
         "P. Giannozzi et al., J. Phys.:Condens. Matter 29 465901 (2017);
         "P. Giannozzi et al., J. Chem. Phys. 152 154105 (2020);
          URL http://www.quantum-espresso.org", 
     in publications or presentations arising from this work. More details at
     http://www.quantum-espresso.org/quote

     Parallel version (MPI & OpenMP), running on      10 processor cores
     Number of MPI processes:                10
     Threads/MPI process:                     1

     MPI processes distributed on     1 nodes
     R & G space division:  proc/nbgrp/npool/nimage =      10
     185689 MiB available memory on the printing compute node when the environment starts
 

     Reading xml data from directory:

     ./Si_bands.save/

     IMPORTANT: XC functional enforced from input :
     Exchange-correlation= PZ
                           (   1   1   0   0   0   0   0)
     Any further DFT definition will be discarded
     Please, verify this is what you really want

 
     Parallelization info
     --------------------
     sticks:   dense  smooth     PW     G-vecs:    dense   smooth      PW
     Min         106      28     10                 2326      313      73
     Max         107      29     11                 2330      316      76
     Sum        1069     283    109                23289     3143     749
 
     Using Slab Decomposition
 
     Reading collected, re-writing distributed wavefunctions
     high-symmetry point: -0.5000 0.5000 0.5000   x coordinate   0.0000
     high-symmetry point:  0.0000 0.0000 0.0000   x coordinate   0.8660
     high-symmetry point: -1.0000-1.0000 1.0000   x coordinate   2.5981

     Plottable bands (eV) written to file Si.bandsplot.gnu
     Bands written to file Si.bandsplot

 **************************************************************************

                    xk=(  -0.50000,   0.50000,   0.50000  )

     zone border point and non-symmorphic group 
     symmetry decomposition not available

 **************************************************************************

 **************************************************************************

                    xk=(  -0.47500,   0.47500,   0.47500  )

     point group C_3v (3m)  
     there are  3 classes
     the character table:

       E     2C3   3s_v 
A_1    1.00  1.00  1.00
A_2    1.00  1.00 -1.00
E      2.00 -1.00  0.00

     the symmetry operations in each class and the name of the first element:

     E        1
                                                                 
     2C3      2    3
                                                                 
     3s_v     4    5    6
                                                                 

     Band symmetry, C_3v (3m)   point group:

     e(  1 -  1) =     -3.54293  eV     1   --> A_1  L_1       
     e(  2 -  2) =     -0.82746  eV     1   --> A_1  L_1       
     e(  3 -  4) =      4.99208  eV     2   --> E    L_3       
     e(  5 -  5) =      7.69634  eV     1   --> A_1  L_1       
     e(  6 -  7) =      9.50083  eV     2   --> E    L_3       
     e(  8 -  8) =     13.75624  eV     1   --> A_1  L_1       

 **************************************************************************

 **************************************************************************

                    xk=(  -0.45000,   0.45000,   0.45000  )

     Band symmetry, C_3v (3m)   point group:

     e(  1 -  1) =     -3.64550  eV     1   --> A_1  L_1       
     e(  2 -  2) =     -0.67800  eV     1   --> A_1  L_1       
     e(  3 -  4) =      5.00557  eV     2   --> E    L_3       
     e(  5 -  5) =      7.71195  eV     1   --> A_1  L_1       
     e(  6 -  7) =      9.51697  eV     2   --> E    L_3       
     e(  8 -  8) =     13.78146  eV     1   --> A_1  L_1       

 **************************************************************************

 **************************************************************************

                    xk=(  -0.42500,   0.42500,   0.42500  )

     Band symmetry, C_3v (3m)   point group:

     e(  1 -  1) =     -3.79513  eV     1   --> A_1  L_1       
     e(  2 -  2) =     -0.45033  eV     1   --> A_1  L_1       
     e(  3 -  4) =      5.02804  eV     2   --> E    L_3       
     e(  5 -  5) =      7.73789  eV     1   --> A_1  L_1       
     e(  6 -  7) =      9.54261  eV     2   --> E    L_3       
     e(  8 -  8) =     13.82137  eV     1   --> A_1  L_1       

 **************************************************************************

 **************************************************************************

                    xk=(  -0.40000,   0.40000,   0.40000  )

     Band symmetry, C_3v (3m)   point group:

     e(  1 -  1) =     -3.97297  eV     1   --> A_1  L_1       
     e(  2 -  2) =     -0.16375  eV     1   --> A_1  L_1       
     e(  3 -  4) =      5.05944  eV     2   --> E    L_3       
     e(  5 -  5) =      7.77230  eV     1   --> A_1  L_1       
     e(  6 -  7) =      9.57571  eV     2   --> E    L_3       
     e(  8 -  8) =     13.87149  eV     1   --> A_1  L_1       

 **************************************************************************

 **************************************************************************

                    xk=(  -0.37500,   0.37500,   0.37500  )

     Band symmetry, C_3v (3m)   point group:

     e(  1 -  1) =     -4.16433  eV     1   --> A_1  L_1       
     e(  2 -  2) =      0.16727  eV     1   --> A_1  L_1       
     e(  3 -  4) =      5.09979  eV     2   --> E    L_3       
     e(  5 -  5) =      7.81847  eV     1   --> A_1  L_1       
     e(  6 -  7) =      9.61340  eV     2   --> E    L_3       
     e(  8 -  8) =     13.92339  eV     1   --> A_1  L_1       

 **************************************************************************

 **************************************************************************

                    xk=(  -0.35000,   0.35000,   0.35000  )

     Band symmetry, C_3v (3m)   point group:

     e(  1 -  1) =     -4.35934  eV     1   --> A_1  L_1       
     e(  2 -  2) =      0.53241  eV     1   --> A_1  L_1       
     e(  3 -  4) =      5.14904  eV     2   --> E    L_3       
     e(  5 -  5) =      7.87527  eV     1   --> A_1  L_1       
     e(  6 -  7) =      9.65173  eV     2   --> E    L_3       
     e(  8 -  8) =     13.95695  eV     1   --> A_1  L_1       

 **************************************************************************

 **************************************************************************

                    xk=(  -0.32500,   0.32500,   0.32500  )

     Band symmetry, C_3v (3m)   point group:

     e(  1 -  1) =     -4.55170  eV     1   --> A_1  L_1       
     e(  2 -  2) =      0.92452  eV     1   --> A_1  L_1       
     e(  3 -  4) =      5.20685  eV     2   --> E    L_3       
     e(  5 -  5) =      7.94071  eV     1   --> A_1  L_1       
     e(  6 -  7) =      9.68479  eV     2   --> E    L_3       
     e(  8 -  8) =     13.92841  eV     1   --> A_1  L_1       

 **************************************************************************

 **************************************************************************

                    xk=(  -0.30000,   0.30000,   0.30000  )

     Band symmetry, C_3v (3m)   point group:

     e(  1 -  1) =     -4.73708  eV     1   --> A_1  L_1       
     e(  2 -  2) =      1.33879  eV     1   --> A_1  L_1       
     e(  3 -  4) =      5.27309  eV     2   --> E    L_3       
     e(  5 -  5) =      8.01513  eV     1   --> A_1  L_1       
     e(  6 -  7) =      9.70619  eV     2   --> E    L_3       
     e(  8 -  8) =     13.77359  eV     1   --> A_1  L_1       

 **************************************************************************

 **************************************************************************

                    xk=(  -0.27500,   0.27500,   0.27500  )

     Band symmetry, C_3v (3m)   point group:

     e(  1 -  1) =     -4.91254  eV     1   --> A_1  L_1       
     e(  2 -  2) =      1.77192  eV     1   --> A_1  L_1       
     e(  3 -  4) =      5.34737  eV     2   --> E    L_3       
     e(  5 -  5) =      8.09787  eV     1   --> A_1  L_1       
     e(  6 -  7) =      9.70865  eV     2   --> E    L_3       
     e(  8 -  8) =     13.48107  eV     1   --> A_1  L_1       

 **************************************************************************

 **************************************************************************

                    xk=(  -0.25000,   0.25000,   0.25000  )

     Band symmetry, C_3v (3m)   point group:

     e(  1 -  1) =     -5.07632  eV     1   --> A_1  L_1       
     e(  2 -  2) =      2.22004  eV     1   --> A_1  L_1       
     e(  3 -  4) =      5.42909  eV     2   --> E    L_3       
     e(  5 -  5) =      8.18780  eV     1   --> A_1  L_1       
     e(  6 -  7) =      9.68517  eV     2   --> E    L_3       
     e(  8 -  8) =     13.10522  eV     1   --> A_1  L_1       

 **************************************************************************

 **************************************************************************

                    xk=(  -0.22500,   0.22500,   0.22500  )

     Band symmetry, C_3v (3m)   point group:

     e(  1 -  1) =     -5.22690  eV     1   --> A_1  L_1       
     e(  2 -  2) =      2.68091  eV     1   --> A_1  L_1       
     e(  3 -  4) =      5.51746  eV     2   --> E    L_3       
     e(  5 -  5) =      8.28506  eV     1   --> A_1  L_1       
     e(  6 -  7) =      9.63129  eV     2   --> E    L_3       
     e(  8 -  8) =     12.69034  eV     1   --> A_1  L_1       

 **************************************************************************

 **************************************************************************

                    xk=(  -0.20000,   0.20000,   0.20000  )

     Band symmetry, C_3v (3m)   point group:

     e(  1 -  1) =     -5.36317  eV     1   --> A_1  L_1       
     e(  2 -  2) =      3.15134  eV     1   --> A_1  L_1       
     e(  3 -  4) =      5.61137  eV     2   --> E    L_3       
     e(  5 -  5) =      8.38485  eV     1   --> A_1  L_1       
     e(  6 -  7) =      9.54683  eV     2   --> E    L_3       
     e(  8 -  8) =     12.25670  eV     1   --> A_1  L_1       

 **************************************************************************

 **************************************************************************

                    xk=(  -0.17500,   0.17500,   0.17500  )

     Band symmetry, C_3v (3m)   point group:

     e(  1 -  1) =     -5.48488  eV     1   --> A_1  L_1       
     e(  2 -  2) =      3.62781  eV     1   --> A_1  L_1       
     e(  3 -  4) =      5.70905  eV     2   --> E    L_3       
     e(  5 -  5) =      8.48568  eV     1   --> A_1  L_1       
     e(  6 -  7) =      9.43571  eV     2   --> E    L_3       
     e(  8 -  8) =     11.81410  eV     1   --> A_1  L_1       

 **************************************************************************

 **************************************************************************

                    xk=(  -0.15000,   0.15000,   0.15000  )

     Band symmetry, C_3v (3m)   point group:

     e(  1 -  1) =     -5.59124  eV     1   --> A_1  L_1       
     e(  2 -  2) =      4.10588  eV     1   --> A_1  L_1       
     e(  3 -  4) =      5.80796  eV     2   --> E    L_3       
     e(  5 -  5) =      8.58383  eV     1   --> A_1  L_1       
     e(  6 -  7) =      9.30581  eV     2   --> E    L_3       
     e(  8 -  8) =     11.36827  eV     1   --> A_1  L_1       

 **************************************************************************

 **************************************************************************

                    xk=(  -0.12500,   0.12500,   0.12500  )

     Band symmetry, C_3v (3m)   point group:

     e(  1 -  1) =     -5.68151  eV     1   --> A_1  L_1       
     e(  2 -  2) =      4.57959  eV     1   --> A_1  L_1       
     e(  3 -  4) =      5.90573  eV     2   --> E    L_3       
     e(  5 -  5) =      8.67467  eV     1   --> A_1  L_1       
     e(  6 -  7) =      9.16869  eV     2   --> E    L_3       
     e(  8 -  8) =     10.93028  eV     1   --> A_1  L_1       

 **************************************************************************

 **************************************************************************

                    xk=(  -0.10000,   0.10000,   0.10000  )

     Band symmetry, C_3v (3m)   point group:

     e(  1 -  1) =     -5.75608  eV     1   --> A_1  L_1       
     e(  2 -  2) =      5.03886  eV     1   --> A_1  L_1       
     e(  3 -  4) =      5.99770  eV     2   --> E    L_3       
     e(  5 -  5) =      8.74859  eV     1   --> A_1  L_1       
     e(  6 -  7) =      9.03464  eV     2   --> E    L_3       
     e(  8 -  8) =     10.51058  eV     1   --> A_1  L_1       

 **************************************************************************

 **************************************************************************

                    xk=(  -0.07500,   0.07500,   0.07500  )

     Band symmetry, C_3v (3m)   point group:

     e(  1 -  1) =     -5.81439  eV     1   --> A_1  L_1       
     e(  2 -  2) =      5.46738  eV     1   --> A_1  L_1       
     e(  3 -  4) =      6.07907  eV     2   --> E    L_3       
     e(  5 -  5) =      8.79401  eV     1   --> A_1  L_1       
     e(  6 -  7) =      8.91474  eV     2   --> E    L_3       
     e(  8 -  8) =     10.13245  eV     1   --> A_1  L_1       

 **************************************************************************

 **************************************************************************

                    xk=(  -0.05000,   0.05000,   0.05000  )

     Band symmetry, C_3v (3m)   point group:

     e(  1 -  1) =     -5.85599  eV     1   --> A_1  L_1       
     e(  2 -  2) =      5.83738  eV     1   --> A_1  L_1       
     e(  3 -  4) =      6.14389  eV     2   --> E    L_3       
     e(  5 -  5) =      8.79755  eV     1   --> A_1  L_1       
     e(  6 -  7) =      8.81956  eV     2   --> E    L_3       
     e(  8 -  8) =      9.83363  eV     1   --> A_1  L_1       

 **************************************************************************

 **************************************************************************

                    xk=(  -0.02500,   0.02500,   0.02500  )

     Band symmetry, C_3v (3m)   point group:

     e(  1 -  1) =     -5.88099  eV     1   --> A_1  L_1       
     e(  2 -  2) =      6.10166  eV     1   --> A_1  L_1       
     e(  3 -  4) =      6.18583  eV     2   --> E    L_3       
     e(  5 -  6) =      8.75796  eV     2   --> E    L_3       
     e(  7 -  7) =      8.76184  eV     1   --> A_1  L_1       
     e(  8 -  8) =      9.65027  eV     1   --> A_1  L_1       

 **************************************************************************

 **************************************************************************

                    xk=(   0.00000,   0.00000,   0.00000  )

     point group O_h (m-3m) 
     there are 10 classes
     the character table:

       E     8C3   3C2   6C4   6C2'  i     8S6   3s_h  6S4   6s_d 
A_1g   1.00  1.00  1.00  1.00  1.00  1.00  1.00  1.00  1.00  1.00
A_2g   1.00  1.00  1.00 -1.00 -1.00  1.00  1.00  1.00 -1.00 -1.00
E_g    2.00 -1.00  2.00  0.00  0.00  2.00 -1.00  2.00  0.00  0.00
T_1g   3.00  0.00 -1.00  1.00 -1.00  3.00  0.00 -1.00  1.00 -1.00
T_2g   3.00  0.00 -1.00 -1.00  1.00  3.00  0.00 -1.00 -1.00  1.00
A_1u   1.00  1.00  1.00  1.00  1.00 -1.00 -1.00 -1.00 -1.00 -1.00
A_2u   1.00  1.00  1.00 -1.00 -1.00 -1.00 -1.00 -1.00  1.00  1.00
E_u    2.00 -1.00  2.00  0.00  0.00 -2.00  1.00 -2.00  0.00  0.00
T_1u   3.00  0.00 -1.00  1.00 -1.00 -3.00  0.00  1.00 -1.00  1.00
T_2u   3.00  0.00 -1.00 -1.00  1.00 -3.00  0.00  1.00  1.00 -1.00

     the symmetry operations in each class and the name of the first element:

     E        1
                                                                 
     8C3     17   19   20   18   24   21   22   23
                                                                 
     3C2      2    4    3
                                                                 
     6C4      7    8   15   16   12   11
                                                                 
     6C2'     5    6   14   13   10    9
                                                                 
     i       25
                                                                 
     8S6     41   43   44   42   48   45   46   47
                                                                 
     3s_h    26   28   27
                                                                 
     6S4     31   32   39   40   36   35
                                                                 
     6s_d    29   30   38   37   34   33
                                                                 

     Band symmetry, O_h (m-3m)  point group:

     e(  1 -  1) =     -5.88933  eV     1   --> A_1g G_1   G_1+
     e(  2 -  4) =      6.20046  eV     3   --> T_2g G_25' G_5+
     e(  5 -  7) =      8.73668  eV     3   --> T_1u G_15  G_4-
     e(  8 -  8) =      9.59276  eV     1   --> A_2u G_2'  G_2-

 **************************************************************************

 **************************************************************************

                    xk=(  -0.05000,  -0.05000,   0.05000  )

     point group C_3v (3m)  
     there are  3 classes
     the character table:

       E     2C3   3s_v 
A_1    1.00  1.00  1.00
A_2    1.00  1.00 -1.00
E      2.00 -1.00  0.00

     the symmetry operations in each class and the name of the first element:

     E        1
                                                                 
     2C3      2    3
                                                                 
     3s_v     4    5    6
                                                                 

     Band symmetry, C_3v (3m)   point group:

     e(  1 -  1) =     -5.85599  eV     1   --> A_1  L_1       
     e(  2 -  2) =      5.83738  eV     1   --> A_1  L_1       
     e(  3 -  4) =      6.14389  eV     2   --> E    L_3       
     e(  5 -  5) =      8.79755  eV     1   --> A_1  L_1       
     e(  6 -  7) =      8.81956  eV     2   --> E    L_3       
     e(  8 -  8) =      9.83363  eV     1   --> A_1  L_1       

 **************************************************************************

 **************************************************************************

                    xk=(  -0.10000,  -0.10000,   0.10000  )

     Band symmetry, C_3v (3m)   point group:

     e(  1 -  1) =     -5.75608  eV     1   --> A_1  L_1       
     e(  2 -  2) =      5.03886  eV     1   --> A_1  L_1       
     e(  3 -  4) =      5.99770  eV     2   --> E    L_3       
     e(  5 -  5) =      8.74859  eV     1   --> A_1  L_1       
     e(  6 -  7) =      9.03464  eV     2   --> E    L_3       
     e(  8 -  8) =     10.51058  eV     1   --> A_1  L_1       

 **************************************************************************

 **************************************************************************

                    xk=(  -0.15000,  -0.15000,   0.15000  )

     Band symmetry, C_3v (3m)   point group:

     e(  1 -  1) =     -5.59124  eV     1   --> A_1  L_1       
     e(  2 -  2) =      4.10588  eV     1   --> A_1  L_1       
     e(  3 -  4) =      5.80796  eV     2   --> E    L_3       
     e(  5 -  5) =      8.58383  eV     1   --> A_1  L_1       
     e(  6 -  7) =      9.30581  eV     2   --> E    L_3       
     e(  8 -  8) =     11.36827  eV     1   --> A_1  L_1       

 **************************************************************************

 **************************************************************************

                    xk=(  -0.20000,  -0.20000,   0.20000  )

     Band symmetry, C_3v (3m)   point group:

     e(  1 -  1) =     -5.36317  eV     1   --> A_1  L_1       
     e(  2 -  2) =      3.15134  eV     1   --> A_1  L_1       
     e(  3 -  4) =      5.61137  eV     2   --> E    L_3       
     e(  5 -  5) =      8.38485  eV     1   --> A_1  L_1       
     e(  6 -  7) =      9.54683  eV     2   --> E    L_3       
     e(  8 -  8) =     12.25670  eV     1   --> A_1  L_1       

 **************************************************************************

 **************************************************************************

                    xk=(  -0.25000,  -0.25000,   0.25000  )

     Band symmetry, C_3v (3m)   point group:

     e(  1 -  1) =     -5.07632  eV     1   --> A_1  L_1       
     e(  2 -  2) =      2.22004  eV     1   --> A_1  L_1       
     e(  3 -  4) =      5.42909  eV     2   --> E    L_3       
     e(  5 -  5) =      8.18780  eV     1   --> A_1  L_1       
     e(  6 -  7) =      9.68517  eV     2   --> E    L_3       
     e(  8 -  8) =     13.10522  eV     1   --> A_1  L_1       

 **************************************************************************

 **************************************************************************

                    xk=(  -0.30000,  -0.30000,   0.30000  )

     Band symmetry, C_3v (3m)   point group:

     e(  1 -  1) =     -4.73708  eV     1   --> A_1  L_1       
     e(  2 -  2) =      1.33879  eV     1   --> A_1  L_1       
     e(  3 -  4) =      5.27309  eV     2   --> E    L_3       
     e(  5 -  5) =      8.01513  eV     1   --> A_1  L_1       
     e(  6 -  7) =      9.70619  eV     2   --> E    L_3       
     e(  8 -  8) =     13.77359  eV     1   --> A_1  L_1       

 **************************************************************************

 **************************************************************************

                    xk=(  -0.35000,  -0.35000,   0.35000  )

     Band symmetry, C_3v (3m)   point group:

     e(  1 -  1) =     -4.35934  eV     1   --> A_1  L_1       
     e(  2 -  2) =      0.53241  eV     1   --> A_1  L_1       
     e(  3 -  4) =      5.14904  eV     2   --> E    L_3       
     e(  5 -  5) =      7.87527  eV     1   --> A_1  L_1       
     e(  6 -  7) =      9.65173  eV     2   --> E    L_3       
     e(  8 -  8) =     13.95695  eV     1   --> A_1  L_1       

 **************************************************************************

 **************************************************************************

                    xk=(  -0.40000,  -0.40000,   0.40000  )

     Band symmetry, C_3v (3m)   point group:

     e(  1 -  1) =     -3.97297  eV     1   --> A_1  L_1       
     e(  2 -  2) =     -0.16375  eV     1   --> A_1  L_1       
     e(  3 -  4) =      5.05944  eV     2   --> E    L_3       
     e(  5 -  5) =      7.77230  eV     1   --> A_1  L_1       
     e(  6 -  7) =      9.57571  eV     2   --> E    L_3       
     e(  8 -  8) =     13.87149  eV     1   --> A_1  L_1       

 **************************************************************************

 **************************************************************************

                    xk=(  -0.45000,  -0.45000,   0.45000  )

     Band symmetry, C_3v (3m)   point group:

     e(  1 -  1) =     -3.64550  eV     1   --> A_1  L_1       
     e(  2 -  2) =     -0.67800  eV     1   --> A_1  L_1       
     e(  3 -  4) =      5.00557  eV     2   --> E    L_3       
     e(  5 -  5) =      7.71195  eV     1   --> A_1  L_1       
     e(  6 -  7) =      9.51697  eV     2   --> E    L_3       
     e(  8 -  8) =     13.78146  eV     1   --> A_1  L_1       

 **************************************************************************

 **************************************************************************

                    xk=(  -0.50000,  -0.50000,   0.50000  )

     zone border point and non-symmorphic group 
     symmetry decomposition not available

 **************************************************************************

 **************************************************************************

                    xk=(  -0.55000,  -0.55000,   0.55000  )

     point group C_3v (3m)  
     there are  3 classes
     the character table:

       E     2C3   3s_v 
A_1    1.00  1.00  1.00
A_2    1.00  1.00 -1.00
E      2.00 -1.00  0.00

     the symmetry operations in each class and the name of the first element:

     E        1
                                                                 
     2C3      2    3
                                                                 
     3s_v     4    5    6
                                                                 

     Band symmetry, C_3v (3m)   point group:

     e(  1 -  1) =     -3.64550  eV     1   --> A_1  L_1       
     e(  2 -  2) =     -0.67800  eV     1   --> A_1  L_1       
     e(  3 -  4) =      5.00557  eV     2   --> E    L_3       
     e(  5 -  5) =      7.71195  eV     1   --> A_1  L_1       
     e(  6 -  7) =      9.51697  eV     2   --> E    L_3       
     e(  8 -  8) =     13.78146  eV     1   --> A_1  L_1       

 **************************************************************************

 **************************************************************************

                    xk=(  -0.60000,  -0.60000,   0.60000  )

     Band symmetry, C_3v (3m)   point group:

     e(  1 -  1) =     -3.97297  eV     1   --> A_1  L_1       
     e(  2 -  2) =     -0.16375  eV     1   --> A_1  L_1       
     e(  3 -  4) =      5.05944  eV     2   --> E    L_3       
     e(  5 -  5) =      7.77230  eV     1   --> A_1  L_1       
     e(  6 -  7) =      9.57571  eV     2   --> E    L_3       
     e(  8 -  8) =     13.87149  eV     1   --> A_1  L_1       

 **************************************************************************

 **************************************************************************

                    xk=(  -0.65000,  -0.65000,   0.65000  )

     Band symmetry, C_3v (3m)   point group:

     e(  1 -  1) =     -4.35934  eV     1   --> A_1  L_1       
     e(  2 -  2) =      0.53241  eV     1   --> A_1  L_1       
     e(  3 -  4) =      5.14904  eV     2   --> E    L_3       
     e(  5 -  5) =      7.87527  eV     1   --> A_1  L_1       
     e(  6 -  7) =      9.65173  eV     2   --> E    L_3       
     e(  8 -  8) =     13.95695  eV     1   --> A_1  L_1       

 **************************************************************************

 **************************************************************************

                    xk=(  -0.70000,  -0.70000,   0.70000  )

     Band symmetry, C_3v (3m)   point group:

     e(  1 -  1) =     -4.73708  eV     1   --> A_1  L_1       
     e(  2 -  2) =      1.33879  eV     1   --> A_1  L_1       
     e(  3 -  4) =      5.27309  eV     2   --> E    L_3       
     e(  5 -  5) =      8.01513  eV     1   --> A_1  L_1       
     e(  6 -  7) =      9.70619  eV     2   --> E    L_3       
     e(  8 -  8) =     13.77359  eV     1   --> A_1  L_1       

 **************************************************************************

 **************************************************************************

                    xk=(  -0.75000,  -0.75000,   0.75000  )

     Band symmetry, C_3v (3m)   point group:

     e(  1 -  1) =     -5.07632  eV     1   --> A_1  L_1       
     e(  2 -  2) =      2.22004  eV     1   --> A_1  L_1       
     e(  3 -  4) =      5.42909  eV     2   --> E    L_3       
     e(  5 -  5) =      8.18780  eV     1   --> A_1  L_1       
     e(  6 -  7) =      9.68517  eV     2   --> E    L_3       
     e(  8 -  8) =     13.10522  eV     1   --> A_1  L_1       

 **************************************************************************

 **************************************************************************

                    xk=(  -0.80000,  -0.80000,   0.80000  )

     Band symmetry, C_3v (3m)   point group:

     e(  1 -  1) =     -5.36317  eV     1   --> A_1  L_1       
     e(  2 -  2) =      3.15134  eV     1   --> A_1  L_1       
     e(  3 -  4) =      5.61137  eV     2   --> E    L_3       
     e(  5 -  5) =      8.38485  eV     1   --> A_1  L_1       
     e(  6 -  7) =      9.54683  eV     2   --> E    L_3       
     e(  8 -  8) =     12.25670  eV     1   --> A_1  L_1       

 **************************************************************************

 **************************************************************************

                    xk=(  -0.85000,  -0.85000,   0.85000  )

     Band symmetry, C_3v (3m)   point group:

     e(  1 -  1) =     -5.59124  eV     1   --> A_1  L_1       
     e(  2 -  2) =      4.10588  eV     1   --> A_1  L_1       
     e(  3 -  4) =      5.80796  eV     2   --> E    L_3       
     e(  5 -  5) =      8.58383  eV     1   --> A_1  L_1       
     e(  6 -  7) =      9.30581  eV     2   --> E    L_3       
     e(  8 -  8) =     11.36827  eV     1   --> A_1  L_1       

 **************************************************************************

 **************************************************************************

                    xk=(  -0.90000,  -0.90000,   0.90000  )

     Band symmetry, C_3v (3m)   point group:

     e(  1 -  1) =     -5.75608  eV     1   --> A_1  L_1       
     e(  2 -  2) =      5.03886  eV     1   --> A_1  L_1       
     e(  3 -  4) =      5.99770  eV     2   --> E    L_3       
     e(  5 -  5) =      8.74859  eV     1   --> A_1  L_1       
     e(  6 -  7) =      9.03464  eV     2   --> E    L_3       
     e(  8 -  8) =     10.51058  eV     1   --> A_1  L_1       

 **************************************************************************

 **************************************************************************

                    xk=(  -0.95000,  -0.95000,   0.95000  )

     Band symmetry, C_3v (3m)   point group:

     e(  1 -  1) =     -5.85599  eV     1   --> A_1  L_1       
     e(  2 -  2) =      5.83738  eV     1   --> A_1  L_1       
     e(  3 -  4) =      6.14389  eV     2   --> E    L_3       
     e(  5 -  5) =      8.79755  eV     1   --> A_1  L_1       
     e(  6 -  7) =      8.81956  eV     2   --> E    L_3       
     e(  8 -  8) =      9.83363  eV     1   --> A_1  L_1       

 **************************************************************************

 **************************************************************************

                    xk=(  -1.00000,  -1.00000,   1.00000  )

     zone border point and non-symmorphic group 
     symmetry decomposition not available

 **************************************************************************
 
     BANDS        :      0.66s CPU      0.80s WALL

 
   This run was terminated on:  23:15:21  17Oct2025            

=------------------------------------------------------------------------------=
   JOB DONE.
=------------------------------------------------------------------------------=
TACC:  Shutdown complete. Exiting. 
