mkdir: cannot create directory ‘/work2/11018/zhc/stampede3/Diamond’: File exists
+ PREFIX=diamond
+ PSEUDO_DIR=/scratch/11018/zhc/Assisgnment2/Q2/Diamond/Diamond/
+ INFILE=diamond.in
+ OUTFILE=diamond.out
+ cat
+ module purge
+ '[' -z '' ']'
+ case "$-" in
+ __lmod_sh_dbg=x
+ '[' -n x ']'
+ set +x
+ unset __lmod_sh_dbg
+ return 0
+ module load intel/24.0 impi/21.11
+ '[' -z '' ']'
+ case "$-" in
+ __lmod_sh_dbg=x
+ '[' -n x ']'
+ set +x
+ unset __lmod_sh_dbg
+ return 0
+ module load qe/7.3
+ '[' -z '' ']'
+ case "$-" in
+ __lmod_sh_dbg=x
+ '[' -n x ']'
+ set +x
+ unset __lmod_sh_dbg
+ return 0
+ module list
+ '[' -z '' ']'
+ case "$-" in
+ __lmod_sh_dbg=x
+ '[' -n x ']'
+ set +x

Currently Loaded Modules:
  1) intel/24.0   2) impi/21.11   3) qe/7.3

 

+ unset __lmod_sh_dbg
+ return 0
+ ibrun pw.x
+ rm '*.igk' '*.wfc*'
rm: cannot remove '*.igk': No such file or directory
rm: cannot remove '*.wfc*': No such file or directory
+ rm -r diamond.save
+ mv /scratch/11018/zhc/current_job /scratch/11018/zhc/Diamond_vcnew
+ cd /scratch/11018/zhc/Assisgnment2/Q2/Diamond/vc_relax
+ mv slurm-2477115.err slurm-2477115.out /scratch/11018/zhc/Diamond_vcnew
+ echo 'Copying results to /work2/11018/zhc/stampede3/Diamond to save after job is done'
+ cp -rp /scratch/11018/zhc/Diamond_vcnew /work2/11018/zhc/stampede3/Diamond
++ date
++ hostname
+ echo 'End: Sat Oct 18 08:36:53 PM CDT 2025 on c454-104.stampede3.tacc.utexas.edu'
